Component: Arm Compiler for Embedded 6.23 Tool: armlink [5f102400]

==============================================================================

Section Cross References

    startup_stm32f103xb.o(STACK) refers (Special) to heapauxi.o(.text) for __use_two_region_memory
    startup_stm32f103xb.o(HEAP) refers (Special) to heapauxi.o(.text) for __use_two_region_memory
    startup_stm32f103xb.o(RESET) refers (Special) to heapauxi.o(.text) for __use_two_region_memory
    startup_stm32f103xb.o(RESET) refers to startup_stm32f103xb.o(STACK) for __initial_sp
    startup_stm32f103xb.o(RESET) refers to startup_stm32f103xb.o(.text) for Reset_Handler
    startup_stm32f103xb.o(RESET) refers to stm32f1xx_it.o(.text.NMI_Handler) for NMI_Handler
    startup_stm32f103xb.o(RESET) refers to stm32f1xx_it.o(.text.HardFault_Handler) for HardFault_Handler
    startup_stm32f103xb.o(RESET) refers to stm32f1xx_it.o(.text.MemManage_Handler) for MemManage_Handler
    startup_stm32f103xb.o(RESET) refers to stm32f1xx_it.o(.text.BusFault_Handler) for BusFault_Handler
    startup_stm32f103xb.o(RESET) refers to stm32f1xx_it.o(.text.UsageFault_Handler) for UsageFault_Handler
    startup_stm32f103xb.o(RESET) refers to port.o(.text.SVC_Handler) for SVC_Handler
    startup_stm32f103xb.o(RESET) refers to stm32f1xx_it.o(.text.DebugMon_Handler) for DebugMon_Handler
    startup_stm32f103xb.o(RESET) refers to port.o(.text.PendSV_Handler) for PendSV_Handler
    startup_stm32f103xb.o(RESET) refers to cmsis_os2.o(.text.SysTick_Handler) for SysTick_Handler
    startup_stm32f103xb.o(RESET) refers to stm32f1xx_it.o(.text.DMA1_Channel2_IRQHandler) for DMA1_Channel2_IRQHandler
    startup_stm32f103xb.o(RESET) refers to stm32f1xx_it.o(.text.DMA1_Channel3_IRQHandler) for DMA1_Channel3_IRQHandler
    startup_stm32f103xb.o(RESET) refers to stm32f1xx_it.o(.text.TIM3_IRQHandler) for TIM3_IRQHandler
    startup_stm32f103xb.o(RESET) refers to stm32f1xx_it.o(.text.USART3_IRQHandler) for USART3_IRQHandler
    startup_stm32f103xb.o(.text) refers (Special) to heapauxi.o(.text) for __use_two_region_memory
    startup_stm32f103xb.o(.text) refers to system_stm32f1xx.o(.text.SystemInit) for SystemInit
    startup_stm32f103xb.o(.text) refers to __main.o(!!!main) for __main
    startup_stm32f103xb.o(.text) refers to startup_stm32f103xb.o(HEAP) for Heap_Mem
    startup_stm32f103xb.o(.text) refers to startup_stm32f103xb.o(STACK) for Stack_Mem
    main.o(.text.main) refers to stm32f1xx_hal.o(.text.HAL_Init) for HAL_Init
    main.o(.text.main) refers to stm32f1xx_hal_rcc.o(.text.HAL_RCC_OscConfig) for HAL_RCC_OscConfig
    main.o(.text.main) refers to stm32f1xx_hal_rcc.o(.text.HAL_RCC_ClockConfig) for HAL_RCC_ClockConfig
    main.o(.text.main) refers to stm32f1xx_hal_rcc_ex.o(.text.HAL_RCCEx_PeriphCLKConfig) for HAL_RCCEx_PeriphCLKConfig
    main.o(.text.main) refers to gpio.o(.text.MX_GPIO_Init) for MX_GPIO_Init
    main.o(.text.main) refers to dma.o(.text.MX_DMA_Init) for MX_DMA_Init
    main.o(.text.main) refers to adc.o(.text.MX_ADC1_Init) for MX_ADC1_Init
    main.o(.text.main) refers to adc.o(.text.MX_ADC2_Init) for MX_ADC2_Init
    main.o(.text.main) refers to i2c.o(.text.MX_I2C1_Init) for MX_I2C1_Init
    main.o(.text.main) refers to tim.o(.text.MX_TIM1_Init) for MX_TIM1_Init
    main.o(.text.main) refers to tim.o(.text.MX_TIM4_Init) for MX_TIM4_Init
    main.o(.text.main) refers to usart.o(.text.MX_USART3_UART_Init) for MX_USART3_UART_Init
    main.o(.text.main) refers to cmsis_os2.o(.text.osKernelInitialize) for osKernelInitialize
    main.o(.text.main) refers to freertos.o(.text.MX_FREERTOS_Init) for MX_FREERTOS_Init
    main.o(.text.main) refers to cmsis_os2.o(.text.osKernelStart) for osKernelStart
    main.o(.ARM.exidx.text.main) refers to main.o(.text.main) for [Anonymous Symbol]
    main.o(.text.SystemClock_Config) refers to stm32f1xx_hal_rcc.o(.text.HAL_RCC_OscConfig) for HAL_RCC_OscConfig
    main.o(.text.SystemClock_Config) refers to stm32f1xx_hal_rcc.o(.text.HAL_RCC_ClockConfig) for HAL_RCC_ClockConfig
    main.o(.text.SystemClock_Config) refers to stm32f1xx_hal_rcc_ex.o(.text.HAL_RCCEx_PeriphCLKConfig) for HAL_RCCEx_PeriphCLKConfig
    main.o(.ARM.exidx.text.SystemClock_Config) refers to main.o(.text.SystemClock_Config) for [Anonymous Symbol]
    main.o(.ARM.exidx.text.Error_Handler) refers to main.o(.text.Error_Handler) for [Anonymous Symbol]
    main.o(.text.HAL_TIM_PeriodElapsedCallback) refers to stm32f1xx_hal.o(.text.HAL_IncTick) for HAL_IncTick
    main.o(.ARM.exidx.text.HAL_TIM_PeriodElapsedCallback) refers to main.o(.text.HAL_TIM_PeriodElapsedCallback) for [Anonymous Symbol]
    gpio.o(.text.MX_GPIO_Init) refers to stm32f1xx_hal_gpio.o(.text.HAL_GPIO_WritePin) for HAL_GPIO_WritePin
    gpio.o(.text.MX_GPIO_Init) refers to stm32f1xx_hal_gpio.o(.text.HAL_GPIO_Init) for HAL_GPIO_Init
    gpio.o(.ARM.exidx.text.MX_GPIO_Init) refers to gpio.o(.text.MX_GPIO_Init) for [Anonymous Symbol]
[...]
    EditRangeValue                           0x08000969   Thumb Code   590  inputtask.o(.text.EditRangeValue)
    EnvSafeRange_Init                        0x08000bb9   Thumb Code    66  farmstate.o(.text.EnvSafeRange_Init)
    Error_Handler                            0x08000bfd   Thumb Code    10  main.o(.text.Error_Handler)
    HAL_ADC_ConfigChannel                    0x08000c09   Thumb Code   318  stm32f1xx_hal_adc.o(.text.HAL_ADC_ConfigChannel)
    HAL_ADC_GetValue                         0x08000d49   Thumb Code     6  stm32f1xx_hal_adc.o(.text.HAL_ADC_GetValue)
    HAL_ADC_Init                             0x08000d51   Thumb Code   344  stm32f1xx_hal_adc.o(.text.HAL_ADC_Init)
    HAL_ADC_MspInit                          0x08000ea9   Thumb Code   174  adc.o(.text.HAL_ADC_MspInit)
    HAL_ADC_Start                            0x08000f59   Thumb Code   206  stm32f1xx_hal_adc.o(.text.HAL_ADC_Start)
    HAL_DMA_Abort                            0x08001029   Thumb Code    70  stm32f1xx_hal_dma.o(.text.HAL_DMA_Abort)
    HAL_DMA_Abort_IT                         0x08001071   Thumb Code   182  stm32f1xx_hal_dma.o(.text.HAL_DMA_Abort_IT)
    HAL_DMA_IRQHandler                       0x08001129   Thumb Code   416  stm32f1xx_hal_dma.o(.text.HAL_DMA_IRQHandler)
    HAL_DMA_Init                             0x080012c9   Thumb Code   132  stm32f1xx_hal_dma.o(.text.HAL_DMA_Init)
    HAL_DMA_Start_IT                         0x0800134d   Thumb Code   160  stm32f1xx_hal_dma.o(.text.HAL_DMA_Start_IT)
    HAL_Delay                                0x080013ed   Thumb Code    40  stm32f1xx_hal.o(.text.HAL_Delay)
    HAL_GPIO_Init                            0x08001415   Thumb Code   526  stm32f1xx_hal_gpio.o(.text.HAL_GPIO_Init)
    HAL_GPIO_ReadPin                         0x08001625   Thumb Code    10  stm32f1xx_hal_gpio.o(.text.HAL_GPIO_ReadPin)
    HAL_GPIO_WritePin                        0x08001631   Thumb Code    10  stm32f1xx_hal_gpio.o(.text.HAL_GPIO_WritePin)
    HAL_GetTick                              0x0800163d   Thumb Code    12  stm32f1xx_hal.o(.text.HAL_GetTick)
    HAL_I2C_Init                             0x08001649   Thumb Code   356  stm32f1xx_hal_i2c.o(.text.HAL_I2C_Init)
    HAL_I2C_Master_Receive                   0x080017ad   Thumb Code  1024  stm32f1xx_hal_i2c.o(.text.HAL_I2C_Master_Receive)
    HAL_I2C_Master_Transmit                  0x08001bad   Thumb Code   476  stm32f1xx_hal_i2c.o(.text.HAL_I2C_Master_Transmit)
    HAL_I2C_MspInit                          0x08001d89   Thumb Code   106  i2c.o(.text.HAL_I2C_MspInit)
    HAL_IncTick                              0x08001df5   Thumb Code    26  stm32f1xx_hal.o(.text.HAL_IncTick)
    HAL_Init                                 0x08001e11   Thumb Code    38  stm32f1xx_hal.o(.text.HAL_Init)
    HAL_InitTick                             0x08001e39   Thumb Code   178  stm32f1xx_hal_timebase_tim.o(.text.HAL_InitTick)
    HAL_MspInit                              0x08001eed   Thumb Code    80  stm32f1xx_hal_msp.o(.text.HAL_MspInit)
    HAL_NVIC_EnableIRQ                       0x08001f3d   Thumb Code    34  stm32f1xx_hal_cortex.o(.text.HAL_NVIC_EnableIRQ)
    HAL_NVIC_SetPriority                     0x08001f61   Thumb Code    86  stm32f1xx_hal_cortex.o(.text.HAL_NVIC_SetPriority)
    HAL_NVIC_SetPriorityGrouping             0x08001fb9   Thumb Code    32  stm32f1xx_hal_cortex.o(.text.HAL_NVIC_SetPriorityGrouping)
    HAL_RCCEx_PeriphCLKConfig                0x08001fd9   Thumb Code   258  stm32f1xx_hal_rcc_ex.o(.text.HAL_RCCEx_PeriphCLKConfig)
    HAL_RCC_ClockConfig                      0x080020dd   Thumb Code   442  stm32f1xx_hal_rcc.o(.text.HAL_RCC_ClockConfig)
    HAL_RCC_GetClockConfig                   0x08002299   Thumb Code    66  stm32f1xx_hal_rcc.o(.text.HAL_RCC_GetClockConfig)
    HAL_RCC_GetPCLK1Freq                     0x080022dd   Thumb Code    38  stm32f1xx_hal_rcc.o(.text.HAL_RCC_GetPCLK1Freq)
    HAL_RCC_GetPCLK2Freq                     0x08002305   Thumb Code    38  stm32f1xx_hal_rcc.o(.text.HAL_RCC_GetPCLK2Freq)
    HAL_RCC_OscConfig                        0x0800232d   Thumb Code  1024  stm32f1xx_hal_rcc.o(.text.HAL_RCC_OscConfig)
    HAL_TIMEx_BreakCallback                  0x0800272d   Thumb Code     2  stm32f1xx_hal_tim_ex.o(.text.HAL_TIMEx_BreakCallback)
    HAL_TIMEx_CommutCallback                 0x08002731   Thumb Code     2  stm32f1xx_hal_tim_ex.o(.text.HAL_TIMEx_CommutCallback)
    HAL_TIMEx_MasterConfigSynchronization    0x08002735   Thumb Code   126  stm32f1xx_hal_tim_ex.o(.text.HAL_TIMEx_MasterConfigSynchronization)
    HAL_TIM_Base_Init                        0x080027b5   Thumb Code   250  stm32f1xx_hal_tim.o(.text.HAL_TIM_Base_Init)
    HAL_TIM_Base_MspInit                     0x080028b1   Thumb Code    48  tim.o(.text.HAL_TIM_Base_MspInit)
    HAL_TIM_Base_Start_IT                    0x080028e1   Thumb Code   110  stm32f1xx_hal_tim.o(.text.HAL_TIM_Base_Start_IT)
    HAL_TIM_ConfigClockSource                0x08002951   Thumb Code   416  stm32f1xx_hal_tim.o(.text.HAL_TIM_ConfigClockSource)
    HAL_TIM_Encoder_Init                     0x08002af1   Thumb Code   346  stm32f1xx_hal_tim.o(.text.HAL_TIM_Encoder_Init)
    HAL_TIM_Encoder_MspInit                  0x08002c4d   Thumb Code   104  tim.o(.text.HAL_TIM_Encoder_MspInit)
    HAL_TIM_Encoder_Start                    0x08002cb5   Thumb Code   188  stm32f1xx_hal_tim.o(.text.HAL_TIM_Encoder_Start)
    HAL_TIM_IC_CaptureCallback               0x08002d71   Thumb Code     2  stm32f1xx_hal_tim.o(.text.HAL_TIM_IC_CaptureCallback)
    HAL_TIM_IRQHandler                       0x08002d75   Thumb Code   334  stm32f1xx_hal_tim.o(.text.HAL_TIM_IRQHandler)
    HAL_TIM_OC_DelayElapsedCallback          0x08002ec5   Thumb Code     2  stm32f1xx_hal_tim.o(.text.HAL_TIM_OC_DelayElapsedCallback)
    HAL_TIM_PWM_ConfigChannel                0x08002ec9   Thumb Code   516  stm32f1xx_hal_tim.o(.text.HAL_TIM_PWM_ConfigChannel)
    HAL_TIM_PWM_Init                         0x080030cd   Thumb Code   250  stm32f1xx_hal_tim.o(.text.HAL_TIM_PWM_Init)
    HAL_TIM_PWM_MspInit                      0x080031c9   Thumb Code     2  stm32f1xx_hal_tim.o(.text.HAL_TIM_PWM_MspInit)
    HAL_TIM_PWM_PulseFinishedCallback        0x080031cd   Thumb Code     2  stm32f1xx_hal_tim.o(.text.HAL_TIM_PWM_PulseFinishedCallback)
    HAL_TIM_PWM_Start                        0x080031d1   Thumb Code   218  stm32f1xx_hal_tim.o(.text.HAL_TIM_PWM_Start)
    HAL_TIM_PWM_Stop                         0x080032ad   Thumb Code   166  stm32f1xx_hal_tim.o(.text.HAL_TIM_PWM_Stop)
    HAL_TIM_PeriodElapsedCallback            0x08003355   Thumb Code    20  main.o(.text.HAL_TIM_PeriodElapsedCallback)
    HAL_TIM_TriggerCallback                  0x08003369   Thumb Code     2  stm32f1xx_hal_tim.o(.text.HAL_TIM_TriggerCallback)
    HAL_UARTEx_RxEventCallback               0x0800336d   Thumb Code     2  stm32f1xx_hal_uart.o(.text.HAL_UARTEx_RxEventCallback)
    HAL_UART_ErrorCallback                   0x08003371   Thumb Code     2  stm32f1xx_hal_uart.o(.text.HAL_UART_ErrorCallback)
    HAL_UART_GetState                        0x08003375   Thumb Code    14  stm32f1xx_hal_uart.o(.text.HAL_UART_GetState)
    HAL_UART_IRQHandler                      0x08003385   Thumb Code  1392  stm32f1xx_hal_uart.o(.text.HAL_UART_IRQHandler)
    HAL_UART_Init                            0x080038f5   Thumb Code   226  stm32f1xx_hal_uart.o(.text.HAL_UART_Init)
    HAL_UART_MspInit                         0x080039d9   Thumb Code   254  usart.o(.text.HAL_UART_MspInit)
    HAL_UART_RxCpltCallback                  0x08003ad9   Thumb Code     2  stm32f1xx_hal_uart.o(.text.HAL_UART_RxCpltCallback)
    HAL_UART_Transmit_DMA                    0x08003add   Thumb Code   194  stm32f1xx_hal_uart.o(.text.HAL_UART_Transmit_DMA)
    HAL_UART_TxCpltCallback                  0x08003ba1   Thumb Code     2  stm32f1xx_hal_uart.o(.text.HAL_UART_TxCpltCallback)
    HAL_UART_TxHalfCpltCallback              0x08003ba5   Thumb Code     2  stm32f1xx_hal_uart.o(.text.HAL_UART_TxHalfCpltCallback)
    HardFault_Handler                        0x08003ba9   Thumb Code     2  stm32f1xx_it.o(.text.HardFault_Handler)
    I2C_ReadByte                             0x08003bad   Thumb Code   418  light_i2c.o(.text.I2C_ReadByte)
    I2C_ReadDate                             0x08003d51   Thumb Code   356  light_i2c.o(.text.I2C_ReadDate)
    I2C_SendByte                             0x08003eb5   Thumb Code   358  light_i2c.o(.text.I2C_SendByte)
    I2C_WaitAck                              0x0800401d   Thumb Code   180  light_i2c.o(.text.I2C_WaitAck)
    I2C_WriteData                            0x0800457d   Thumb Code   264  light_i2c.o(.text.I2C_WriteData)
    Knob_Init                                0x08004685   Thumb Code    28  knob.o(.text.Knob_Init)
    Knob_IsRotating                          0x080046a1   Thumb Code    40  knob.o(.text.Knob_IsRotating)
    Light_Get                                0x080046c9   Thumb Code   112  light.o(.text.Light_Get)
    MX_ADC1_Init                             0x08004739   Thumb Code    90  adc.o(.text.MX_ADC1_Init)
    MX_ADC2_Init                             0x08004795   Thumb Code    88  adc.o(.text.MX_ADC2_Init)
    MX_DMA_Init                              0x080047ed   Thumb Code    68  dma.o(.text.MX_DMA_Init)
    MX_FREERTOS_Init                         0x08004831   Thumb Code   166  freertos.o(.text.MX_FREERTOS_Init)
    MX_GPIO_Init                             0x080048d9   Thumb Code   190  gpio.o(.text.MX_GPIO_Init)
    MX_I2C1_Init                             0x08004999   Thumb Code    66  i2c.o(.text.MX_I2C1_Init)
    MX_TIM1_Init                             0x080049dd   Thumb Code   108  tim.o(.text.MX_TIM1_Init)
    MX_TIM4_Init                             0x08004a49   Thumb Code   260  tim.o(.text.MX_TIM4_Init)
    MX_USART3_UART_Init                      0x08004b4d   Thumb Code    60  usart.o(.text.MX_USART3_UART_Init)
    MemManage_Handler                        0x08004b89   Thumb Code     2  stm32f1xx_it.o(.text.MemManage_Handler)
    NMI_Handler                              0x08004b8d   Thumb Code     2  stm32f1xx_it.o(.text.NMI_Handler)
    OLED_DrawLine                            0x08004b91   Thumb Code   834  oled.o(.text.OLED_DrawLine)
    OLED_Init                                0x08004ed5   Thumb Code   514  oled.o(.text.OLED_Init)
    OLED_NewFrame                            0x080050d9   Thumb Code    20  oled.o(.text.OLED_NewFrame)
    OLED_PrintASCIIString                    0x080050ed   Thumb Code    88  oled.o(.text.OLED_PrintASCIIString)
    OLED_PrintString                         0x08005145   Thumb Code   330  oled.o(.text.OLED_PrintString)
    OLED_SetBits_Fine                        0x08005291   Thumb Code   256  oled.o(.text.OLED_SetBits_Fine)
    OLED_SetBlock                            0x08005391   Thumb Code  1526  oled.o(.text.OLED_SetBlock)
    OLED_ShowFrame                           0x08005989   Thumb Code   702  oled.o(.text.OLED_ShowFrame)
    PendSV_Handler                           0x08005c51   Thumb Code    68  port.o(.text.PendSV_Handler)
    Pump_Off                                 0x08005c95   Thumb Code    18  pump.o(.text.Pump_Off)
    Pump_On                                  0x08005ca9   Thumb Code    18  pump.o(.text.Pump_On)
    Rain_Get                                 0x08005cbd   Thumb Code    40  rain.o(.text.Rain_Get)
    Rain_init                                0x08005ce5   Thumb Code    12  rain.o(.text.Rain_init)
    RangeEditIndex_Next                      0x08005cf1   Thumb Code    24  screen.o(.text.RangeEditIndex_Next)
    RangeEditIndex_Prev                      0x08005d09   Thumb Code    22  screen.o(.text.RangeEditIndex_Prev)
    RangeEditState_Toggle                    0x08005d21   Thumb Code    20  screen.o(.text.RangeEditState_Toggle)
    SVC_Handler                              0x08005d41   Thumb Code    36  port.o(.text.SVC_Handler)
    ScreenPage_NextPage                      0x08005d65   Thumb Code    24  screen.o(.text.ScreenPage_NextPage)
    SoilMoisture_Get                         0x08005d7d   Thumb Code    40  soil_moisture.o(.text.SoilMoisture_Get)
    SoilMoisture_init                        0x08005da5   Thumb Code    12  soil_moisture.o(.text.SoilMoisture_init)
    StartBLETask                             0x08005db1   Thumb Code    94  bletask.o(.text.StartBLETask)
    StartInputTask                           0x08005e11   Thumb Code   126  inputtask.o(.text.StartInputTask)
    StartScreenTask                          0x08005e91   Thumb Code    74  screentask.o(.text.StartScreenTask)
    StartSensorTask                          0x08005edd   Thumb Code   860  sensortask.o(.text.StartSensorTask)
    SysTick_Handler                          0x080062c9   Thumb Code    30  cmsis_os2.o(.text.SysTick_Handler)
    SystemInit                               0x080062e9   Thumb Code     2  system_stm32f1xx.o(.text.SystemInit)
    TIM3_IRQHandler                          0x080062ed   Thumb Code    12  stm32f1xx_it.o(.text.TIM3_IRQHandler)
    USART3_IRQHandler                        0x08006651   Thumb Code    12  stm32f1xx_it.o(.text.USART3_IRQHandler)
    UsageFault_Handler                       0x0800665d   Thumb Code     2  stm32f1xx_it.o(.text.UsageFault_Handler)
    floatToIntDec                            0x08006661   Thumb Code    84  utils.o(.text.floatToIntDec)
    isKey1Clicked                            0x080066b5   Thumb Code   106  key.o(.text.isKey1Clicked)
    isKey3Clicked                            0x08006721   Thumb Code   106  key.o(.text.isKey3Clicked)
    main                                     0x0800678d   Thumb Code   178  main.o(.text.main)
    osDelay                                  0x08006841   Thumb Code    32  cmsis_os2.o(.text.osDelay)
    osKernelInitialize                       0x08006861   Thumb Code    40  cmsis_os2.o(.text.osKernelInitialize)
    osKernelStart                            0x08006889   Thumb Code    60  cmsis_os2.o(.text.osKernelStart)
    osMessageQueueGet                        0x080068c5   Thumb Code   144  cmsis_os2.o(.text.osMessageQueueGet)
    osMessageQueueNew                        0x08006955   Thumb Code   146  cmsis_os2.o(.text.osMessageQueueNew)
    osMessageQueuePut                        0x080069e9   Thumb Code   144  cmsis_os2.o(.text.osMessageQueuePut)
    osMutexAcquire                           0x08006a79   Thumb Code    70  cmsis_os2.o(.text.osMutexAcquire)
    osMutexNew                               0x08006ac1   Thumb Code   116  cmsis_os2.o(.text.osMutexNew)
    osMutexRelease                           0x08006b35   Thumb Code    70  cmsis_os2.o(.text.osMutexRelease)
    osThreadNew                              0x08006b7d   Thumb Code   148  cmsis_os2.o(.text.osThreadNew)
    osTimerNew                               0x08006c11   Thumb Code   138  cmsis_os2.o(.text.osTimerNew)
    osTimerStart                             0x08006c9d   Thumb Code    58  cmsis_os2.o(.text.osTimerStart)
    osTimerStop                              0x08006cd9   Thumb Code    76  cmsis_os2.o(.text.osTimerStop)
    pvPortMalloc                             0x0800763d   Thumb Code   488  heap_4.o(.text.pvPortMalloc)
    pvTaskIncrementMutexHeldCount            0x08007825   Thumb Code    24  tasks.o(.text.pvTaskIncrementMutexHeldCount)
    pvTimerGetTimerID                        0x0800783d   Thumb Code    38  timers.o(.text.pvTimerGetTimerID)
    pxPortInitialiseStack                    0x08007865   Thumb Code    32  port.o(.text.pxPortInitialiseStack)
    renderHomePage                           0x08007885   Thumb Code   416  screentask.o(.text.renderHomePage)
    renderRangePage                          0x08007a89   Thumb Code  1100  screentask.o(.text.renderRangePage)
    uxListRemove                             0x08007f61   Thumb Code    34  list.o(.text.uxListRemove)
    vApplicationGetIdleTaskMemory            0x08007f85   Thumb Code    26  cmsis_os2.o(.text.vApplicationGetIdleTaskMemory)
    vApplicationGetTimerTaskMemory           0x08007fa1   Thumb Code    28  cmsis_os2.o(.text.vApplicationGetTimerTaskMemory)
    vListInitialise                          0x08007fbd   Thumb Code    22  list.o(.text.vListInitialise)
    vListInitialiseItem                      0x08007fd5   Thumb Code     6  list.o(.text.vListInitialiseItem)
    vListInsert                              0x08007fdd   Thumb Code    98  list.o(.text.vListInsert)
    vListInsertEnd                           0x08008041   Thumb Code    26  list.o(.text.vListInsertEnd)
    vPortEnterCritical                       0x0800805d   Thumb Code    70  port.o(.text.vPortEnterCritical)
    vPortExitCritical                        0x080080a5   Thumb Code    46  port.o(.text.vPortExitCritical)
    vPortFree                                0x080080d5   Thumb Code   222  heap_4.o(.text.vPortFree)
    vPortSetupTimerInterrupt                 0x080081b5   Thumb Code    52  port.o(.text.vPortSetupTimerInterrupt)
    vPortValidateInterruptPriority           0x080081e9   Thumb Code    94  port.o(.text.vPortValidateInterruptPriority)
    vQueueAddToRegistry                      0x08008249   Thumb Code    88  queue.o(.text.vQueueAddToRegistry)
    vQueueWaitForMessageRestricted           0x080082a1   Thumb Code    82  queue.o(.text.vQueueWaitForMessageRestricted)
    vTaskDelay                               0x080082f5   Thumb Code   128  tasks.o(.text.vTaskDelay)
    vTaskInternalSetTimeOutState             0x08008375   Thumb Code    18  tasks.o(.text.vTaskInternalSetTimeOutState)
    vTaskMissedYield                         0x08008389   Thumb Code    14  tasks.o(.text.vTaskMissedYield)
    vTaskPlaceOnEventList                    0x08008399   Thumb Code   116  tasks.o(.text.vTaskPlaceOnEventList)
    vTaskPlaceOnEventListRestricted          0x0800840d   Thumb Code   122  tasks.o(.text.vTaskPlaceOnEventListRestricted)
    vTaskPriorityDisinheritAfterTimeout      0x08008489   Thumb Code   164  tasks.o(.text.vTaskPriorityDisinheritAfterTimeout)
    vTaskStartScheduler                      0x0800852d   Thumb Code   232  tasks.o(.text.vTaskStartScheduler)
    vTaskSuspendAll                          0x0800861d   Thumb Code    16  tasks.o(.text.vTaskSuspendAll)
    vTaskSwitchContext                       0x0800862d   Thumb Code   204  tasks.o(.text.vTaskSwitchContext)
    xPortStartScheduler                      0x080086f9   Thumb Code   304  port.o(.text.xPortStartScheduler)
    xPortSysTickHandler                      0x08008829   Thumb Code    46  port.o(.text.xPortSysTickHandler)
    xQueueCreateMutex                        0x08008859   Thumb Code   112  queue.o(.text.xQueueCreateMutex)
    xQueueCreateMutexStatic                  0x080088c9   Thumb Code   162  queue.o(.text.xQueueCreateMutexStatic)
    xQueueGenericCreate                      0x0800896d   Thumb Code   130  queue.o(.text.xQueueGenericCreate)
    xQueueGenericCreateStatic                0x080089f1   Thumb Code   218  queue.o(.text.xQueueGenericCreateStatic)
    xQueueGenericSend                        0x08008acd   Thumb Code   704  queue.o(.text.xQueueGenericSend)
    xQueueGenericSendFromISR                 0x08008d8d   Thumb Code   328  queue.o(.text.xQueueGenericSendFromISR)
    xQueueGiveMutexRecursive                 0x08008ed5   Thumb Code    68  queue.o(.text.xQueueGiveMutexRecursive)
    xQueueReceive                            0x08008f19   Thumb Code   574  queue.o(.text.xQueueReceive)
    xQueueReceiveFromISR                     0x08009159   Thumb Code   210  queue.o(.text.xQueueReceiveFromISR)
    xQueueSemaphoreTake                      0x0800922d   Thumb Code   650  queue.o(.text.xQueueSemaphoreTake)
    xQueueTakeMutexRecursive                 0x080094b9   Thumb Code    72  queue.o(.text.xQueueTakeMutexRecursive)
    xTaskCheckForTimeOut                     0x08009501   Thumb Code   154  tasks.o(.text.xTaskCheckForTimeOut)
    xTaskCreate                              0x0800959d   Thumb Code    96  tasks.o(.text.xTaskCreate)
    xTaskCreateStatic                        0x080095fd   Thumb Code   118  tasks.o(.text.xTaskCreateStatic)
    xTaskGetCurrentTaskHandle                0x08009675   Thumb Code    12  tasks.o(.text.xTaskGetCurrentTaskHandle)
    xTaskGetSchedulerState                   0x08009681   Thumb Code    30  tasks.o(.text.xTaskGetSchedulerState)
    xTaskGetTickCount                        0x080096a1   Thumb Code    12  tasks.o(.text.xTaskGetTickCount)
    xTaskIncrementTick                       0x080096ad   Thumb Code   260  tasks.o(.text.xTaskIncrementTick)
    xTaskPriorityDisinherit                  0x080097b1   Thumb Code   142  tasks.o(.text.xTaskPriorityDisinherit)
    xTaskPriorityInherit                     0x08009841   Thumb Code   144  tasks.o(.text.xTaskPriorityInherit)
    xTaskRemoveFromEventList                 0x080098d1   Thumb Code   114  tasks.o(.text.xTaskRemoveFromEventList)
    xTaskResumeAll                           0x08009945   Thumb Code   238  tasks.o(.text.xTaskResumeAll)
    xTimerCreate                             0x08009a35   Thumb Code    58  timers.o(.text.xTimerCreate)
    xTimerCreateStatic                       0x08009a71   Thumb Code    82  timers.o(.text.xTimerCreateStatic)
    xTimerCreateTimerTask                    0x08009ac5   Thumb Code   172  timers.o(.text.xTimerCreateTimerTask)
    xTimerGenericCommand                     0x08009b79   Thumb Code   118  timers.o(.text.xTimerGenericCommand)
    xTimerIsTimerActive                      0x08009bf1   Thumb Code    46  timers.o(.text.xTimerIsTimerActive)
    __aeabi_d2f                              0x08009c21   Thumb Code     0  d2f.o(x$fpl$d2f)
    _d2f                                     0x08009c21   Thumb Code    98  d2f.o(x$fpl$d2f)
    __aeabi_dadd                             0x08009c85   Thumb Code     0  daddsub_clz.o(x$fpl$dadd)
    _dadd                                    0x08009c85   Thumb Code   332  daddsub_clz.o(x$fpl$dadd)
    __fpl_dcmp_Inf                           0x08009dd5   Thumb Code    24  dcmpi.o(x$fpl$dcmpinf)
    __aeabi_ddiv                             0x08009ded   Thumb Code     0  ddiv.o(x$fpl$ddiv)
    _ddiv                                    0x08009ded   Thumb Code   560  ddiv.o(x$fpl$ddiv)
    __aeabi_cdcmpeq                          0x0800a0a5   Thumb Code     0  deqf.o(x$fpl$deqf)
    _dcmpeq                                  0x0800a0a5   Thumb Code   120  deqf.o(x$fpl$deqf)
    __aeabi_d2iz                             0x0800a11d   Thumb Code     0  dfix.o(x$fpl$dfix)
    _dfix                                    0x0800a11d   Thumb Code    94  dfix.o(x$fpl$dfix)
    __aeabi_i2d                              0x0800a17b   Thumb Code     0  dflt_clz.o(x$fpl$dflt)
    _dflt                                    0x0800a17b   Thumb Code    46  dflt_clz.o(x$fpl$dflt)
    __aeabi_ui2d                             0x0800a1a9   Thumb Code     0  dflt_clz.o(x$fpl$dfltu)
    _dfltu                                   0x0800a1a9   Thumb Code    38  dflt_clz.o(x$fpl$dfltu)
    __aeabi_cdcmpge                          0x0800a1d1   Thumb Code     0  dgeqf.o(x$fpl$dgeqf)
    _dcmpge                                  0x0800a1d1   Thumb Code   120  dgeqf.o(x$fpl$dgeqf)
    __aeabi_cdcmple                          0x0800a249   Thumb Code     0  dleqf.o(x$fpl$dleqf)
    _dcmple                                  0x0800a249   Thumb Code   120  dleqf.o(x$fpl$dleqf)
    __fpl_dcmple_InfNaN                      0x0800a2ab   Thumb Code     0  dleqf.o(x$fpl$dleqf)
    __aeabi_dmul                             0x0800a2c1   Thumb Code     0  dmul.o(x$fpl$dmul)
    _dmul                                    0x0800a2c1   Thumb Code   332  dmul.o(x$fpl$dmul)
    __fpl_dnaninf                            0x0800a415   Thumb Code   156  dnaninf.o(x$fpl$dnaninf)
    __fpl_dretinf                            0x0800a4b1   Thumb Code    12  dretinf.o(x$fpl$dretinf)
    __aeabi_dsub                             0x0800a4bd   Thumb Code     0  daddsub_clz.o(x$fpl$dsub)
    _dsub                                    0x0800a4bd   Thumb Code   472  daddsub_clz.o(x$fpl$dsub)
    __aeabi_f2d                              0x0800a699   Thumb Code     0  f2d.o(x$fpl$f2d)
    _f2d                                     0x0800a699   Thumb Code    86  f2d.o(x$fpl$f2d)
    __aeabi_fadd                             0x0800a6f1   Thumb Code     0  faddsub_clz.o(x$fpl$fadd)
    _fadd                                    0x0800a6f1   Thumb Code   196  faddsub_clz.o(x$fpl$fadd)
    __aeabi_dcmpeq                           0x0800a7b5   Thumb Code     0  dcmp.o(x$fpl$fcmp)
    _deq                                     0x0800a7b5   Thumb Code    14  dcmp.o(x$fpl$fcmp)
    _dneq                                    0x0800a7c3   Thumb Code    14  dcmp.o(x$fpl$fcmp)
    __aeabi_dcmpgt                           0x0800a7d1   Thumb Code     0  dcmp.o(x$fpl$fcmp)
    _dgr                                     0x0800a7d1   Thumb Code    14  dcmp.o(x$fpl$fcmp)
    __aeabi_dcmpge                           0x0800a7df   Thumb Code     0  dcmp.o(x$fpl$fcmp)
    _dgeq                                    0x0800a7df   Thumb Code    14  dcmp.o(x$fpl$fcmp)
    __aeabi_dcmple                           0x0800a7ed   Thumb Code     0  dcmp.o(x$fpl$fcmp)
    _dleq                                    0x0800a7ed   Thumb Code    14  dcmp.o(x$fpl$fcmp)
    __aeabi_dcmplt                           0x0800a7fb   Thumb Code     0  dcmp.o(x$fpl$fcmp)
    _dls                                     0x0800a7fb   Thumb Code    14  dcmp.o(x$fpl$fcmp)
    __aeabi_fcmpeq                           0x0800a809   Thumb Code     0  fcmp.o(x$fpl$fcmp)
    _feq                                     0x0800a809   Thumb Code    14  fcmp.o(x$fpl$fcmp)
    _fneq                                    0x0800a817   Thumb Code    14  fcmp.o(x$fpl$fcmp)
    __aeabi_fcmpgt                           0x0800a825   Thumb Code     0  fcmp.o(x$fpl$fcmp)
    _fgr                                     0x0800a825   Thumb Code    14  fcmp.o(x$fpl$fcmp)
    __aeabi_fcmpge                           0x0800a833   Thumb Code     0  fcmp.o(x$fpl$fcmp)
    _fgeq                                    0x0800a833   Thumb Code    14  fcmp.o(x$fpl$fcmp)
    __aeabi_fcmple                           0x0800a841   Thumb Code     0  fcmp.o(x$fpl$fcmp)
    _fleq                                    0x0800a841   Thumb Code    14  fcmp.o(x$fpl$fcmp)
    __aeabi_fcmplt                           0x0800a84f   Thumb Code     0  fcmp.o(x$fpl$fcmp)
    _fls                                     0x0800a84f   Thumb Code    14  fcmp.o(x$fpl$fcmp)
    __fpl_fcmp_Inf                           0x0800a85d   Thumb Code    24  fcmpi.o(x$fpl$fcmpinf)
    __aeabi_cfcmpeq                          0x0800a875   Thumb Code     0  feqf.o(x$fpl$feqf)
    _fcmpeq                                  0x0800a875   Thumb Code   104  feqf.o(x$fpl$feqf)
    __aeabi_f2iz                             0x0800a8dd   Thumb Code     0  ffix.o(x$fpl$ffix)
    _ffix                                    0x0800a8dd   Thumb Code    54  ffix.o(x$fpl$ffix)
    __aeabi_i2f                              0x0800a915   Thumb Code     0  fflt_clz.o(x$fpl$fflt)
    _fflt                                    0x0800a915   Thumb Code    48  fflt_clz.o(x$fpl$fflt)
    __aeabi_ui2f                             0x0800a945   Thumb Code     0  fflt_clz.o(x$fpl$ffltu)
    _ffltu                                   0x0800a945   Thumb Code    38  fflt_clz.o(x$fpl$ffltu)
    _fcmpge                                  0x0800a96d   Thumb Code   104  fgeqf.o(x$fpl$fgeqf)
    __aeabi_cfcmple                          0x0800a9d5   Thumb Code     0  fleqf.o(x$fpl$fleqf)
    _fcmple                                  0x0800a9d5   Thumb Code   104  fleqf.o(x$fpl$fleqf)
    __fpl_fcmple_InfNaN                      0x0800aa27   Thumb Code     0  fleqf.o(x$fpl$fleqf)
    __aeabi_fmul                             0x0800aa3d   Thumb Code     0  fmul.o(x$fpl$fmul)
    _fmul                                    0x0800aa3d   Thumb Code   258  fmul.o(x$fpl$fmul)
    __fpl_fnaninf                            0x0800ab3f   Thumb Code   140  fnaninf.o(x$fpl$fnaninf)
    __fpl_fretinf                            0x0800abcb   Thumb Code    10  fretinf.o(x$fpl$fretinf)
    __aeabi_fsub                             0x0800abd5   Thumb Code     0  faddsub_clz.o(x$fpl$fsub)
    _fsub                                    0x0800abd5   Thumb Code   234  faddsub_clz.o(x$fpl$fsub)
    AHBPrescTable                            0x0800acbe   Data          16  system_stm32f1xx.o(.rodata.AHBPrescTable)
    __I$use$fp                               0x0800acbe   Number         0  usenofp.o(x$fpl$usenofp)
    APBPrescTable                            0x0800acce   Data           8  system_stm32f1xx.o(.rodata.APBPrescTable)
    BLEQueue_attributes                      0x0800acd8   Data          24  freertos.o(.rodata.BLEQueue_attributes)
    BLETask_attributes                       0x0800acf0   Data          36  freertos.o(.rodata.BLETask_attributes)
    BeepTimer_attributes                     0x0800ad14   Data          16  freertos.o(.rodata.BeepTimer_attributes)
    InputTask_attributes                     0x0800ad28   Data          36  freertos.o(.rodata.InputTask_attributes)
    ScreenTask_attributes                    0x0800ad4c   Data          36  freertos.o(.rodata.ScreenTask_attributes)
    SensorTask_attributes                    0x0800ad70   Data          36  freertos.o(.rodata.SensorTask_attributes)
    afont12x6                                0x0800ad94   Data           8  font.o(.rodata.afont12x6)
    ascii_12x6                               0x0800ad9c   Data        1140  font.o(.rodata.ascii_12x6)
    font12x12                                0x0800b220   Data          16  font.o(.rodata.font12x12)
    i2c1Mutex_attributes                     0x0800b230   Data          16  freertos.o(.rodata.i2c1Mutex_attributes)
    zh12x12                                  0x0800b309   Data         504  font.o(.rodata.zh12x12)
    Region$$Table$$Base                      0x0800b504   Number         0  anon$$obj.o(Region$$Table)
    Region$$Table$$Limit                     0x0800b524   Number         0  anon$$obj.o(Region$$Table)
    uwTickFreq                               0x20000000   Data           1  stm32f1xx_hal.o(.data..L_MergedGlobals)
    uwTickPrio                               0x20000004   Data           4  stm32f1xx_hal.o(.data..L_MergedGlobals)
    SystemCoreClock                          0x20000008   Data           4  system_stm32f1xx.o(.data.SystemCoreClock)
    __libspace_start                         0x20000010   Data          96  libspace.o(.bss)
    __temporary_stack_top$libspace           0x20000070   Data           0  libspace.o(.bss)
    i2c1MutexHandle                          0x20000070   Data           4  freertos.o(.bss..L_MergedGlobals)
    BeepTimerHandle                          0x20000074   Data           4  freertos.o(.bss..L_MergedGlobals)
    BLEQueueHandle                           0x20000078   Data           4  freertos.o(.bss..L_MergedGlobals)
    SensorTaskHandle                         0x2000007c   Data           4  freertos.o(.bss..L_MergedGlobals)
    InputTaskHandle                          0x20000080   Data           4  freertos.o(.bss..L_MergedGlobals)
    ScreenTaskHandle                         0x20000084   Data           4  freertos.o(.bss..L_MergedGlobals)
    BLETaskHandle                            0x20000088   Data           4  freertos.o(.bss..L_MergedGlobals)
    pxCurrentTCB                             0x2000008c   Data           4  tasks.o(.bss..L_MergedGlobals)
    OLED_GRAM                                0x20000198   Data        1024  oled.o(.bss.OLED_GRAM)
    farmSafeRange                            0x2000061c   Data          28  farmstate.o(.bss.farmSafeRange)
    farmState                                0x20000638   Data          16  farmstate.o(.bss.farmState)
    hadc1                                    0x20000648   Data          48  adc.o(.bss.hadc1)
    hadc2                                    0x20000678   Data          48  adc.o(.bss.hadc2)
    hdma_usart3_rx                           0x200006a8   Data          68  usart.o(.bss.hdma_usart3_rx)
    hdma_usart3_tx                           0x200006ec   Data          68  usart.o(.bss.hdma_usart3_tx)
    hi2c1                                    0x20000730   Data          84  i2c.o(.bss.hi2c1)
    htim1                                    0x20000784   Data          72  tim.o(.bss.htim1)
    htim3                                    0x200007cc   Data          72  stm32f1xx_hal_timebase_tim.o(.bss.htim3)
    htim4                                    0x20000814   Data          72  tim.o(.bss.htim4)
    huart3                                   0x2000085c   Data          72  usart.o(.bss.huart3)
    pageIndex                                0x200008a6   Data           1  screen.o(.bss.pageIndex)
    rangeEditIndex                           0x20000df8   Data           1  screen.o(.bss.rangeEditIndex)
    rangeEditState                           0x20000df9   Data           1  screen.o(.bss.rangeEditState)
    uwTick                                   0x200035fc   Data           4  stm32f1xx_hal.o(.bss.uwTick)
    xQueueRegistry                           0x20003cb8   Data          64  queue.o(.bss.xQueueRegistry)



==============================================================================

Memory Map of the image

  Image Entry point : 0x080000ed

  Load Region LR_IROM1 (Base: 0x08000000, Size: 0x0000b538, Max: 0x00010000, ABSOLUTE)

    Execution Region ER_IROM1 (Exec base: 0x08000000, Load base: 0x08000000, Size: 0x0000b524, Max: 0x00010000, ABSOLUTE)

    Exec Addr    Load Addr    Size         Type   Attr      Idx    E Section Name        Object

    0x08000000   0x08000000   0x000000ec   Data   RO            3    RESET               startup_stm32f103xb.o
    0x080000ec   0x080000ec   0x00000008   Code   RO         2154  * !!!main             c_w.l(__main.o)
    0x080000f4   0x080000f4   0x0000005c   Code   RO         2407    !!!scatter          c_w.l(__scatter.o)
    0x08000150   0x08000150   0x0000001a   Code   RO         2411    !!handler_copy      c_w.l(__scatter_copy.o)
    0x0800016a   0x0800016a   0x00000002   PAD
    0x0800016c   0x0800016c   0x00000002   Code   RO         2408    !!handler_null      c_w.l(__scatter.o)
    0x0800016e   0x0800016e   0x00000002   PAD
    0x08000170   0x08000170   0x0000001c   Code   RO         2413    !!handler_zi        c_w.l(__scatter_zi.o)
    0x0800018c   0x0800018c   0x00000000   Code   RO         2137    .ARM.Collect$$_printf_percent$$00000000  c_w.l(_printf_percent.o)
    0x0800018c   0x0800018c   0x00000006   Code   RO         2136    .ARM.Collect$$_printf_percent$$00000009  c_w.l(_printf_d.o)
    0x08000192   0x08000192   0x00000006   Code   RO         2135    .ARM.Collect$$_printf_percent$$00000014  c_w.l(_printf_s.o)
    0x08000198   0x08000198   0x00000004   Code   RO         2215    .ARM.Collect$$_printf_percent$$00000017  c_w.l(_printf_percent_end.o)
    0x0800019c   0x0800019c   0x00000002   Code   RO         2269    .ARM.Collect$$libinit$$00000000  c_w.l(libinit.o)
    0x0800019e   0x0800019e   0x00000000   Code   RO         2276    .ARM.Collect$$libinit$$00000002  c_w.l(libinit2.o)
    0x0800019e   0x0800019e   0x00000000   Code   RO         2278    .ARM.Collect$$libinit$$00000004  c_w.l(libinit2.o)
    0x0800019e   0x0800019e   0x00000000   Code   RO         2280    .ARM.Collect$$libinit$$00000006  c_w.l(libinit2.o)
    0x0800019e   0x0800019e   0x00000000   Code   RO         2283    .ARM.Collect$$libinit$$0000000C  c_w.l(libinit2.o)
    0x0800019e   0x0800019e   0x00000000   Code   RO         2285    .ARM.Collect$$libinit$$0000000E  c_w.l(libinit2.o)
    0x0800019e   0x0800019e   0x00000000   Code   RO         2287    .ARM.Collect$$libinit$$00000010  c_w.l(libinit2.o)
    0x0800019e   0x0800019e   0x00000000   Code   RO         2290    .ARM.Collect$$libinit$$00000013  c_w.l(libinit2.o)
    0x0800019e   0x0800019e   0x00000000   Code   RO         2292    .ARM.Collect$$libinit$$00000015  c_w.l(libinit2.o)
    0x0800019e   0x0800019e   0x00000000   Code   RO         2294    .ARM.Collect$$libinit$$00000017  c_w.l(libinit2.o)
    0x0800019e   0x0800019e   0x00000000   Code   RO         2296    .ARM.Collect$$libinit$$00000019  c_w.l(libinit2.o)
    0x0800019e   0x0800019e   0x00000000   Code   RO         2298    .ARM.Collect$$libinit$$0000001B  c_w.l(libinit2.o)
    0x0800019e   0x0800019e   0x00000000   Code   RO         2300    .ARM.Collect$$libinit$$0000001D  c_w.l(libinit2.o)
    0x0800019e   0x0800019e   0x00000000   Code   RO         2302    .ARM.Collect$$libinit$$0000001F  c_w.l(libinit2.o)
    0x0800019e   0x0800019e   0x00000000   Code   RO         2304    .ARM.Collect$$libinit$$00000021  c_w.l(libinit2.o)
    0x0800019e   0x0800019e   0x00000000   Code   RO         2306    .ARM.Collect$$libinit$$00000023  c_w.l(libinit2.o)
    0x0800019e   0x0800019e   0x00000000   Code   RO         2308    .ARM.Collect$$libinit$$00000025  c_w.l(libinit2.o)
    0x0800019e   0x0800019e   0x00000000   Code   RO         2310    .ARM.Collect$$libinit$$00000027  c_w.l(libinit2.o)
    0x0800019e   0x0800019e   0x00000000   Code   RO         2314    .ARM.Collect$$libinit$$0000002E  c_w.l(libinit2.o)
    0x0800019e   0x0800019e   0x00000000   Code   RO         2316    .ARM.Collect$$libinit$$00000030  c_w.l(libinit2.o)
    0x0800019e   0x0800019e   0x00000000   Code   RO         2318    .ARM.Collect$$libinit$$00000032  c_w.l(libinit2.o)
    0x0800019e   0x0800019e   0x00000000   Code   RO         2320    .ARM.Collect$$libinit$$00000034  c_w.l(libinit2.o)
    0x0800019e   0x0800019e   0x00000002   Code   RO         2321    .ARM.Collect$$libinit$$00000035  c_w.l(libinit2.o)
    0x080001a0   0x080001a0   0x00000002   Code   RO         2343    .ARM.Collect$$libshutdown$$00000000  c_w.l(libshutdown.o)
    0x080001a2   0x080001a2   0x00000000   Code   RO         2358    .ARM.Collect$$libshutdown$$00000002  c_w.l(libshutdown2.o)
    0x080001a2   0x080001a2   0x00000000   Code   RO         2360    .ARM.Collect$$libshutdown$$00000004  c_w.l(libshutdown2.o)
    0x080001a2   0x080001a2   0x00000000   Code   RO         2363    .ARM.Collect$$libshutdown$$00000007  c_w.l(libshutdown2.o)
    0x080001a2   0x080001a2   0x00000000   Code   RO         2366    .ARM.Collect$$libshutdown$$0000000A  c_w.l(libshutdown2.o)
    0x080001a2   0x080001a2   0x00000000   Code   RO         2368    .ARM.Collect$$libshutdown$$0000000C  c_w.l(libshutdown2.o)
    0x080001a2   0x080001a2   0x00000000   Code   RO         2371    .ARM.Collect$$libshutdown$$0000000F  c_w.l(libshutdown2.o)
    0x080001a2   0x080001a2   0x00000002   Code   RO         2372    .ARM.Collect$$libshutdown$$00000010  c_w.l(libshutdown2.o)
    0x080001a4   0x080001a4   0x00000000   Code   RO         2204    .ARM.Collect$$rtentry$$00000000  c_w.l(__rtentry.o)
    0x080001a4   0x080001a4   0x00000000   Code   RO         2240    .ARM.Collect$$rtentry$$00000002  c_w.l(__rtentry2.o)
    0x080001a4   0x080001a4   0x00000006   Code   RO         2252    .ARM.Collect$$rtentry$$00000004  c_w.l(__rtentry4.o)
    0x080001aa   0x080001aa   0x00000000   Code   RO         2242    .ARM.Collect$$rtentry$$00000009  c_w.l(__rtentry2.o)
    0x080001aa   0x080001aa   0x00000004   Code   RO         2243    .ARM.Collect$$rtentry$$0000000A  c_w.l(__rtentry2.o)
    0x080001ae   0x080001ae   0x00000000   Code   RO         2245    .ARM.Collect$$rtentry$$0000000C  c_w.l(__rtentry2.o)
    0x080001ae   0x080001ae   0x00000008   Code   RO         2246    .ARM.Collect$$rtentry$$0000000D  c_w.l(__rtentry2.o)
    0x080001b6   0x080001b6   0x00000002   Code   RO         2273    .ARM.Collect$$rtexit$$00000000  c_w.l(rtexit.o)
    0x080001b8   0x080001b8   0x00000000   Code   RO         2323    .ARM.Collect$$rtexit$$00000002  c_w.l(rtexit2.o)
    0x080001b8   0x080001b8   0x00000004   Code   RO         2324    .ARM.Collect$$rtexit$$00000003  c_w.l(rtexit2.o)
    0x080001bc   0x080001bc   0x00000006   Code   RO         2325    .ARM.Collect$$rtexit$$00000004  c_w.l(rtexit2.o)
    0x080001c2   0x080001c2   0x00000002   PAD
    0x080001c4   0x080001c4   0x00000040   Code   RO            4    .text               startup_stm32f103xb.o
    0x08000204   0x08000204   0x00000028   Code   RO         2105    .text               c_w.l(noretval__2sprintf.o)
    0x0800022c   0x0800022c   0x00000040   Code   RO         2107    .text               c_w.l(noretval__2snprintf.o)
    0x0800026c   0x0800026c   0x00000068   Code   RO         2109    .text               c_w.l(__printf.o)
    0x080002d4   0x080002d4   0x00000052   Code   RO         2111    .text               c_w.l(_printf_str.o)
    0x08000326   0x08000326   0x00000002   PAD
    0x08000328   0x08000328   0x00000078   Code   RO         2113    .text               c_w.l(_printf_dec.o)
    0x080003a0   0x080003a0   0x00000058   Code   RO         2138    .text               c_w.l(memcmp.o)
    0x080003f8   0x080003f8   0x0000003e   Code   RO         2140    .text               c_w.l(strlen.o)
    0x08000436   0x08000436   0x0000008a   Code   RO         2142    .text               c_w.l(rt_memcpy_v6.o)
    0x080004c0   0x080004c0   0x00000010   Code   RO         2146    .text               c_w.l(aeabi_memset4.o)
    0x080004d0   0x080004d0   0x0000004e   Code   RO         2150    .text               c_w.l(rt_memclr_w.o)
    0x0800051e   0x0800051e   0x00000006   Code   RO         2152    .text               c_w.l(heapauxi.o)
    0x08000524   0x08000524   0x000000b2   Code   RO         2205    .text               c_w.l(_printf_intcommon.o)
    0x080005d6   0x080005d6   0x00000002   PAD
    0x080005d8   0x080005d8   0x00000030   Code   RO         2207    .text               c_w.l(_printf_char_common.o)
    0x08000608   0x08000608   0x0000000a   Code   RO         2209    .text               c_w.l(_sputc.o)
    0x08000612   0x08000612   0x00000010   Code   RO         2211    .text               c_w.l(_snputc.o)
    0x08000622   0x08000622   0x0000002c   Code   RO         2213    .text               c_w.l(_printf_char.o)
    0x0800064e   0x0800064e   0x00000064   Code   RO         2216    .text               c_w.l(rt_memcpy_w.o)
    0x080006b2   0x080006b2   0x0000004a   Code   RO         2260    .text               c_w.l(sys_stackheap_outer.o)
    0x080006fc   0x080006fc   0x00000012   Code   RO         2262    .text               c_w.l(exit.o)
    0x0800070e   0x0800070e   0x00000002   PAD
    0x08000710   0x08000710   0x00000008   Code   RO         2270    .text               c_w.l(libspace.o)
    0x08000718   0x08000718   0x0000000c   Code   RO         2333    .text               c_w.l(sys_exit.o)
    0x08000724   0x08000724   0x00000002   Code   RO         2348    .text               c_w.l(use_no_semi.o)
    0x08000726   0x08000726   0x00000000   Code   RO         2350    .text               c_w.l(indicate_semi.o)
    0x08000726   0x08000726   0x00000002   PAD
    0x08000728   0x08000728   0x000000ae   Code   RO          538    .text.ADC_Enable    stm32f1xx_hal_adc.o
    0x080007d6   0x080007d6   0x00000002   PAD
    0x080007d8   0x080007d8   0x0000004a   Code   RO         1794    .text.AHT20_Init    aht20.o
    0x08000822   0x08000822   0x00000002   PAD
    0x08000824   0x08000824   0x000000a8   Code   RO         1796    .text.AHT20_Read    aht20.o
    0x080008cc   0x080008cc   0x0000003e   Code   RO         2007    .text.BeepTimerCallback  beeptimer.o
    0x0800090a   0x0800090a   0x00000002   PAD
    0x0800090c   0x0800090c   0x00000028   Code   RO         2005    .text.Beep_off      beeptimer.o
    0x08000934   0x08000934   0x00000012   Code   RO         2003    .text.Beep_on       beeptimer.o
    0x08000946   0x08000946   0x00000002   PAD
    0x08000948   0x08000948   0x00000002   Code   RO          147    .text.BusFault_Handler  stm32f1xx_it.o
    0x0800094a   0x0800094a   0x00000002   PAD
    0x0800094c   0x0800094c   0x0000000c   Code   RO          153    .text.DMA1_Channel2_IRQHandler  stm32f1xx_it.o
    0x08000958   0x08000958   0x0000000c   Code   RO          155    .text.DMA1_Channel3_IRQHandler  stm32f1xx_it.o
    0x08000964   0x08000964   0x00000002   Code   RO          151    .text.DebugMon_Handler  stm32f1xx_it.o
    0x08000966   0x08000966   0x00000002   PAD
    0x08000968   0x08000968   0x0000024e   Code   RO         2027    .text.EditRangeValue  inputtask.o
    0x08000bb6   0x08000bb6   0x00000002   PAD
    0x08000bb8   0x08000bb8   0x00000042   Code   RO         2068    .text.EnvSafeRange_Init  farmstate.o
    0x08000bfa   0x08000bfa   0x00000002   PAD
    0x08000bfc   0x08000bfc   0x0000000a   Code   RO           15    .text.Error_Handler  main.o
    0x08000c06   0x08000c06   0x00000002   PAD
    0x08000c08   0x08000c08   0x0000013e   Code   RO          572    .text.HAL_ADC_ConfigChannel  stm32f1xx_hal_adc.o
    0x08000d46   0x08000d46   0x00000002   PAD
    0x08000d48   0x08000d48   0x00000006   Code   RO          560    .text.HAL_ADC_GetValue  stm32f1xx_hal_adc.o
    0x08000d4e   0x08000d4e   0x00000002   PAD
    0x08000d50   0x08000d50   0x00000158   Code   RO          526    .text.HAL_ADC_Init  stm32f1xx_hal_adc.o
    0x08000ea8   0x08000ea8   0x000000ae   Code   RO           62    .text.HAL_ADC_MspInit  adc.o
    0x08000f56   0x08000f56   0x00000002   PAD
    0x08000f58   0x08000f58   0x000000ce   Code   RO          536    .text.HAL_ADC_Start  stm32f1xx_hal_adc.o
    0x08001026   0x08001026   0x00000002   PAD
    0x08001028   0x08001028   0x00000046   Code   RO          766    .text.HAL_DMA_Abort  stm32f1xx_hal_dma.o
    0x0800106e   0x0800106e   0x00000002   PAD
    0x08001070   0x08001070   0x000000b6   Code   RO          768    .text.HAL_DMA_Abort_IT  stm32f1xx_hal_dma.o
    0x08001126   0x08001126   0x00000002   PAD
    0x08001128   0x08001128   0x000001a0   Code   RO          772    .text.HAL_DMA_IRQHandler  stm32f1xx_hal_dma.o
    0x080012c8   0x080012c8   0x00000084   Code   RO          758    .text.HAL_DMA_Init  stm32f1xx_hal_dma.o
    0x0800134c   0x0800134c   0x000000a0   Code   RO          764    .text.HAL_DMA_Start_IT  stm32f1xx_hal_dma.o
    0x080013ec   0x080013ec   0x00000028   Code   RO          642    .text.HAL_Delay     stm32f1xx_hal.o
    0x08001414   0x08001414   0x0000020e   Code   RO          734    .text.HAL_GPIO_Init  stm32f1xx_hal_gpio.o
    0x08001622   0x08001622   0x00000002   PAD
    0x08001624   0x08001624   0x0000000a   Code   RO          738    .text.HAL_GPIO_ReadPin  stm32f1xx_hal_gpio.o
    0x0800162e   0x0800162e   0x00000002   PAD
    0x08001630   0x08001630   0x0000000a   Code   RO          740    .text.HAL_GPIO_WritePin  stm32f1xx_hal_gpio.o
    0x0800163a   0x0800163a   0x00000002   PAD
    0x0800163c   0x0800163c   0x0000000c   Code   RO          634    .text.HAL_GetTick   stm32f1xx_hal.o
    0x08001648   0x08001648   0x00000164   Code   RO          955    .text.HAL_I2C_Init  stm32f1xx_hal_i2c.o
    0x080017ac   0x080017ac   0x00000400   Code   RO          971    .text.HAL_I2C_Master_Receive  stm32f1xx_hal_i2c.o
    0x08001bac   0x08001bac   0x000001dc   Code   RO          963    .text.HAL_I2C_Master_Transmit  stm32f1xx_hal_i2c.o
    0x08001d88   0x08001d88   0x0000006a   Code   RO           87    .text.HAL_I2C_MspInit  i2c.o
    0x08001df2   0x08001df2   0x00000002   PAD
    0x08001df4   0x08001df4   0x0000001a   Code   RO          632    .text.HAL_IncTick   stm32f1xx_hal.o
    0x08001e0e   0x08001e0e   0x00000002   PAD
    0x08001e10   0x08001e10   0x00000026   Code   RO          622    .text.HAL_Init      stm32f1xx_hal.o
    0x08001e36   0x08001e36   0x00000002   PAD
    0x08001e38   0x08001e38   0x000000b2   Code   RO          178    .text.HAL_InitTick  stm32f1xx_hal_timebase_tim.o
    0x08001eea   0x08001eea   0x00000002   PAD
    0x08001eec   0x08001eec   0x00000050   Code   RO          168    .text.HAL_MspInit   stm32f1xx_hal_msp.o
    0x08001f3c   0x08001f3c   0x00000022   Code   RO          794    .text.HAL_NVIC_EnableIRQ  stm32f1xx_hal_cortex.o
    0x08001f5e   0x08001f5e   0x00000002   PAD
    0x08001f60   0x08001f60   0x00000056   Code   RO          792    .text.HAL_NVIC_SetPriority  stm32f1xx_hal_cortex.o
    0x08001fb6   0x08001fb6   0x00000002   PAD
    0x08001fb8   0x08001fb8   0x00000020   Code   RO          790    .text.HAL_NVIC_SetPriorityGrouping  stm32f1xx_hal_cortex.o
    0x08001fd8   0x08001fd8   0x00000102   Code   RO          720    .text.HAL_RCCEx_PeriphCLKConfig  stm32f1xx_hal_rcc_ex.o
    0x080020da   0x080020da   0x00000002   PAD
    0x080020dc   0x080020dc   0x000001ba   Code   RO          686    .text.HAL_RCC_ClockConfig  stm32f1xx_hal_rcc.o
    0x08002296   0x08002296   0x00000002   PAD
    0x08002298   0x08002298   0x00000042   Code   RO          704    .text.HAL_RCC_GetClockConfig  stm32f1xx_hal_rcc.o
    0x080022da   0x080022da   0x00000002   PAD
    0x080022dc   0x080022dc   0x00000026   Code   RO          698    .text.HAL_RCC_GetPCLK1Freq  stm32f1xx_hal_rcc.o
    0x08002302   0x08002302   0x00000002   PAD
    0x08002304   0x08002304   0x00000026   Code   RO          700    .text.HAL_RCC_GetPCLK2Freq  stm32f1xx_hal_rcc.o
    0x0800232a   0x0800232a   0x00000002   PAD
    0x0800232c   0x0800232c   0x00000400   Code   RO          684    .text.HAL_RCC_OscConfig  stm32f1xx_hal_rcc.o
    0x0800272c   0x0800272c   0x00000002   Code   RO          512    .text.HAL_TIMEx_BreakCallback  stm32f1xx_hal_tim_ex.o
    0x0800272e   0x0800272e   0x00000002   PAD
    0x08002730   0x08002730   0x00000002   Code   RO          508    .text.HAL_TIMEx_CommutCallback  stm32f1xx_hal_tim_ex.o
    0x08002732   0x08002732   0x00000002   PAD
    0x08002734   0x08002734   0x0000007e   Code   RO          502    .text.HAL_TIMEx_MasterConfigSynchronization  stm32f1xx_hal_tim_ex.o
    0x080027b2   0x080027b2   0x00000002   PAD
    0x080027b4   0x080027b4   0x000000fa   Code   RO          207    .text.HAL_TIM_Base_Init  stm32f1xx_hal_tim.o
    0x080028ae   0x080028ae   0x00000002   PAD
    0x080028b0   0x080028b0   0x00000030   Code   RO          108    .text.HAL_TIM_Base_MspInit  tim.o
    0x080028e0   0x080028e0   0x0000006e   Code   RO          221    .text.HAL_TIM_Base_Start_IT  stm32f1xx_hal_tim.o
    0x0800294e   0x0800294e   0x00000002   PAD
    0x08002950   0x08002950   0x000001a0   Code   RO          387    .text.HAL_TIM_ConfigClockSource  stm32f1xx_hal_tim.o
    0x08002af0   0x08002af0   0x0000015a   Code   RO          321    .text.HAL_TIM_Encoder_Init  stm32f1xx_hal_tim.o
    0x08002c4a   0x08002c4a   0x00000002   PAD
    0x08002c4c   0x08002c4c   0x00000068   Code   RO          106    .text.HAL_TIM_Encoder_MspInit  tim.o
    0x08002cb4   0x08002cb4   0x000000bc   Code   RO          329    .text.HAL_TIM_Encoder_Start  stm32f1xx_hal_tim.o
    0x08002d70   0x08002d70   0x00000002   Code   RO          343    .text.HAL_TIM_IC_CaptureCallback  stm32f1xx_hal_tim.o
    0x08002d72   0x08002d72   0x00000002   PAD
    0x08002d74   0x08002d74   0x0000014e   Code   RO          341    .text.HAL_TIM_IRQHandler  stm32f1xx_hal_tim.o
    0x08002ec2   0x08002ec2   0x00000002   PAD
    0x08002ec4   0x08002ec4   0x00000002   Code   RO          345    .text.HAL_TIM_OC_DelayElapsedCallback  stm32f1xx_hal_tim.o
    0x08002ec6   0x08002ec6   0x00000002   PAD
    0x08002ec8   0x08002ec8   0x00000204   Code   RO          361    .text.HAL_TIM_PWM_ConfigChannel  stm32f1xx_hal_tim.o
    0x080030cc   0x080030cc   0x000000fa   Code   RO          261    .text.HAL_TIM_PWM_Init  stm32f1xx_hal_tim.o
    0x080031c6   0x080031c6   0x00000002   PAD
    0x080031c8   0x080031c8   0x00000002   Code   RO          263    .text.HAL_TIM_PWM_MspInit  stm32f1xx_hal_tim.o
    0x080031ca   0x080031ca   0x00000002   PAD
    0x080031cc   0x080031cc   0x00000002   Code   RO          347    .text.HAL_TIM_PWM_PulseFinishedCallback  stm32f1xx_hal_tim.o
    0x080031ce   0x080031ce   0x00000002   PAD
    0x080031d0   0x080031d0   0x000000da   Code   RO          269    .text.HAL_TIM_PWM_Start  stm32f1xx_hal_tim.o
    0x080032aa   0x080032aa   0x00000002   PAD
    0x080032ac   0x080032ac   0x000000a6   Code   RO          271    .text.HAL_TIM_PWM_Stop  stm32f1xx_hal_tim.o
    0x08003352   0x08003352   0x00000002   PAD
    0x08003354   0x08003354   0x00000014   Code   RO           17    .text.HAL_TIM_PeriodElapsedCallback  main.o
    0x08003368   0x08003368   0x00000002   Code   RO          351    .text.HAL_TIM_TriggerCallback  stm32f1xx_hal_tim.o
    0x0800336a   0x0800336a   0x00000002   PAD
    0x0800336c   0x0800336c   0x00000002   Code   RO         1177    .text.HAL_UARTEx_RxEventCallback  stm32f1xx_hal_uart.o
    0x0800336e   0x0800336e   0x00000002   PAD
    0x08003370   0x08003370   0x00000002   Code   RO         1175    .text.HAL_UART_ErrorCallback  stm32f1xx_hal_uart.o
    0x08003372   0x08003372   0x00000002   PAD
    0x08003374   0x08003374   0x0000000e   Code   RO         1197    .text.HAL_UART_GetState  stm32f1xx_hal_uart.o
    0x08003382   0x08003382   0x00000002   PAD
    0x08003384   0x08003384   0x00000570   Code   RO         1169    .text.HAL_UART_IRQHandler  stm32f1xx_hal_uart.o
    0x080038f4   0x080038f4   0x000000e2   Code   RO         1093    .text.HAL_UART_Init  stm32f1xx_hal_uart.o
    0x080039d6   0x080039d6   0x00000002   PAD
    0x080039d8   0x080039d8   0x000000fe   Code   RO          126    .text.HAL_UART_MspInit  usart.o
    0x08003ad6   0x08003ad6   0x00000002   PAD
    0x08003ad8   0x08003ad8   0x00000002   Code   RO         1183    .text.HAL_UART_RxCpltCallback  stm32f1xx_hal_uart.o
    0x08003ada   0x08003ada   0x00000002   PAD
    0x08003adc   0x08003adc   0x000000c2   Code   RO         1117    .text.HAL_UART_Transmit_DMA  stm32f1xx_hal_uart.o
    0x08003b9e   0x08003b9e   0x00000002   PAD
    0x08003ba0   0x08003ba0   0x00000002   Code   RO         1179    .text.HAL_UART_TxCpltCallback  stm32f1xx_hal_uart.o
    0x08003ba2   0x08003ba2   0x00000002   PAD
    0x08003ba4   0x08003ba4   0x00000002   Code   RO         1181    .text.HAL_UART_TxHalfCpltCallback  stm32f1xx_hal_uart.o
    0x08003ba6   0x08003ba6   0x00000002   PAD
    0x08003ba8   0x08003ba8   0x00000002   Code   RO          143    .text.HardFault_Handler  stm32f1xx_it.o
    0x08003baa   0x08003baa   0x00000002   PAD
    0x08003bac   0x08003bac   0x000001a2   Code   RO         1866    .text.I2C_ReadByte  light_i2c.o
    0x08003d4e   0x08003d4e   0x00000002   PAD
    0x08003d50   0x08003d50   0x00000164   Code   RO         1870    .text.I2C_ReadDate  light_i2c.o
    0x08003eb4   0x08003eb4   0x00000166   Code   RO         1864    .text.I2C_SendByte  light_i2c.o
    0x0800401a   0x0800401a   0x00000002   PAD
    0x0800401c   0x0800401c   0x000000b4   Code   RO         1862    .text.I2C_WaitAck   light_i2c.o
    0x080040d0   0x080040d0   0x000000ba   Code   RO          969    .text.I2C_WaitOnBTFFlagUntilTimeout  stm32f1xx_hal_i2c.o
    0x0800418a   0x0800418a   0x00000002   PAD
    0x0800418c   0x0800418c   0x000001ca   Code   RO          965    .text.I2C_WaitOnFlagUntilTimeout  stm32f1xx_hal_i2c.o
    0x08004356   0x08004356   0x00000002   PAD
    0x08004358   0x08004358   0x000000d6   Code   RO         1083    .text.I2C_WaitOnMasterAddressFlagUntilTimeout  stm32f1xx_hal_i2c.o
    0x0800442e   0x0800442e   0x00000002   PAD
    0x08004430   0x08004430   0x00000090   Code   RO          973    .text.I2C_WaitOnRXNEFlagUntilTimeout  stm32f1xx_hal_i2c.o
    0x080044c0   0x080044c0   0x000000ba   Code   RO          967    .text.I2C_WaitOnTXEFlagUntilTimeout  stm32f1xx_hal_i2c.o
    0x0800457a   0x0800457a   0x00000002   PAD
    0x0800457c   0x0800457c   0x00000108   Code   RO         1868    .text.I2C_WriteData  light_i2c.o
    0x08004684   0x08004684   0x0000001c   Code   RO         1824    .text.Knob_Init     knob.o
    0x080046a0   0x080046a0   0x00000028   Code   RO         1826    .text.Knob_IsRotating  knob.o
    0x080046c8   0x080046c8   0x00000070   Code   RO         1838    .text.Light_Get     light.o
    0x08004738   0x08004738   0x0000005a   Code   RO           58    .text.MX_ADC1_Init  adc.o
    0x08004792   0x08004792   0x00000002   PAD
    0x08004794   0x08004794   0x00000058   Code   RO           60    .text.MX_ADC2_Init  adc.o
    0x080047ec   0x080047ec   0x00000044   Code   RO           76    .text.MX_DMA_Init   dma.o
    0x08004830   0x08004830   0x000000a6   Code   RO           37    .text.MX_FREERTOS_Init  freertos.o
    0x080048d6   0x080048d6   0x00000002   PAD
    0x080048d8   0x080048d8   0x000000be   Code   RO           28    .text.MX_GPIO_Init  gpio.o
    0x08004996   0x08004996   0x00000002   PAD
    0x08004998   0x08004998   0x00000042   Code   RO           85    .text.MX_I2C1_Init  i2c.o
    0x080049da   0x080049da   0x00000002   PAD
    0x080049dc   0x080049dc   0x0000006c   Code   RO          100    .text.MX_TIM1_Init  tim.o
    0x08004a48   0x08004a48   0x00000104   Code   RO          102    .text.MX_TIM4_Init  tim.o
    0x08004b4c   0x08004b4c   0x0000003c   Code   RO          124    .text.MX_USART3_UART_Init  usart.o
    0x08004b88   0x08004b88   0x00000002   Code   RO          145    .text.MemManage_Handler  stm32f1xx_it.o
    0x08004b8a   0x08004b8a   0x00000002   PAD
    0x08004b8c   0x08004b8c   0x00000002   Code   RO          141    .text.NMI_Handler   stm32f1xx_it.o
    0x08004b8e   0x08004b8e   0x00000002   PAD
    0x08004b90   0x08004b90   0x00000342   Code   RO         1922    .text.OLED_DrawLine  oled.o
    0x08004ed2   0x08004ed2   0x00000002   PAD
    0x08004ed4   0x08004ed4   0x00000202   Code   RO         1898    .text.OLED_Init     oled.o
    0x080050d6   0x080050d6   0x00000002   PAD
    0x080050d8   0x080050d8   0x00000014   Code   RO         1906    .text.OLED_NewFrame  oled.o
    0x080050ec   0x080050ec   0x00000058   Code   RO         1942    .text.OLED_PrintASCIIString  oled.o
    0x08005144   0x08005144   0x0000014a   Code   RO         1946    .text.OLED_PrintString  oled.o
    0x0800528e   0x0800528e   0x00000002   PAD
    0x08005290   0x08005290   0x00000100   Code   RO         1916    .text.OLED_SetBits_Fine  oled.o
    0x08005390   0x08005390   0x000005f6   Code   RO         1920    .text.OLED_SetBlock  oled.o
    0x08005986   0x08005986   0x00000002   PAD
    0x08005988   0x08005988   0x000002be   Code   RO         1908    .text.OLED_ShowFrame  oled.o
    0x08005c46   0x08005c46   0x0000000a   PAD
    0x08005c50   0x08005c50   0x00000044   Code   RO         1778    .text.PendSV_Handler  port.o
    0x08005c94   0x08005c94   0x00000012   Code   RO         1961    .text.Pump_Off      pump.o
    0x08005ca6   0x08005ca6   0x00000002   PAD
    0x08005ca8   0x08005ca8   0x00000012   Code   RO         1959    .text.Pump_On       pump.o
    0x08005cba   0x08005cba   0x00000002   PAD
    0x08005cbc   0x08005cbc   0x00000028   Code   RO         1972    .text.Rain_Get      rain.o
    0x08005ce4   0x08005ce4   0x0000000c   Code   RO         1970    .text.Rain_init     rain.o
    0x08005cf0   0x08005cf0   0x00000018   Code   RO         2080    .text.RangeEditIndex_Next  screen.o
    0x08005d08   0x08005d08   0x00000016   Code   RO         2082    .text.RangeEditIndex_Prev  screen.o
    0x08005d1e   0x08005d1e   0x00000002   PAD
    0x08005d20   0x08005d20   0x00000014   Code   RO         2088    .text.RangeEditState_Toggle  screen.o
    0x08005d34   0x08005d34   0x0000000c   PAD
    0x08005d40   0x08005d40   0x00000024   Code   RO         1764    .text.SVC_Handler   port.o
    0x08005d64   0x08005d64   0x00000018   Code   RO         2078    .text.ScreenPage_NextPage  screen.o
    0x08005d7c   0x08005d7c   0x00000028   Code   RO         1984    .text.SoilMoisture_Get  soil_moisture.o
    0x08005da4   0x08005da4   0x0000000c   Code   RO         1982    .text.SoilMoisture_init  soil_moisture.o
    0x08005db0   0x08005db0   0x0000005e   Code   RO         2018    .text.StartBLETask  bletask.o
    0x08005e0e   0x08005e0e   0x00000002   PAD
    0x08005e10   0x08005e10   0x0000007e   Code   RO         2029    .text.StartInputTask  inputtask.o
    0x08005e8e   0x08005e8e   0x00000002   PAD
    0x08005e90   0x08005e90   0x0000004a   Code   RO         2045    .text.StartScreenTask  screentask.o
    0x08005eda   0x08005eda   0x00000002   PAD
    0x08005edc   0x08005edc   0x000003ec   Code   RO         2057    .text.StartSensorTask  sensortask.o
    0x080062c8   0x080062c8   0x0000001e   Code   RO         1575    .text.SysTick_Handler  cmsis_os2.o
    0x080062e6   0x080062e6   0x00000002   PAD
    0x080062e8   0x080062e8   0x00000002   Code   RO         1213    .text.SystemInit    system_stm32f1xx.o
    0x080062ea   0x080062ea   0x00000002   PAD
    0x080062ec   0x080062ec   0x0000000c   Code   RO          157    .text.TIM3_IRQHandler  stm32f1xx_it.o
    0x080062f8   0x080062f8   0x00000016   Code   RO         1641    .text.TimerCallback  cmsis_os2.o
    0x0800630e   0x0800630e   0x00000002   PAD
    0x08006310   0x08006310   0x0000000c   Code   RO         1173    .text.UART_DMAAbortOnError  stm32f1xx_hal_uart.o
    0x0800631c   0x0800631c   0x0000017c   Code   RO         1123    .text.UART_DMAError  stm32f1xx_hal_uart.o
    0x08006498   0x08006498   0x000000b0   Code   RO         1119    .text.UART_DMATransmitCplt  stm32f1xx_hal_uart.o
    0x08006548   0x08006548   0x00000006   Code   RO         1121    .text.UART_DMATxHalfCplt  stm32f1xx_hal_uart.o
    0x0800654e   0x0800654e   0x00000002   PAD
    0x08006550   0x08006550   0x000000fe   Code   RO         1171    .text.UART_Receive_IT  stm32f1xx_hal_uart.o
    0x0800664e   0x0800664e   0x00000002   PAD
    0x08006650   0x08006650   0x0000000c   Code   RO          159    .text.USART3_IRQHandler  stm32f1xx_it.o
    0x0800665c   0x0800665c   0x00000002   Code   RO          149    .text.UsageFault_Handler  stm32f1xx_it.o
    0x0800665e   0x0800665e   0x00000002   PAD
    0x08006660   0x08006660   0x00000054   Code   RO         1994    .text.floatToIntDec  utils.o
    0x080066b4   0x080066b4   0x0000006a   Code   RO         1807    .text.isKey1Clicked  key.o
    0x0800671e   0x0800671e   0x00000002   PAD
    0x08006720   0x08006720   0x0000006a   Code   RO         1809    .text.isKey3Clicked  key.o
    0x0800678a   0x0800678a   0x00000002   PAD
    0x0800678c   0x0800678c   0x000000b2   Code   RO           11    .text.main          main.o
    0x0800683e   0x0800683e   0x00000002   PAD
    0x08006840   0x08006840   0x00000020   Code   RO         1635    .text.osDelay       cmsis_os2.o
    0x08006860   0x08006860   0x00000028   Code   RO         1577    .text.osKernelInitialize  cmsis_os2.o
    0x08006888   0x08006888   0x0000003c   Code   RO         1583    .text.osKernelStart  cmsis_os2.o
    0x080068c4   0x080068c4   0x00000090   Code   RO         1689    .text.osMessageQueueGet  cmsis_os2.o
    0x08006954   0x08006954   0x00000092   Code   RO         1685    .text.osMessageQueueNew  cmsis_os2.o
    0x080069e6   0x080069e6   0x00000002   PAD
    0x080069e8   0x080069e8   0x00000090   Code   RO         1687    .text.osMessageQueuePut  cmsis_os2.o
    0x08006a78   0x08006a78   0x00000046   Code   RO         1667    .text.osMutexAcquire  cmsis_os2.o
    0x08006abe   0x08006abe   0x00000002   PAD
    0x08006ac0   0x08006ac0   0x00000074   Code   RO         1665    .text.osMutexNew    cmsis_os2.o
    0x08006b34   0x08006b34   0x00000046   Code   RO         1669    .text.osMutexRelease  cmsis_os2.o
    0x08006b7a   0x08006b7a   0x00000002   PAD
    0x08006b7c   0x08006b7c   0x00000094   Code   RO         1599    .text.osThreadNew   cmsis_os2.o
    0x08006c10   0x08006c10   0x0000008a   Code   RO         1639    .text.osTimerNew    cmsis_os2.o
    0x08006c9a   0x08006c9a   0x00000002   PAD
    0x08006c9c   0x08006c9c   0x0000003a   Code   RO         1645    .text.osTimerStart  cmsis_os2.o
    0x08006cd6   0x08006cd6   0x00000002   PAD
    0x08006cd8   0x08006cd8   0x0000004c   Code   RO         1647    .text.osTimerStop   cmsis_os2.o
    0x08006d24   0x08006d24   0x0000028a   Code   RO         1410    .text.prvAddNewTaskToReadyList  tasks.o
    0x08006fae   0x08006fae   0x00000002   PAD
    0x08006fb0   0x08006fb0   0x00000086   Code   RO         1442    .text.prvIdleTask   tasks.o
    0x08007036   0x08007036   0x00000002   PAD
    0x08007038   0x08007038   0x00000104   Code   RO         1408    .text.prvInitialiseNewTask  tasks.o
    0x0800713c   0x0800713c   0x000000ae   Code   RO         1531    .text.prvInitialiseNewTimer  timers.o
    0x080071ea   0x080071ea   0x00000002   PAD
    0x080071ec   0x080071ec   0x00000020   Code   RO         1770    .text.prvPortStartFirstTask  port.o
    0x0800720c   0x0800720c   0x0000003e   Code   RO         1762    .text.prvTaskExitError  port.o
    0x0800724a   0x0800724a   0x00000002   PAD
    0x0800724c   0x0800724c   0x0000037a   Code   RO         1527    .text.prvTimerTask  timers.o
    0x080075c6   0x080075c6   0x00000002   PAD
    0x080075c8   0x080075c8   0x00000074   Code   RO         1309    .text.prvUnlockQueue  queue.o
    0x0800763c   0x0800763c   0x000001e8   Code   RO         1738    .text.pvPortMalloc  heap_4.o
    0x08007824   0x08007824   0x00000018   Code   RO         1498    .text.pvTaskIncrementMutexHeldCount  tasks.o
    0x0800783c   0x0800783c   0x00000026   Code   RO         1551    .text.pvTimerGetTimerID  timers.o
    0x08007862   0x08007862   0x00000002   PAD
    0x08007864   0x08007864   0x00000020   Code   RO         1760    .text.pxPortInitialiseStack  port.o
    0x08007884   0x08007884   0x00000204   Code   RO         2041    .text.renderHomePage  screentask.o
    0x08007a88   0x08007a88   0x000004d8   Code   RO         2043    .text.renderRangePage  screentask.o
    0x08007f60   0x08007f60   0x00000022   Code   RO         1273    .text.uxListRemove  list.o
    0x08007f82   0x08007f82   0x00000002   PAD
    0x08007f84   0x08007f84   0x0000001a   Code   RO         1721    .text.vApplicationGetIdleTaskMemory  cmsis_os2.o
    0x08007f9e   0x08007f9e   0x00000002   PAD
    0x08007fa0   0x08007fa0   0x0000001c   Code   RO         1723    .text.vApplicationGetTimerTaskMemory  cmsis_os2.o
    0x08007fbc   0x08007fbc   0x00000016   Code   RO         1265    .text.vListInitialise  list.o
    0x08007fd2   0x08007fd2   0x00000002   PAD
    0x08007fd4   0x08007fd4   0x00000006   Code   RO         1267    .text.vListInitialiseItem  list.o
    0x08007fda   0x08007fda   0x00000002   PAD
    0x08007fdc   0x08007fdc   0x00000062   Code   RO         1271    .text.vListInsert   list.o
    0x0800803e   0x0800803e   0x00000002   PAD
    0x08008040   0x08008040   0x0000001a   Code   RO         1269    .text.vListInsertEnd  list.o
    0x0800805a   0x0800805a   0x00000002   PAD
    0x0800805c   0x0800805c   0x00000046   Code   RO         1774    .text.vPortEnterCritical  port.o
    0x080080a2   0x080080a2   0x00000002   PAD
    0x080080a4   0x080080a4   0x0000002e   Code   RO         1776    .text.vPortExitCritical  port.o
    0x080080d2   0x080080d2   0x00000002   PAD
    0x080080d4   0x080080d4   0x000000de   Code   RO         1740    .text.vPortFree     heap_4.o
    0x080081b2   0x080081b2   0x00000002   PAD
    0x080081b4   0x080081b4   0x00000034   Code   RO         1768    .text.vPortSetupTimerInterrupt  port.o
    0x080081e8   0x080081e8   0x0000005e   Code   RO         1782    .text.vPortValidateInterruptPriority  port.o
    0x08008246   0x08008246   0x00000002   PAD
    0x08008248   0x08008248   0x00000058   Code   RO         1343    .text.vQueueAddToRegistry  queue.o
    0x080082a0   0x080082a0   0x00000052   Code   RO         1347    .text.vQueueWaitForMessageRestricted  queue.o
    0x080082f2   0x080082f2   0x00000002   PAD
    0x080082f4   0x080082f4   0x00000080   Code   RO         1422    .text.vTaskDelay    tasks.o
    0x08008374   0x08008374   0x00000012   Code   RO         1472    .text.vTaskInternalSetTimeOutState  tasks.o
    0x08008386   0x08008386   0x00000002   PAD
    0x08008388   0x08008388   0x0000000e   Code   RO         1476    .text.vTaskMissedYield  tasks.o
    0x08008396   0x08008396   0x00000002   PAD
    0x08008398   0x08008398   0x00000074   Code   RO         1460    .text.vTaskPlaceOnEventList  tasks.o
    0x0800840c   0x0800840c   0x0000007a   Code   RO         1464    .text.vTaskPlaceOnEventListRestricted  tasks.o
    0x08008486   0x08008486   0x00000002   PAD
    0x08008488   0x08008488   0x000000a4   Code   RO         1494    .text.vTaskPriorityDisinheritAfterTimeout  tasks.o
    0x0800852c   0x0800852c   0x000000f0   Code   RO         1440    .text.vTaskStartScheduler  tasks.o
    0x0800861c   0x0800861c   0x00000010   Code   RO         1418    .text.vTaskSuspendAll  tasks.o
    0x0800862c   0x0800862c   0x000000cc   Code   RO         1434    .text.vTaskSwitchContext  tasks.o
    0x080086f8   0x080086f8   0x00000130   Code   RO         1766    .text.xPortStartScheduler  port.o
    0x08008828   0x08008828   0x0000002e   Code   RO         1780    .text.xPortSysTickHandler  port.o
    0x08008856   0x08008856   0x00000002   PAD
    0x08008858   0x08008858   0x00000070   Code   RO         1289    .text.xQueueCreateMutex  queue.o
    0x080088c8   0x080088c8   0x000000a2   Code   RO         1291    .text.xQueueCreateMutexStatic  queue.o
    0x0800896a   0x0800896a   0x00000002   PAD
    0x0800896c   0x0800896c   0x00000082   Code   RO         1287    .text.xQueueGenericCreate  queue.o
    0x080089ee   0x080089ee   0x00000002   PAD
    0x080089f0   0x080089f0   0x000000da   Code   RO         1285    .text.xQueueGenericCreateStatic  queue.o
    0x08008aca   0x08008aca   0x00000002   PAD
    0x08008acc   0x08008acc   0x000002c0   Code   RO         1299    .text.xQueueGenericSend  queue.o
    0x08008d8c   0x08008d8c   0x00000148   Code   RO         1311    .text.xQueueGenericSendFromISR  queue.o
    0x08008ed4   0x08008ed4   0x00000044   Code   RO         1297    .text.xQueueGiveMutexRecursive  queue.o
    0x08008f18   0x08008f18   0x0000023e   Code   RO         1315    .text.xQueueReceive  queue.o
    0x08009156   0x08009156   0x00000002   PAD
    0x08009158   0x08009158   0x000000d2   Code   RO         1319    .text.xQueueReceiveFromISR  queue.o
    0x0800922a   0x0800922a   0x00000002   PAD
    0x0800922c   0x0800922c   0x0000028a   Code   RO         1303    .text.xQueueSemaphoreTake  queue.o
    0x080094b6   0x080094b6   0x00000002   PAD
    0x080094b8   0x080094b8   0x00000048   Code   RO         1301    .text.xQueueTakeMutexRecursive  queue.o
    0x08009500   0x08009500   0x0000009a   Code   RO         1474    .text.xTaskCheckForTimeOut  tasks.o
    0x0800959a   0x0800959a   0x00000002   PAD
    0x0800959c   0x0800959c   0x00000060   Code   RO         1412    .text.xTaskCreate   tasks.o
    0x080095fc   0x080095fc   0x00000076   Code   RO         1406    .text.xTaskCreateStatic  tasks.o
    0x08009672   0x08009672   0x00000002   PAD
    0x08009674   0x08009674   0x0000000c   Code   RO         1486    .text.xTaskGetCurrentTaskHandle  tasks.o
    0x08009680   0x08009680   0x0000001e   Code   RO         1488    .text.xTaskGetSchedulerState  tasks.o
    0x0800969e   0x0800969e   0x00000002   PAD
    0x080096a0   0x080096a0   0x0000000c   Code   RO         1448    .text.xTaskGetTickCount  tasks.o
    0x080096ac   0x080096ac   0x00000104   Code   RO         1446    .text.xTaskIncrementTick  tasks.o
    0x080097b0   0x080097b0   0x0000008e   Code   RO         1492    .text.xTaskPriorityDisinherit  tasks.o
    0x0800983e   0x0800983e   0x00000002   PAD
    0x08009840   0x08009840   0x00000090   Code   RO         1490    .text.xTaskPriorityInherit  tasks.o
    0x080098d0   0x080098d0   0x00000072   Code   RO         1466    .text.xTaskRemoveFromEventList  tasks.o
    0x08009942   0x08009942   0x00000002   PAD
    0x08009944   0x08009944   0x000000ee   Code   RO         1420    .text.xTaskResumeAll  tasks.o
    0x08009a32   0x08009a32   0x00000002   PAD
    0x08009a34   0x08009a34   0x0000003a   Code   RO         1529    .text.xTimerCreate  timers.o
    0x08009a6e   0x08009a6e   0x00000002   PAD
    0x08009a70   0x08009a70   0x00000052   Code   RO         1533    .text.xTimerCreateStatic  timers.o
    0x08009ac2   0x08009ac2   0x00000002   PAD
    0x08009ac4   0x08009ac4   0x000000b4   Code   RO         1525    .text.xTimerCreateTimerTask  timers.o
    0x08009b78   0x08009b78   0x00000076   Code   RO         1535    .text.xTimerGenericCommand  timers.o
    0x08009bee   0x08009bee   0x00000002   PAD
    0x08009bf0   0x08009bf0   0x0000002e   Code   RO         1549    .text.xTimerIsTimerActive  timers.o
    0x08009c1e   0x08009c1e   0x00000002   PAD
    0x08009c20   0x08009c20   0x00000062   Code   RO         2156    x$fpl$d2f           fz_ws.l(d2f.o)
    0x08009c82   0x08009c82   0x00000002   PAD
    0x08009c84   0x08009c84   0x00000150   Code   RO         2158    x$fpl$dadd          fz_ws.l(daddsub_clz.o)
    0x08009dd4   0x08009dd4   0x00000018   Code   RO         2256    x$fpl$dcmpinf       fz_ws.l(dcmpi.o)
    0x08009dec   0x08009dec   0x000002b8   Code   RO         2167    x$fpl$ddiv          fz_ws.l(ddiv.o)
    0x0800a0a4   0x0800a0a4   0x00000078   Code   RO         2218    x$fpl$deqf          fz_ws.l(deqf.o)
    0x0800a11c   0x0800a11c   0x0000005e   Code   RO         2170    x$fpl$dfix          fz_ws.l(dfix.o)
    0x0800a17a   0x0800a17a   0x0000002e   Code   RO         2175    x$fpl$dflt          fz_ws.l(dflt_clz.o)
    0x0800a1a8   0x0800a1a8   0x00000026   Code   RO         2174    x$fpl$dfltu         fz_ws.l(dflt_clz.o)
    0x0800a1ce   0x0800a1ce   0x00000002   PAD
    0x0800a1d0   0x0800a1d0   0x00000078   Code   RO         2220    x$fpl$dgeqf         fz_ws.l(dgeqf.o)
    0x0800a248   0x0800a248   0x00000078   Code   RO         2222    x$fpl$dleqf         fz_ws.l(dleqf.o)
    0x0800a2c0   0x0800a2c0   0x00000154   Code   RO         2180    x$fpl$dmul          fz_ws.l(dmul.o)
    0x0800a414   0x0800a414   0x0000009c   Code   RO         2224    x$fpl$dnaninf       fz_ws.l(dnaninf.o)
    0x0800a4b0   0x0800a4b0   0x0000000c   Code   RO         2226    x$fpl$dretinf       fz_ws.l(dretinf.o)
    0x0800a4bc   0x0800a4bc   0x000001dc   Code   RO         2160    x$fpl$dsub          fz_ws.l(daddsub_clz.o)
    0x0800a698   0x0800a698   0x00000056   Code   RO         2182    x$fpl$f2d           fz_ws.l(f2d.o)
    0x0800a6ee   0x0800a6ee   0x00000002   PAD
    0x0800a6f0   0x0800a6f0   0x000000c4   Code   RO         2184    x$fpl$fadd          fz_ws.l(faddsub_clz.o)
    0x0800a7b4   0x0800a7b4   0x00000054   Code   RO         2164    x$fpl$fcmp          fz_ws.l(dcmp.o)
    0x0800a808   0x0800a808   0x00000054   Code   RO         2190    x$fpl$fcmp          fz_ws.l(fcmp.o)
    0x0800a85c   0x0800a85c   0x00000018   Code   RO         2258    x$fpl$fcmpinf       fz_ws.l(fcmpi.o)
    0x0800a874   0x0800a874   0x00000068   Code   RO         2228    x$fpl$feqf          fz_ws.l(feqf.o)
    0x0800a8dc   0x0800a8dc   0x00000036   Code   RO         2192    x$fpl$ffix          fz_ws.l(ffix.o)
    0x0800a912   0x0800a912   0x00000002   PAD
    0x0800a914   0x0800a914   0x00000030   Code   RO         2197    x$fpl$fflt          fz_ws.l(fflt_clz.o)
    0x0800a944   0x0800a944   0x00000026   Code   RO         2196    x$fpl$ffltu         fz_ws.l(fflt_clz.o)
    0x0800a96a   0x0800a96a   0x00000002   PAD
    0x0800a96c   0x0800a96c   0x00000068   Code   RO         2230    x$fpl$fgeqf         fz_ws.l(fgeqf.o)
    0x0800a9d4   0x0800a9d4   0x00000068   Code   RO         2232    x$fpl$fleqf         fz_ws.l(fleqf.o)
    0x0800aa3c   0x0800aa3c   0x00000102   Code   RO         2202    x$fpl$fmul          fz_ws.l(fmul.o)
    0x0800ab3e   0x0800ab3e   0x0000008c   Code   RO         2234    x$fpl$fnaninf       fz_ws.l(fnaninf.o)
    0x0800abca   0x0800abca   0x0000000a   Code   RO         2236    x$fpl$fretinf       fz_ws.l(fretinf.o)
    0x0800abd4   0x0800abd4   0x000000ea   Code   RO         2186    x$fpl$fsub          fz_ws.l(faddsub_clz.o)
    0x0800acbe   0x0800acbe   0x00000000   Code   RO         2238    x$fpl$usenofp       fz_ws.l(usenofp.o)
    0x0800acbe   0x0800acbe   0x00000010   Data   RO         1218    .rodata.AHBPrescTable  system_stm32f1xx.o
    0x0800acce   0x0800acce   0x00000008   Data   RO         1219    .rodata.APBPrescTable  system_stm32f1xx.o
    0x0800acd6   0x0800acd6   0x00000002   PAD
    0x0800acd8   0x0800acd8   0x00000018   Data   RO           46    .rodata.BLEQueue_attributes  freertos.o
    0x0800acf0   0x0800acf0   0x00000024   Data   RO           45    .rodata.BLETask_attributes  freertos.o
    0x0800ad14   0x0800ad14   0x00000010   Data   RO           47    .rodata.BeepTimer_attributes  freertos.o
    0x0800ad24   0x0800ad24   0x00000002   Data   RO          711    .rodata.HAL_RCC_GetSysClockFreq.aPredivFactorTable  stm32f1xx_hal_rcc.o
    0x0800ad26   0x0800ad26   0x00000002   PAD
    0x0800ad28   0x0800ad28   0x00000024   Data   RO           43    .rodata.InputTask_attributes  freertos.o
    0x0800ad4c   0x0800ad4c   0x00000024   Data   RO           44    .rodata.ScreenTask_attributes  freertos.o
    0x0800ad70   0x0800ad70   0x00000024   Data   RO           42    .rodata.SensorTask_attributes  freertos.o
    0x0800ad94   0x0800ad94   0x00000008   Data   RO         1883    .rodata.afont12x6   font.o
    0x0800ad9c   0x0800ad9c   0x00000474   Data   RO         1882    .rodata.ascii_12x6  font.o
    0x0800b210   0x0800b210   0x00000010   Data   RO          710    .rodata.cst16       stm32f1xx_hal_rcc.o
    0x0800b220   0x0800b220   0x00000010   Data   RO         1888    .rodata.font12x12   font.o
    0x0800b230   0x0800b230   0x00000010   Data   RO           48    .rodata.i2c1Mutex_attributes  freertos.o
    0x0800b240   0x0800b240   0x00000045   Data   RO           41    .rodata.str1.1      freertos.o
    0x0800b285   0x0800b285   0x00000005   Data   RO         1565    .rodata.str1.1      timers.o
    0x0800b28a   0x0800b28a   0x0000000b   Data   RO         2047    .rodata.str1.1      screentask.o
    0x0800b295   0x0800b295   0x00000074   Data   RO         2059    .rodata.str1.1      sensortask.o
    0x0800b309   0x0800b309   0x000001f8   Data   RO         1887    .rodata.zh12x12     font.o
    0x0800b501   0x0800b501   0x00000003   PAD
    0x0800b504   0x0800b504   0x00000020   Data   RO         2406    Region$$Table       anon$$obj.o


    Execution Region RW_IRAM1 (Exec base: 0x20000000, Load base: 0x0800b528, Size: 0x000042f8, Max: 0x00005000, ABSOLUTE)

    Exec Addr    Load Addr    Size         Type   Attr      Idx    E Section Name        Object

    0x20000000   0x0800b528   0x00000008   Data   RW          673    .data..L_MergedGlobals  stm32f1xx_hal.o
    0x20000008   0x0800b530   0x00000004   Data   RW         1217    .data.SystemCoreClock  system_stm32f1xx.o
    0x2000000c   0x0800b534   0x00000004   Data   RW         1784    .data.uxCriticalNesting  port.o
    0x20000010        -       0x00000060   Zero   RW         2271    .bss                c_w.l(libspace.o)
    0x20000070        -       0x0000001c   Zero   RW           49    .bss..L_MergedGlobals  freertos.o
    0x2000008c        -       0x00000078   Zero   RW         1515    .bss..L_MergedGlobals  tasks.o
    0x20000104        -       0x0000003c   Zero   RW         1566    .bss..L_MergedGlobals  timers.o
    0x20000140        -       0x00000020   Zero   RW         1751    .bss..L_MergedGlobals  heap_4.o
    0x20000160        -       0x00000008   Zero   RW         1785    .bss..L_MergedGlobals  port.o
    0x20000168        -       0x00000028   Zero   RW         1516    .bss..L_MergedGlobals.2  tasks.o
    0x20000190        -       0x00000001   Zero   RW         2009    .bss.BeepTimerCallback.beep_state  beeptimer.o
    0x20000191   0x0800b538   0x00000003   PAD
    0x20000194        -       0x00000004   Zero   RW         1725    .bss.KernelState    cmsis_os2.o
    0x20000198        -       0x00000400   Zero   RW         1949    .bss.OLED_GRAM      oled.o
    0x20000598        -       0x00000002   Zero   RW         1948    .bss.OLED_SendCmd.sendBuffer  oled.o
    0x2000059a        -       0x00000081   Zero   RW         1950    .bss.OLED_ShowFrame.sendBuffer  oled.o
    0x2000061b   0x0800b538   0x00000001   PAD
    0x2000061c        -       0x0000001c   Zero   RW         2070    .bss.farmSafeRange  farmstate.o
    0x20000638        -       0x00000010   Zero   RW         2071    .bss.farmState      farmstate.o
    0x20000648        -       0x00000030   Zero   RW           66    .bss.hadc1          adc.o
    0x20000678        -       0x00000030   Zero   RW           67    .bss.hadc2          adc.o
    0x200006a8        -       0x00000044   Zero   RW          131    .bss.hdma_usart3_rx  usart.o
    0x200006ec        -       0x00000044   Zero   RW          132    .bss.hdma_usart3_tx  usart.o
    0x20000730        -       0x00000054   Zero   RW           91    .bss.hi2c1          i2c.o
    0x20000784        -       0x00000048   Zero   RW          114    .bss.htim1          tim.o
    0x200007cc        -       0x00000048   Zero   RW          184    .bss.htim3          stm32f1xx_hal_timebase_tim.o
    0x20000814        -       0x00000048   Zero   RW          115    .bss.htim4          tim.o
    0x2000085c        -       0x00000048   Zero   RW          130    .bss.huart3         usart.o
    0x200008a4        -       0x00000001   Zero   RW         1811    .bss.isKey1Clicked.pressed  key.o
    0x200008a5        -       0x00000001   Zero   RW         1812    .bss.isKey3Clicked.pressed  key.o
    0x200008a6        -       0x00000001   Zero   RW         2090    .bss.pageIndex      screen.o
    0x200008a7        -       0x000000a0   Zero   RW         1564    .bss.prvCheckForValidListAndQueue.ucStaticTimerQueueStorage  timers.o
    0x20000947   0x0800b538   0x00000001   PAD
    0x20000948        -       0x00000050   Zero   RW         1563    .bss.prvCheckForValidListAndQueue.xStaticTimerQueue  timers.o
    0x20000998        -       0x00000460   Zero   RW         1514    .bss.pxReadyTasksLists  tasks.o
    0x20000df8        -       0x00000001   Zero   RW         2091    .bss.rangeEditIndex  screen.o
    0x20000df9        -       0x00000001   Zero   RW         2092    .bss.rangeEditState  screen.o
    0x20000dfa        -       0x00000001   Zero   RW         2048    .bss.renderRangePage.flashCount  screentask.o
    0x20000dfb        -       0x00002800   Zero   RW         1750    .bss.ucHeap         heap_4.o
    0x200035fb   0x0800b538   0x00000001   PAD
    0x200035fc        -       0x00000004   Zero   RW          672    .bss.uwTick         stm32f1xx_hal.o
    0x20003600        -       0x00000200   Zero   RW         1727    .bss.vApplicationGetIdleTaskMemory.Idle_Stack  cmsis_os2.o
    0x20003800        -       0x0000005c   Zero   RW         1726    .bss.vApplicationGetIdleTaskMemory.Idle_TCB  cmsis_os2.o
    0x2000385c        -       0x00000400   Zero   RW         1729    .bss.vApplicationGetTimerTaskMemory.Timer_Stack  cmsis_os2.o
    0x20003c5c        -       0x0000005c   Zero   RW         1728    .bss.vApplicationGetTimerTaskMemory.Timer_TCB  cmsis_os2.o
    0x20003cb8        -       0x00000040   Zero   RW         1349    .bss.xQueueRegistry  queue.o
    0x20003cf8        -       0x00000200   Zero   RW            2    HEAP                startup_stm32f103xb.o
    0x20003ef8        -       0x00000400   Zero   RW            1    STACK               startup_stm32f103xb.o


==============================================================================

Image component sizes


      Code (inc. data)   RO Data    RW Data    ZI Data      Debug   Object Name

       352          0          0          0         96       4727   adc.o
       242          0          0          0          0       2164   aht20.o
       120          0          0          0          1       2247   beeptimer.o
        94          0          0          0          0       1589   bletask.o
      1348          0          0          0       1724      42494   cmsis_os2.o
        68          0          0          0          0       2205   dma.o
        66          0          0          0         44       1169   farmstate.o
         0          0       1668          0          0       1072   font.o
       166          0        269          0         28       3998   freertos.o
       190          0          0          0          0       1631   gpio.o
       710          0          0          0      10272       5945   heap_4.o
       172          0          0          0         84       4502   i2c.o
       716         20          0          0          0       2782   inputtask.o
       212          0          0          0          2       1592   key.o
        68          0          0          0          0       2210   knob.o
       112          0          0          0          0       1581   light.o
      1576          0          0          0          0       7399   light_i2c.o
       186          0          0          0          0       2376   list.o
       208          0          0          0          0       6638   main.o
      4270          0          0          0       1155      33394   oled.o
       842         12          0          4          8       4169   port.o
        36          0          0          0          0       1179   pump.o
      3514          0          0          0         64      30880   queue.o
        52          0          0          0          0       3051   rain.o
        90          0          0          0          3       1604   screen.o
      1830        240         11          0          1       5644   screentask.o
      1004        144        116          0          0       3373   sensortask.o
        52          0          0          0          0       3103   soil_moisture.o
        64         26        236          0       1536        800   startup_stm32f103xb.o
       116          0          0          8          4       5788   stm32f1xx_hal.o
      1048          0          0          0          0      13559   stm32f1xx_hal_adc.o
       152          0          0          0          0       8443   stm32f1xx_hal_cortex.o
       960          0          0          0          0       8591   stm32f1xx_hal_dma.o
       546         22          0          0          0       4785   stm32f1xx_hal_gpio.o
      3044          0          0          0          0      45137   stm32f1xx_hal_i2c.o
        80          0          0          0          0       2404   stm32f1xx_hal_msp.o
      1608          0         18          0          0       8096   stm32f1xx_hal_rcc.o
       258          0          0          0          0       3700   stm32f1xx_hal_rcc_ex.o
      2804          6          0          0          0      58600   stm32f1xx_hal_tim.o
       130          0          0          0          0      21241   stm32f1xx_hal_tim_ex.o
       178          0          0          0         72       5877   stm32f1xx_hal_timebase_tim.o
      2664          0          0          0          0      33181   stm32f1xx_hal_uart.o
        60          0          0          0          0       5529   stm32f1xx_it.o
         2          0         24          4          0       1607   system_stm32f1xx.o
      3410          8          0          0       1280      44824   tasks.o
       520          0          0          0        144       7013   tim.o
      1586         18          5          0        300      16702   timers.o
       314          0          0          0        208       5605   usart.o
        84          0          0          0          0        688   utils.o

    ----------------------------------------------------------------------
     38200        496       2386         16      17032     486888   Object Totals
         0          0         32          0          0          0   (incl. Generated)
       276          0          7          0          6          0   (incl. Padding)

    ----------------------------------------------------------------------

      Code (inc. data)   RO Data    RW Data    ZI Data      Debug   Library Member Name

         8          0          0          0          0         68   __main.o
       104          0          0          0          0         84   __printf.o
         0          0          0          0          0          0   __rtentry.o
        12          0          0          0          0          0   __rtentry2.o
         6          0          0          0          0          0   __rtentry4.o
        94          8          0          0          0          0   __scatter.o
        26          0          0          0          0          0   __scatter_copy.o
        28          0          0          0          0          0   __scatter_zi.o
        44          0          0          0          0        108   _printf_char.o
        48          6          0          0          0         96   _printf_char_common.o
         6          0          0          0          0          0   _printf_d.o
       120         16          0          0          0         92   _printf_dec.o
       178          0          0          0          0         88   _printf_intcommon.o
         0          0          0          0          0          0   _printf_percent.o
         4          0          0          0          0          0   _printf_percent_end.o
         6          0          0          0          0          0   _printf_s.o
        82          0          0          0          0         80   _printf_str.o
        16          0          0          0          0         68   _snputc.o
        10          0          0          0          0         68   _sputc.o
        16          0          0          0          0         68   aeabi_memset4.o
        18          0          0          0          0         80   exit.o
         6          0          0          0          0        152   heapauxi.o
         0          0          0          0          0          0   indicate_semi.o
         2          0          0          0          0          0   libinit.o
         2          0          0          0          0          0   libinit2.o
         2          0          0          0          0          0   libshutdown.o
         2          0          0          0          0          0   libshutdown2.o
         8          4          0          0         96         68   libspace.o
        88          0          0          0          0         76   memcmp.o
        64          6          0          0          0         84   noretval__2snprintf.o
        40          6          0          0          0         84   noretval__2sprintf.o
        78          0          0          0          0         80   rt_memclr_w.o
       138          0          0          0          0         68   rt_memcpy_v6.o
       100          0          0          0          0         80   rt_memcpy_w.o
         2          0          0          0          0          0   rtexit.o
        10          0          0          0          0          0   rtexit2.o
        62          0          0          0          0         76   strlen.o
        12          4          0          0          0         68   sys_exit.o
        74          0          0          0          0         80   sys_stackheap_outer.o
         2          0          0          0          0         68   use_no_semi.o
        98          4          0          0          0         92   d2f.o
       812         16          0          0          0        296   daddsub_clz.o
        84          0          0          0          0        196   dcmp.o
        24          0          0          0          0         68   dcmpi.o
       696        140          0          0          0        216   ddiv.o
       120          4          0          0          0         92   deqf.o
        94          4          0          0          0         92   dfix.o
        84          0          0          0          0        136   dflt_clz.o
       120          4          0          0          0         92   dgeqf.o
       120          4          0          0          0         92   dleqf.o
       340         12          0          0          0        104   dmul.o
       156          4          0          0          0         92   dnaninf.o
        12          0          0          0          0         68   dretinf.o
        86          4          0          0          0         84   f2d.o
       430          8          0          0          0        168   faddsub_clz.o
        84          0          0          0          0        196   fcmp.o
        24          0          0          0          0         68   fcmpi.o
       104          4          0          0          0         84   feqf.o
        54          4          0          0          0         84   ffix.o
        86          0          0          0          0        136   fflt_clz.o
       104          4          0          0          0         84   fgeqf.o
       104          4          0          0          0         84   fleqf.o
       258          4          0          0          0         84   fmul.o
       140          4          0          0          0         84   fnaninf.o
        10          0          0          0          0         68   fretinf.o
         0          0          0          0          0          0   usenofp.o

    ----------------------------------------------------------------------
      5786        278          0          0         96       4744   Library Totals
        24          0          0          0          0          0   (incl. Padding)

    ----------------------------------------------------------------------

      Code (inc. data)   RO Data    RW Data    ZI Data      Debug   Library Name

      1518         50          0          0         96       1884   c_w.l
      4244        228          0          0          0       2860   fz_ws.l

    ----------------------------------------------------------------------
      5786        278          0          0         96       4744   Library Totals

    ----------------------------------------------------------------------

==============================================================================


      Code (inc. data)   RO Data    RW Data    ZI Data      Debug   

     43986        774       2386         16      17128     488332   Grand Totals
     43986        774       2386         16      17128     488332   ELF Image Totals
     43986        774       2386         16          0          0   ROM Totals

==============================================================================

    Total RO  Size (Code + RO Data)                46372 (  45.29kB)
    Total RW  Size (RW Data + ZI Data)             17144 (  16.74kB)
    Total ROM Size (Code + RO Data + RW Data)      46388 (  45.30kB)

==============================================================================

