Component: Arm Compiler for Embedded 6.24 Tool: armlink [5f371500]

==============================================================================

Section Cross References

    startup_stm32f103xb.o(STACK) refers (Special) to heapauxi.o(.text) for __use_two_region_memory
    startup_stm32f103xb.o(HEAP) refers (Special) to heapauxi.o(.text) for __use_two_region_memory
    startup_stm32f103xb.o(RESET) refers (Special) to heapauxi.o(.text) for __use_two_region_memory
    startup_stm32f103xb.o(RESET) refers to startup_stm32f103xb.o(STACK) for __initial_sp
    startup_stm32f103xb.o(RESET) refers to startup_stm32f103xb.o(.text) for Reset_Handler
    startup_stm32f103xb.o(RESET) refers to stm32f1xx_it.o(.text.NMI_Handler) for NMI_Handler
    startup_stm32f103xb.o(RESET) refers to stm32f1xx_it.o(.text.HardFault_Handler) for HardFault_Handler
    startup_stm32f103xb.o(RESET) refers to stm32f1xx_it.o(.text.MemManage_Handler) for MemManage_Handler
    startup_stm32f103xb.o(RESET) refers to stm32f1xx_it.o(.text.BusFault_Handler) for BusFault_Handler
    startup_stm32f103xb.o(RESET) refers to stm32f1xx_it.o(.text.UsageFault_Handler) for UsageFault_Handler
    startup_stm32f103xb.o(RESET) refers to stm32f1xx_it.o(.text.SVC_Handler) for SVC_Handler
    startup_stm32f103xb.o(RESET) refers to stm32f1xx_it.o(.text.DebugMon_Handler) for DebugMon_Handler
    startup_stm32f103xb.o(RESET) refers to stm32f1xx_it.o(.text.PendSV_Handler) for PendSV_Handler
    startup_stm32f103xb.o(RESET) refers to stm32f1xx_it.o(.text.SysTick_Handler) for SysTick_Handler
    startup_stm32f103xb.o(.text) refers (Special) to heapauxi.o(.text) for __use_two_region_memory
    startup_stm32f103xb.o(.text) refers to system_stm32f1xx.o(.text.SystemInit) for SystemInit
    startup_stm32f103xb.o(.text) refers to __main.o(!!!main) for __main
    startup_stm32f103xb.o(.text) refers to startup_stm32f103xb.o(HEAP) for Heap_Mem
    startup_stm32f103xb.o(.text) refers to startup_stm32f103xb.o(STACK) for Stack_Mem
    main.o(.text) refers (Special) to _printf_percent.o(.ARM.Collect$$_printf_percent$$00000000) for _printf_percent
    main.o(.text) refers (Special) to _printf_f.o(.ARM.Collect$$_printf_percent$$00000003) for _printf_f
    main.o(.text) refers (Special) to printf1.o(x$fpl$printf1) for _printf_fp_dec
    main.o(.text.main) refers (Special) to _printf_percent.o(.ARM.Collect$$_printf_percent$$00000000) for _printf_percent
    main.o(.text.main) refers (Special) to _printf_f.o(.ARM.Collect$$_printf_percent$$00000003) for _printf_f
    main.o(.text.main) refers (Special) to printf1.o(x$fpl$printf1) for _printf_fp_dec
    main.o(.text.main) refers to stm32f1xx_hal.o(.text.HAL_Init) for HAL_Init
    main.o(.text.main) refers to rt_memclr_w.o(.text) for __aeabi_memclr4
    main.o(.text.main) refers to stm32f1xx_hal_rcc.o(.text.HAL_RCC_OscConfig) for HAL_RCC_OscConfig
    main.o(.text.main) refers to stm32f1xx_hal_rcc.o(.text.HAL_RCC_ClockConfig) for HAL_RCC_ClockConfig
    main.o(.text.main) refers to gpio.o(.text.MX_GPIO_Init) for MX_GPIO_Init
    main.o(.text.main) refers to i2c.o(.text.MX_I2C1_Init) for MX_I2C1_Init
    main.o(.text.main) refers to usart.o(.text.MX_USART2_UART_Init) for MX_USART2_UART_Init
    main.o(.text.main) refers to aht20.o(.text.AHT20_Init) for AHT20_Init
    main.o(.text.main) refers to stm32f1xx_hal.o(.text.HAL_Delay) for HAL_Delay
    main.o(.text.main) refers to oled.o(.text.OLED_Init) for OLED_Init
    main.o(.text.main) refers to font.o(.rodata.font16x16) for font16x16
    main.o(.text.main) refers to aht20.o(.text.AHT20_Read) for AHT20_Read
    main.o(.text.main) refers to f2d.o(x$fpl$f2d) for __aeabi_f2d
    main.o(.text.main) refers to noretval__2sprintf.o(.text) for __2sprintf
    main.o(.text.main) refers to strlen.o(.text) for strlen
    main.o(.text.main) refers to usart.o(.bss.huart2) for huart2
    main.o(.text.main) refers to stm32f1xx_hal_uart.o(.text.HAL_UART_Transmit) for HAL_UART_Transmit
    main.o(.text.main) refers to oled.o(.text.OLED_NewFrame) for OLED_NewFrame
    main.o(.text.main) refers to oled.o(.text.OLED_PrintString) for OLED_PrintString
    main.o(.text.main) refers to oled.o(.text.OLED_ShowFrame) for OLED_ShowFrame
    main.o(.ARM.exidx.text.main) refers (Special) to _printf_percent.o(.ARM.Collect$$_printf_percent$$00000000) for _printf_percent
    main.o(.ARM.exidx.text.main) refers (Special) to _printf_f.o(.ARM.Collect$$_printf_percent$$00000003) for _printf_f
    main.o(.ARM.exidx.text.main) refers (Special) to printf1.o(x$fpl$printf1) for _printf_fp_dec
    main.o(.ARM.exidx.text.main) refers to main.o(.text.main) for [Anonymous Symbol]
    main.o(.text.SystemClock_Config) refers (Special) to _printf_percent.o(.ARM.Collect$$_printf_percent$$00000000) for _printf_percent
    main.o(.text.SystemClock_Config) refers (Special) to _printf_f.o(.ARM.Collect$$_printf_percent$$00000003) for _printf_f
    main.o(.text.SystemClock_Config) refers (Special) to printf1.o(x$fpl$printf1) for _printf_fp_dec
[...]
    Removing stm32f1xx_hal_uart.o(.ARM.exidx.text.HAL_HalfDuplex_EnableReceiver), (8 bytes).
    Removing stm32f1xx_hal_uart.o(.text.HAL_UART_GetState), (14 bytes).
    Removing stm32f1xx_hal_uart.o(.ARM.exidx.text.HAL_UART_GetState), (8 bytes).
    Removing stm32f1xx_hal_uart.o(.text.HAL_UART_GetError), (4 bytes).
    Removing stm32f1xx_hal_uart.o(.ARM.exidx.text.HAL_UART_GetError), (8 bytes).
    Removing stm32f1xx_hal_uart.o(.text.UART_DMAReceiveCplt), (350 bytes).
    Removing stm32f1xx_hal_uart.o(.ARM.exidx.text.UART_DMAReceiveCplt), (8 bytes).
    Removing stm32f1xx_hal_uart.o(.text.UART_DMARxHalfCplt), (24 bytes).
    Removing stm32f1xx_hal_uart.o(.ARM.exidx.text.UART_DMARxHalfCplt), (8 bytes).
    Removing system_stm32f1xx.o(.text), (0 bytes).
    Removing system_stm32f1xx.o(.ARM.exidx.text.SystemInit), (8 bytes).
    Removing system_stm32f1xx.o(.text.SystemCoreClockUpdate), (92 bytes).
    Removing system_stm32f1xx.o(.ARM.exidx.text.SystemCoreClockUpdate), (8 bytes).
    Removing aht20.o(.text), (0 bytes).
    Removing aht20.o(.ARM.exidx.text.AHT20_Init), (8 bytes).
    Removing aht20.o(.ARM.exidx.text.AHT20_Read), (8 bytes).
    Removing aht20.o(.bss.readBuffer), (6 bytes).
    Removing font.o(.text), (0 bytes).
    Removing font.o(.rodata.ascii_8x6), (552 bytes).
    Removing font.o(.rodata.afont8x6), (8 bytes).
    Removing font.o(.rodata.ascii_12x6), (1140 bytes).
    Removing font.o(.rodata.afont12x6), (8 bytes).
    Removing font.o(.rodata.ascii_24x12), (3420 bytes).
    Removing font.o(.rodata.afont24x12), (8 bytes).
    Removing font.o(.rodata.bilibiliData), (1024 bytes).
    Removing font.o(.rodata.bilibiliImg), (8 bytes).
    Removing font.o(.rodata.bilibiliTVData), (480 bytes).
    Removing font.o(.rodata.bilibiliTVImg), (8 bytes).
    Removing oled.o(.text), (0 bytes).
    Removing oled.o(.text.OLED_Send), (34 bytes).
    Removing oled.o(.ARM.exidx.text.OLED_Send), (8 bytes).
    Removing oled.o(.text.OLED_SendCmd), (42 bytes).
    Removing oled.o(.ARM.exidx.text.OLED_SendCmd), (8 bytes).
    Removing oled.o(.ARM.exidx.text.OLED_Init), (8 bytes).
    Removing oled.o(.text.OLED_DisPlay_On), (82 bytes).
    Removing oled.o(.ARM.exidx.text.OLED_DisPlay_On), (8 bytes).
    Removing oled.o(.text.OLED_DisPlay_Off), (82 bytes).
    Removing oled.o(.ARM.exidx.text.OLED_DisPlay_Off), (8 bytes).
    Removing oled.o(.text.OLED_SetColorMode), (56 bytes).
    Removing oled.o(.ARM.exidx.text.OLED_SetColorMode), (8 bytes).
    Removing oled.o(.ARM.exidx.text.OLED_NewFrame), (8 bytes).
    Removing oled.o(.ARM.exidx.text.OLED_ShowFrame), (8 bytes).
    Removing oled.o(.text.OLED_SetPixel), (56 bytes).
    Removing oled.o(.ARM.exidx.text.OLED_SetPixel), (8 bytes).
    Removing oled.o(.text.OLED_SetByte_Fine), (96 bytes).
    Removing oled.o(.ARM.exidx.text.OLED_SetByte_Fine), (8 bytes).
    Removing oled.o(.text.OLED_SetByte), (38 bytes).
    Removing oled.o(.ARM.exidx.text.OLED_SetByte), (8 bytes).
    Removing oled.o(.ARM.exidx.text.OLED_SetBits_Fine), (8 bytes).
    Removing oled.o(.text.OLED_SetBits), (166 bytes).
    Removing oled.o(.ARM.exidx.text.OLED_SetBits), (8 bytes).
    Removing oled.o(.ARM.exidx.text.OLED_SetBlock), (8 bytes).
    Removing oled.o(.text.OLED_DrawLine), (834 bytes).
    Removing oled.o(.ARM.exidx.text.OLED_DrawLine), (8 bytes).
    Removing oled.o(.text.OLED_DrawRectangle), (92 bytes).
    Removing oled.o(.ARM.exidx.text.OLED_DrawRectangle), (8 bytes).
    Removing oled.o(.text.OLED_DrawFilledRectangle), (64 bytes).
    Removing oled.o(.ARM.exidx.text.OLED_DrawFilledRectangle), (8 bytes).
    Removing oled.o(.text.OLED_DrawTriangle), (60 bytes).
    Removing oled.o(.ARM.exidx.text.OLED_DrawTriangle), (8 bytes).
    Removing oled.o(.text.OLED_DrawFilledTriangle), (218 bytes).
    Removing oled.o(.ARM.exidx.text.OLED_DrawFilledTriangle), (8 bytes).
    Removing oled.o(.text.OLED_DrawCircle), (1106 bytes).
    Removing oled.o(.ARM.exidx.text.OLED_DrawCircle), (8 bytes).
    Removing oled.o(.text.OLED_DrawFilledCircle), (602 bytes).
    Removing oled.o(.ARM.exidx.text.OLED_DrawFilledCircle), (8 bytes).
    Removing oled.o(.text.OLED_DrawEllipse), (1250 bytes).
    Removing oled.o(.ARM.exidx.text.OLED_DrawEllipse), (8 bytes).
    Removing oled.o(.text.OLED_DrawImage), (28 bytes).
    Removing oled.o(.ARM.exidx.text.OLED_DrawImage), (8 bytes).
    Removing oled.o(.text.OLED_PrintASCIIChar), (42 bytes).
    Removing oled.o(.ARM.exidx.text.OLED_PrintASCIIChar), (8 bytes).
    Removing oled.o(.text.OLED_PrintASCIIString), (88 bytes).
    Removing oled.o(.ARM.exidx.text.OLED_PrintASCIIString), (8 bytes).
    Removing oled.o(.text._OLED_GetUTF8Len), (56 bytes).
    Removing oled.o(.ARM.exidx.text._OLED_GetUTF8Len), (8 bytes).
    Removing oled.o(.ARM.exidx.text.OLED_PrintString), (8 bytes).

585 unused section(s) (total 47890 bytes) removed from the image.

==============================================================================

Image Symbol Table

    Local Symbols

    Symbol Name                              Value     Ov Type        Size  Object(Section)

    ../clib/angel/boardlib.s                 0x00000000   Number         0  boardinit1.o ABSOLUTE
    ../clib/angel/boardlib.s                 0x00000000   Number         0  boardinit2.o ABSOLUTE
    ../clib/angel/boardlib.s                 0x00000000   Number         0  boardinit3.o ABSOLUTE
    ../clib/angel/boardlib.s                 0x00000000   Number         0  boardshut.o ABSOLUTE
    ../clib/angel/handlers.s                 0x00000000   Number         0  __scatter_copy.o ABSOLUTE
    ../clib/angel/handlers.s                 0x00000000   Number         0  __scatter_zi.o ABSOLUTE
    ../clib/angel/kernel.s                   0x00000000   Number         0  __rtentry.o ABSOLUTE
    ../clib/angel/kernel.s                   0x00000000   Number         0  __rtentry2.o ABSOLUTE
    ../clib/angel/kernel.s                   0x00000000   Number         0  __rtentry4.o ABSOLUTE
    ../clib/angel/kernel.s                   0x00000000   Number         0  rtexit.o ABSOLUTE
    ../clib/angel/kernel.s                   0x00000000   Number         0  rtexit2.o ABSOLUTE
    ../clib/angel/rt.s                       0x00000000   Number         0  rt_locale.o ABSOLUTE
    ../clib/angel/rt.s                       0x00000000   Number         0  rt_locale_intlibspace.o ABSOLUTE
    ../clib/angel/rt.s                       0x00000000   Number         0  rt_raise.o ABSOLUTE
    ../clib/angel/scatter.s                  0x00000000   Number         0  __scatter.o ABSOLUTE
    ../clib/angel/startup.s                  0x00000000   Number         0  __main.o ABSOLUTE
    ../clib/angel/sys.s                      0x00000000   Number         0  libspace.o ABSOLUTE
    ../clib/angel/sys.s                      0x00000000   Number         0  sys_stackheap_outer.o ABSOLUTE
    ../clib/angel/sys.s                      0x00000000   Number         0  use_no_semi.o ABSOLUTE
    ../clib/angel/sys.s                      0x00000000   Number         0  indicate_semi.o ABSOLUTE
    ../clib/angel/sysapp.c                   0x00000000   Number         0  sys_command.o ABSOLUTE
    ../clib/angel/sysapp.c                   0x00000000   Number         0  sys_exit.o ABSOLUTE
    ../clib/angel/sysapp.c                   0x00000000   Number         0  sys_command_hlt.o ABSOLUTE
    ../clib/angel/sysapp.c                   0x00000000   Number         0  sys_exit_hlt.o ABSOLUTE
    ../clib/angel/sysapp.c                   0x00000000   Number         0  sys_wrch.o ABSOLUTE
    ../clib/angel/sysapp.c                   0x00000000   Number         0  sys_wrch_hlt.o ABSOLUTE
    ../clib/armsys.c                         0x00000000   Number         0  argv_veneer.o ABSOLUTE
    ../clib/armsys.c                         0x00000000   Number         0  argv_veneer.o ABSOLUTE
    ../clib/armsys.c                         0x00000000   Number         0  _get_argv_nomalloc.o ABSOLUTE
    ../clib/armsys.c                         0x00000000   Number         0  no_argv.o ABSOLUTE
    ../clib/bigflt.c                         0x00000000   Number         0  bigflt0.o ABSOLUTE
    ../clib/btod.s                           0x00000000   Number         0  btod.o ABSOLUTE
    ../clib/btod_accurate.c                  0x00000000   Number         0  btod_accurate.o ABSOLUTE
    ../clib/btod_accurate.c                  0x00000000   Number         0  btod_accurate_common.o ABSOLUTE
    ../clib/heapalloc.c                      0x00000000   Number         0  hrguard.o ABSOLUTE
    ../clib/heapaux.c                        0x00000000   Number         0  heapauxi.o ABSOLUTE
    ../clib/libinit.s                        0x00000000   Number         0  libinit.o ABSOLUTE
    ../clib/libinit.s                        0x00000000   Number         0  libinit2.o ABSOLUTE
    ../clib/libinit.s                        0x00000000   Number         0  libshutdown.o ABSOLUTE
    ../clib/libinit.s                        0x00000000   Number         0  libshutdown2.o ABSOLUTE
    ../clib/locale.s                         0x00000000   Number         0  lc_numeric_c.o ABSOLUTE
    ../clib/longlong.s                       0x00000000   Number         0  lludiv10.o ABSOLUTE
    ../clib/longlong.s                       0x00000000   Number         0  llushr.o ABSOLUTE
    ../clib/memcpset.s                       0x00000000   Number         0  rt_memcpy_v6.o ABSOLUTE
    ../clib/memcpset.s                       0x00000000   Number         0  rt_memclr_w.o ABSOLUTE
    ../clib/memcpset.s                       0x00000000   Number         0  rt_memcpy_w.o ABSOLUTE
    ../clib/memcpset.s                       0x00000000   Number         0  strcmpv7m.o ABSOLUTE
    ../clib/misc.s                           0x00000000   Number         0  printf_stubs.o ABSOLUTE
    ../clib/printf.c                         0x00000000   Number         0  __2sprintf.o ABSOLUTE
    ../clib/printf.c                         0x00000000   Number         0  noretval__2sprintf.o ABSOLUTE
    ../clib/printf.c                         0x00000000   Number         0  __printf.o ABSOLUTE
    ../clib/printf.c                         0x00000000   Number         0  __printf_flags.o ABSOLUTE
    ../clib/printf.c                         0x00000000   Number         0  __printf_ss.o ABSOLUTE
    ../clib/printf.c                         0x00000000   Number         0  __printf_flags_ss.o ABSOLUTE
    ../clib/printf.c                         0x00000000   Number         0  __printf_wp.o ABSOLUTE
    ../clib/printf.c                         0x00000000   Number         0  __printf_flags_wp.o ABSOLUTE
    ../clib/printf.c                         0x00000000   Number         0  __printf_ss_wp.o ABSOLUTE
    ../clib/printf.c                         0x00000000   Number         0  __printf_flags_ss_wp.o ABSOLUTE
    ../clib/printf.c                         0x00000000   Number         0  _printf_fp_dec.o ABSOLUTE
    ../clib/printf.c                         0x00000000   Number         0  _printf_fp_dec_accurate.o ABSOLUTE
    ../clib/printf.c                         0x00000000   Number         0  _printf_char_common.o ABSOLUTE
    ../clib/printf.c                         0x00000000   Number         0  _sputc.o ABSOLUTE
    ../clib/printf.c                         0x00000000   Number         0  _printf_fp_infnan.o ABSOLUTE
    ../clib/printf.c                         0x00000000   Number         0  __printf_nopercent.o ABSOLUTE
    ../clib/printf_percent.s                 0x00000000   Number         0  _printf_f.o ABSOLUTE
    ../clib/printf_percent.s                 0x00000000   Number         0  _printf_percent.o ABSOLUTE
    ../clib/printf_percent.s                 0x00000000   Number         0  _printf_percent_end.o ABSOLUTE
    ../clib/signal.c                         0x00000000   Number         0  defsig_rtmem_outer.o ABSOLUTE
    ../clib/signal.c                         0x00000000   Number         0  defsig_rtmem_formal.o ABSOLUTE
    ../clib/signal.c                         0x00000000   Number         0  defsig_exit.o ABSOLUTE
    ../clib/signal.c                         0x00000000   Number         0  defsig_rtmem_inner.o ABSOLUTE
    ../clib/signal.c                         0x00000000   Number         0  __raise.o ABSOLUTE
    ../clib/signal.c                         0x00000000   Number         0  defsig_general.o ABSOLUTE
    ../clib/signal.c                         0x00000000   Number         0  defsig_abrt_inner.o ABSOLUTE
    ../clib/signal.c                         0x00000000   Number         0  defsig_fpe_inner.o ABSOLUTE
    ../clib/signal.c                         0x00000000   Number         0  defsig_rtred_inner.o ABSOLUTE
    ../clib/signal.c                         0x00000000   Number         0  defsig_stak_inner.o ABSOLUTE
    ../clib/signal.c                         0x00000000   Number         0  defsig_pvfn_inner.o ABSOLUTE
    ../clib/signal.c                         0x00000000   Number         0  defsig_cppl_inner.o ABSOLUTE
    ../clib/signal.c                         0x00000000   Number         0  defsig_segv_inner.o ABSOLUTE
    ../clib/signal.c                         0x00000000   Number         0  defsig_other.o ABSOLUTE
    ../clib/signal.s                         0x00000000   Number         0  defsig.o ABSOLUTE
    ../clib/stdlib.c                         0x00000000   Number         0  exit.o ABSOLUTE
    ../clib/string.c                         0x00000000   Number         0  memcmp.o ABSOLUTE
    ../clib/string.c                         0x00000000   Number         0  strlen.o ABSOLUTE
    ../fplib/daddsub.s                       0x00000000   Number         0  daddsub_clz.o ABSOLUTE
    ../fplib/dfix.s                          0x00000000   Number         0  dfix.o ABSOLUTE
    ../fplib/dflt.s                          0x00000000   Number         0  dflt_clz.o ABSOLUTE
    ../fplib/dmul.s                          0x00000000   Number         0  dmul.o ABSOLUTE
    ../fplib/dnaninf.s                       0x00000000   Number         0  dnaninf.o ABSOLUTE
    ../fplib/dretinf.s                       0x00000000   Number         0  dretinf.o ABSOLUTE
    ../fplib/f2d.s                           0x00000000   Number         0  f2d.o ABSOLUTE
    ../fplib/faddsub.s                       0x00000000   Number         0  faddsub_clz.o ABSOLUTE
    ../fplib/fflt.s                          0x00000000   Number         0  fflt_clz.o ABSOLUTE
    ../fplib/fmul.s                          0x00000000   Number         0  fmul.o ABSOLUTE
    ../fplib/fnaninf.s                       0x00000000   Number         0  fnaninf.o ABSOLUTE
    ../fplib/fpinit.s                        0x00000000   Number         0  fpinit.o ABSOLUTE
    ../fplib/fpinit_empty.s                  0x00000000   Number         0  fpinit_empty.o ABSOLUTE
    ../fplib/fretinf.s                       0x00000000   Number         0  fretinf.o ABSOLUTE
    ../fplib/istatus.s                       0x00000000   Number         0  istatus.o ABSOLUTE
    ../fplib/printf1.s                       0x00000000   Number         0  printf1.o ABSOLUTE
    ../fplib/usenofp.s                       0x00000000   Number         0  usenofp.o ABSOLUTE
    ../mathlib/fpclassify.c                  0x00000000   Number         0  fpclassify.o ABSOLUTE
    aht20.c                                  0x00000000   Number         0  aht20.o ABSOLUTE
    dc.s                                     0x00000000   Number         0  dc.o ABSOLUTE
    font.c                                   0x00000000   Number         0  font.o ABSOLUTE
    gpio.c                                   0x00000000   Number         0  gpio.o ABSOLUTE
    i2c.c                                    0x00000000   Number         0  i2c.o ABSOLUTE
    main.c                                   0x00000000   Number         0  main.o ABSOLUTE
    oled.c                                   0x00000000   Number         0  oled.o ABSOLUTE
    startup_stm32f103xb.s                    0x00000000   Number         0  startup_stm32f103xb.o ABSOLUTE
    stm32f1xx_hal.c                          0x00000000   Number         0  stm32f1xx_hal.o ABSOLUTE
    stm32f1xx_hal_cortex.c                   0x00000000   Number         0  stm32f1xx_hal_cortex.o ABSOLUTE
    stm32f1xx_hal_dma.c                      0x00000000   Number         0  stm32f1xx_hal_dma.o ABSOLUTE
    stm32f1xx_hal_exti.c                     0x00000000   Number         0  stm32f1xx_hal_exti.o ABSOLUTE
    stm32f1xx_hal_flash.c                    0x00000000   Number         0  stm32f1xx_hal_flash.o ABSOLUTE
    stm32f1xx_hal_flash_ex.c                 0x00000000   Number         0  stm32f1xx_hal_flash_ex.o ABSOLUTE
    stm32f1xx_hal_gpio.c                     0x00000000   Number         0  stm32f1xx_hal_gpio.o ABSOLUTE
    stm32f1xx_hal_gpio_ex.c                  0x00000000   Number         0  stm32f1xx_hal_gpio_ex.o ABSOLUTE
    stm32f1xx_hal_i2c.c                      0x00000000   Number         0  stm32f1xx_hal_i2c.o ABSOLUTE
    stm32f1xx_hal_msp.c                      0x00000000   Number         0  stm32f1xx_hal_msp.o ABSOLUTE
    stm32f1xx_hal_pwr.c                      0x00000000   Number         0  stm32f1xx_hal_pwr.o ABSOLUTE
    stm32f1xx_hal_rcc.c                      0x00000000   Number         0  stm32f1xx_hal_rcc.o ABSOLUTE
    stm32f1xx_hal_rcc_ex.c                   0x00000000   Number         0  stm32f1xx_hal_rcc_ex.o ABSOLUTE
    stm32f1xx_hal_uart.c                     0x00000000   Number         0  stm32f1xx_hal_uart.o ABSOLUTE
    stm32f1xx_it.c                           0x00000000   Number         0  stm32f1xx_it.o ABSOLUTE
    system_stm32f1xx.c                       0x00000000   Number         0  system_stm32f1xx.o ABSOLUTE
    usart.c                                  0x00000000   Number         0  usart.o ABSOLUTE
    RESET                                    0x08000000   Section      236  startup_stm32f103xb.o(RESET)
    !!!main                                  0x080000ec   Section        8  __main.o(!!!main)
    !!!scatter                               0x080000f4   Section       92  __scatter.o(!!!scatter)
    !!handler_copy                           0x08000150   Section       26  __scatter_copy.o(!!handler_copy)
    !!handler_null                           0x0800016c   Section        2  __scatter.o(!!handler_null)
    !!handler_zi                             0x08000170   Section       28  __scatter_zi.o(!!handler_zi)
    .ARM.Collect$$_printf_percent$$00000000  0x0800018c   Section        0  _printf_percent.o(.ARM.Collect$$_printf_percent$$00000000)
    .ARM.Collect$$_printf_percent$$00000003  0x0800018c   Section        6  _printf_f.o(.ARM.Collect$$_printf_percent$$00000003)
    .ARM.Collect$$_printf_percent$$00000017  0x08000192   Section        4  _printf_percent_end.o(.ARM.Collect$$_printf_percent$$00000017)
    .ARM.Collect$$libinit$$00000000          0x08000196   Section        2  libinit.o(.ARM.Collect$$libinit$$00000000)
    .ARM.Collect$$libinit$$00000002          0x08000198   Section        0  libinit2.o(.ARM.Collect$$libinit$$00000002)
    .ARM.Collect$$libinit$$00000004          0x08000198   Section        0  libinit2.o(.ARM.Collect$$libinit$$00000004)
    .ARM.Collect$$libinit$$00000006          0x08000198   Section        0  libinit2.o(.ARM.Collect$$libinit$$00000006)
    .ARM.Collect$$libinit$$0000000C          0x08000198   Section        0  libinit2.o(.ARM.Collect$$libinit$$0000000C)
    .ARM.Collect$$libinit$$0000000E          0x08000198   Section        0  libinit2.o(.ARM.Collect$$libinit$$0000000E)
    .ARM.Collect$$libinit$$00000010          0x08000198   Section        0  libinit2.o(.ARM.Collect$$libinit$$00000010)
    .ARM.Collect$$libinit$$00000011          0x08000198   Section        6  libinit2.o(.ARM.Collect$$libinit$$00000011)
    .ARM.Collect$$libinit$$00000013          0x0800019e   Section        0  libinit2.o(.ARM.Collect$$libinit$$00000013)
    .ARM.Collect$$libinit$$00000015          0x0800019e   Section        0  libinit2.o(.ARM.Collect$$libinit$$00000015)
    .ARM.Collect$$libinit$$00000017          0x0800019e   Section        0  libinit2.o(.ARM.Collect$$libinit$$00000017)
    .ARM.Collect$$libinit$$00000018          0x0800019e   Section       10  libinit2.o(.ARM.Collect$$libinit$$00000018)
    .ARM.Collect$$libinit$$00000019          0x080001a8   Section        0  libinit2.o(.ARM.Collect$$libinit$$00000019)
    .ARM.Collect$$libinit$$0000001B          0x080001a8   Section        0  libinit2.o(.ARM.Collect$$libinit$$0000001B)
    .ARM.Collect$$libinit$$0000001D          0x080001a8   Section        0  libinit2.o(.ARM.Collect$$libinit$$0000001D)
    .ARM.Collect$$libinit$$0000001F          0x080001a8   Section        0  libinit2.o(.ARM.Collect$$libinit$$0000001F)
    .ARM.Collect$$libinit$$00000021          0x080001a8   Section        0  libinit2.o(.ARM.Collect$$libinit$$00000021)
    .ARM.Collect$$libinit$$00000023          0x080001a8   Section        0  libinit2.o(.ARM.Collect$$libinit$$00000023)
    .ARM.Collect$$libinit$$00000025          0x080001a8   Section        0  libinit2.o(.ARM.Collect$$libinit$$00000025)
    .ARM.Collect$$libinit$$00000027          0x080001a8   Section        0  libinit2.o(.ARM.Collect$$libinit$$00000027)
    .ARM.Collect$$libinit$$0000002E          0x080001a8   Section        0  libinit2.o(.ARM.Collect$$libinit$$0000002E)
    .ARM.Collect$$libinit$$00000030          0x080001a8   Section        0  libinit2.o(.ARM.Collect$$libinit$$00000030)
    .ARM.Collect$$libinit$$00000032          0x080001a8   Section        0  libinit2.o(.ARM.Collect$$libinit$$00000032)
    .ARM.Collect$$libinit$$00000034          0x080001a8   Section        0  libinit2.o(.ARM.Collect$$libinit$$00000034)
    .ARM.Collect$$libinit$$00000035          0x080001a8   Section        2  libinit2.o(.ARM.Collect$$libinit$$00000035)
    .ARM.Collect$$libshutdown$$00000000      0x080001aa   Section        2  libshutdown.o(.ARM.Collect$$libshutdown$$00000000)
    .ARM.Collect$$libshutdown$$00000002      0x080001ac   Section        0  libshutdown2.o(.ARM.Collect$$libshutdown$$00000002)
    .ARM.Collect$$libshutdown$$00000004      0x080001ac   Section        0  libshutdown2.o(.ARM.Collect$$libshutdown$$00000004)
    .ARM.Collect$$libshutdown$$00000007      0x080001ac   Section        0  libshutdown2.o(.ARM.Collect$$libshutdown$$00000007)
    .ARM.Collect$$libshutdown$$0000000A      0x080001ac   Section        0  libshutdown2.o(.ARM.Collect$$libshutdown$$0000000A)
    .ARM.Collect$$libshutdown$$0000000C      0x080001ac   Section        0  libshutdown2.o(.ARM.Collect$$libshutdown$$0000000C)
    .ARM.Collect$$libshutdown$$0000000F      0x080001ac   Section        0  libshutdown2.o(.ARM.Collect$$libshutdown$$0000000F)
    .ARM.Collect$$libshutdown$$00000010      0x080001ac   Section        2  libshutdown2.o(.ARM.Collect$$libshutdown$$00000010)
    .ARM.Collect$$rtentry$$00000000          0x080001ae   Section        0  __rtentry.o(.ARM.Collect$$rtentry$$00000000)
    .ARM.Collect$$rtentry$$00000002          0x080001ae   Section        0  __rtentry2.o(.ARM.Collect$$rtentry$$00000002)
    .ARM.Collect$$rtentry$$00000004          0x080001ae   Section        6  __rtentry4.o(.ARM.Collect$$rtentry$$00000004)
    .ARM.Collect$$rtentry$$00000009          0x080001b4   Section        0  __rtentry2.o(.ARM.Collect$$rtentry$$00000009)
    .ARM.Collect$$rtentry$$0000000A          0x080001b4   Section        4  __rtentry2.o(.ARM.Collect$$rtentry$$0000000A)
    .ARM.Collect$$rtentry$$0000000C          0x080001b8   Section        0  __rtentry2.o(.ARM.Collect$$rtentry$$0000000C)
    .ARM.Collect$$rtentry$$0000000D          0x080001b8   Section        8  __rtentry2.o(.ARM.Collect$$rtentry$$0000000D)
    .ARM.Collect$$rtexit$$00000000           0x080001c0   Section        2  rtexit.o(.ARM.Collect$$rtexit$$00000000)
    .ARM.Collect$$rtexit$$00000002           0x080001c2   Section        0  rtexit2.o(.ARM.Collect$$rtexit$$00000002)
    .ARM.Collect$$rtexit$$00000003           0x080001c2   Section        4  rtexit2.o(.ARM.Collect$$rtexit$$00000003)
    .ARM.Collect$$rtexit$$00000004           0x080001c6   Section        6  rtexit2.o(.ARM.Collect$$rtexit$$00000004)
    .text                                    0x080001cc   Section       64  startup_stm32f103xb.o(.text)
    .text                                    0x0800020c   Section        0  noretval__2sprintf.o(.text)
    .text                                    0x08000234   Section        0  __printf_wp.o(.text)
    .text                                    0x08000342   Section        0  memcmp.o(.text)
    .text                                    0x0800039a   Section        0  strlen.o(.text)
    .text                                    0x080003d8   Section      138  rt_memcpy_v6.o(.text)
    .text                                    0x08000462   Section       78  rt_memclr_w.o(.text)
    .text                                    0x080004b0   Section        0  heapauxi.o(.text)
    _fp_digits                               0x080004b7   Thumb Code   432  _printf_fp_dec.o(.text)
    .text                                    0x080004b6   Section        0  _printf_fp_dec.o(.text)
    _printf_input_char                       0x080008d5   Thumb Code    10  _printf_char_common.o(.text)
    .text                                    0x080008d4   Section        0  _printf_char_common.o(.text)
    .text                                    0x08000904   Section        0  _sputc.o(.text)
    .text                                    0x0800090e   Section      100  rt_memcpy_w.o(.text)
    .text                                    0x08000974   Section        8  rt_locale_intlibspace.o(.text)
    .text                                    0x0800097c   Section      138  lludiv10.o(.text)
    .text                                    0x08000a08   Section        0  _printf_fp_infnan.o(.text)
    .text                                    0x08000a88   Section        0  bigflt0.o(.text)
    .text                                    0x08000b6c   Section        8  libspace.o(.text)
    .text                                    0x08000b74   Section       74  sys_stackheap_outer.o(.text)
    .text                                    0x08000bbe   Section        0  exit.o(.text)
    .text                                    0x08000bd0   Section      128  strcmpv7m.o(.text)
    .text                                    0x08000c50   Section        0  sys_exit.o(.text)
    .text                                    0x08000c5c   Section        2  use_no_semi.o(.text)
    .text                                    0x08000c5e   Section        0  indicate_semi.o(.text)
    [Anonymous Symbol]                       0x08000c60   Section        0  aht20.o(.text.AHT20_Init)
    [Anonymous Symbol]                       0x08000cac   Section        0  aht20.o(.text.AHT20_Read)
    [Anonymous Symbol]                       0x08000d54   Section        0  stm32f1xx_it.o(.text.BusFault_Handler)
    [Anonymous Symbol]                       0x08000d58   Section        0  stm32f1xx_it.o(.text.DebugMon_Handler)
    [Anonymous Symbol]                       0x08000d5c   Section        0  main.o(.text.Error_Handler)
    [Anonymous Symbol]                       0x08000d68   Section        0  stm32f1xx_hal.o(.text.HAL_Delay)
    [Anonymous Symbol]                       0x08000d90   Section        0  stm32f1xx_hal_gpio.o(.text.HAL_GPIO_Init)
    [Anonymous Symbol]                       0x08000fa0   Section        0  stm32f1xx_hal.o(.text.HAL_GetTick)
    [Anonymous Symbol]                       0x08000fac   Section        0  stm32f1xx_hal_i2c.o(.text.HAL_I2C_Init)
    [Anonymous Symbol]                       0x08001110   Section        0  stm32f1xx_hal_i2c.o(.text.HAL_I2C_Master_Receive)
    [Anonymous Symbol]                       0x08001510   Section        0  stm32f1xx_hal_i2c.o(.text.HAL_I2C_Master_Transmit)
    [Anonymous Symbol]                       0x080016ec   Section        0  i2c.o(.text.HAL_I2C_MspInit)
    [Anonymous Symbol]                       0x08001758   Section        0  stm32f1xx_hal.o(.text.HAL_IncTick)
    [Anonymous Symbol]                       0x08001774   Section        0  stm32f1xx_hal.o(.text.HAL_Init)
    [Anonymous Symbol]                       0x0800179c   Section        0  stm32f1xx_hal.o(.text.HAL_InitTick)
    [Anonymous Symbol]                       0x080017e4   Section        0  stm32f1xx_hal_msp.o(.text.HAL_MspInit)
    [Anonymous Symbol]                       0x08001828   Section        0  stm32f1xx_hal_cortex.o(.text.HAL_NVIC_SetPriority)
    [Anonymous Symbol]                       0x08001880   Section        0  stm32f1xx_hal_cortex.o(.text.HAL_NVIC_SetPriorityGrouping)
    [Anonymous Symbol]                       0x080018a0   Section        0  stm32f1xx_hal_rcc.o(.text.HAL_RCC_ClockConfig)
    [Anonymous Symbol]                       0x08001a5c   Section        0  stm32f1xx_hal_rcc.o(.text.HAL_RCC_GetPCLK1Freq)
    [Anonymous Symbol]                       0x08001a84   Section        0  stm32f1xx_hal_rcc.o(.text.HAL_RCC_GetPCLK2Freq)
    [Anonymous Symbol]                       0x08001aac   Section        0  stm32f1xx_hal_rcc.o(.text.HAL_RCC_OscConfig)
    [Anonymous Symbol]                       0x08001eac   Section        0  stm32f1xx_hal_cortex.o(.text.HAL_SYSTICK_Config)
    [Anonymous Symbol]                       0x08001ed8   Section        0  stm32f1xx_hal_uart.o(.text.HAL_UART_Init)
    [Anonymous Symbol]                       0x08001fbc   Section        0  usart.o(.text.HAL_UART_MspInit)
    [Anonymous Symbol]                       0x08002038   Section        0  stm32f1xx_hal_uart.o(.text.HAL_UART_Transmit)
    [Anonymous Symbol]                       0x080021cc   Section        0  stm32f1xx_it.o(.text.HardFault_Handler)
    I2C_WaitOnBTFFlagUntilTimeout            0x080021d1   Thumb Code   186  stm32f1xx_hal_i2c.o(.text.I2C_WaitOnBTFFlagUntilTimeout)
    [Anonymous Symbol]                       0x080021d0   Section        0  stm32f1xx_hal_i2c.o(.text.I2C_WaitOnBTFFlagUntilTimeout)
    I2C_WaitOnFlagUntilTimeout               0x0800228d   Thumb Code   458  stm32f1xx_hal_i2c.o(.text.I2C_WaitOnFlagUntilTimeout)
    [Anonymous Symbol]                       0x0800228c   Section        0  stm32f1xx_hal_i2c.o(.text.I2C_WaitOnFlagUntilTimeout)
    I2C_WaitOnMasterAddressFlagUntilTimeout  0x08002459   Thumb Code   214  stm32f1xx_hal_i2c.o(.text.I2C_WaitOnMasterAddressFlagUntilTimeout)
    [Anonymous Symbol]                       0x08002458   Section        0  stm32f1xx_hal_i2c.o(.text.I2C_WaitOnMasterAddressFlagUntilTimeout)
    I2C_WaitOnRXNEFlagUntilTimeout           0x08002531   Thumb Code   144  stm32f1xx_hal_i2c.o(.text.I2C_WaitOnRXNEFlagUntilTimeout)
    [Anonymous Symbol]                       0x08002530   Section        0  stm32f1xx_hal_i2c.o(.text.I2C_WaitOnRXNEFlagUntilTimeout)
    I2C_WaitOnTXEFlagUntilTimeout            0x080025c1   Thumb Code   186  stm32f1xx_hal_i2c.o(.text.I2C_WaitOnTXEFlagUntilTimeout)
    [Anonymous Symbol]                       0x080025c0   Section        0  stm32f1xx_hal_i2c.o(.text.I2C_WaitOnTXEFlagUntilTimeout)
    [Anonymous Symbol]                       0x0800267c   Section        0  gpio.o(.text.MX_GPIO_Init)
    [Anonymous Symbol]                       0x080026b0   Section        0  i2c.o(.text.MX_I2C1_Init)
    [Anonymous Symbol]                       0x080026f4   Section        0  usart.o(.text.MX_USART2_UART_Init)
    [Anonymous Symbol]                       0x08002730   Section        0  stm32f1xx_it.o(.text.MemManage_Handler)
    [Anonymous Symbol]                       0x08002734   Section        0  stm32f1xx_it.o(.text.NMI_Handler)
    [Anonymous Symbol]                       0x08002738   Section        0  oled.o(.text.OLED_Init)
    [Anonymous Symbol]                       0x0800293c   Section        0  oled.o(.text.OLED_NewFrame)
    [Anonymous Symbol]                       0x08002950   Section        0  oled.o(.text.OLED_PrintString)
    [Anonymous Symbol]                       0x08002a9c   Section        0  oled.o(.text.OLED_SetBits_Fine)
    [Anonymous Symbol]                       0x08002b9c   Section        0  oled.o(.text.OLED_SetBlock)
    [Anonymous Symbol]                       0x08003194   Section        0  oled.o(.text.OLED_ShowFrame)
    [Anonymous Symbol]                       0x08003454   Section        0  stm32f1xx_it.o(.text.PendSV_Handler)
    [Anonymous Symbol]                       0x08003458   Section        0  stm32f1xx_it.o(.text.SVC_Handler)
    [Anonymous Symbol]                       0x0800345c   Section        0  stm32f1xx_it.o(.text.SysTick_Handler)
    [Anonymous Symbol]                       0x08003460   Section        0  system_stm32f1xx.o(.text.SystemInit)
    [Anonymous Symbol]                       0x08003464   Section        0  stm32f1xx_it.o(.text.UsageFault_Handler)
    [Anonymous Symbol]                       0x08003468   Section        0  main.o(.text.main)
    CL$$btod_d2e                             0x080035d0   Section       62  btod.o(CL$$btod_d2e)
    CL$$btod_d2e_denorm_low                  0x0800360e   Section       70  btod.o(CL$$btod_d2e_denorm_low)
    CL$$btod_d2e_norm_op1                    0x08003654   Section       96  btod.o(CL$$btod_d2e_norm_op1)
    CL$$btod_div_common                      0x080036b4   Section      824  btod.o(CL$$btod_div_common)
    CL$$btod_e2e                             0x080039ec   Section      220  btod.o(CL$$btod_e2e)
    CL$$btod_ediv                            0x08003ac8   Section       42  btod.o(CL$$btod_ediv)
    CL$$btod_emul                            0x08003af2   Section       42  btod.o(CL$$btod_emul)
    CL$$btod_mult_common                     0x08003b1c   Section      580  btod.o(CL$$btod_mult_common)
    i.__ARM_fpclassify                       0x08003d60   Section        0  fpclassify.o(i.__ARM_fpclassify)
    i._is_digit                              0x08003d88   Section        0  __printf_wp.o(i._is_digit)
    locale$$code                             0x08003d98   Section       44  lc_numeric_c.o(locale$$code)
    x$fpl$dretinf                            0x08003dc4   Section       12  dretinf.o(x$fpl$dretinf)
    x$fpl$f2d                                0x08003dd0   Section       86  f2d.o(x$fpl$f2d)
    x$fpl$fadd                               0x08003e28   Section      196  faddsub_clz.o(x$fpl$fadd)
    _fadd1                                   0x08003e37   Thumb Code     0  faddsub_clz.o(x$fpl$fadd)
    x$fpl$ffltu                              0x08003eec   Section       38  fflt_clz.o(x$fpl$ffltu)
    x$fpl$fmul                               0x08003f14   Section      258  fmul.o(x$fpl$fmul)
    x$fpl$fnaninf                            0x08004016   Section      140  fnaninf.o(x$fpl$fnaninf)
    x$fpl$fretinf                            0x080040a2   Section       10  fretinf.o(x$fpl$fretinf)
    x$fpl$fsub                               0x080040ac   Section      234  faddsub_clz.o(x$fpl$fsub)
    _fsub1                                   0x080040bb   Thumb Code     0  faddsub_clz.o(x$fpl$fsub)
    x$fpl$printf1                            0x08004196   Section        4  printf1.o(x$fpl$printf1)
    x$fpl$usenofp                            0x0800419a   Section        0  usenofp.o(x$fpl$usenofp)
    tenpwrs_x                                0x0800419c   Data          60  bigflt0.o(.constdata)
    .constdata                               0x0800419c   Section      148  bigflt0.o(.constdata)
    tenpwrs_i                                0x080041d8   Data          64  bigflt0.o(.constdata)
    HAL_RCC_GetSysClockFreq.aPredivFactorTable 0x08004248   Data           2  stm32f1xx_hal_rcc.o(.rodata.HAL_RCC_GetSysClockFreq.aPredivFactorTable)
    [Anonymous Symbol]                       0x08004248   Section        0  stm32f1xx_hal_rcc.o(.rodata.HAL_RCC_GetSysClockFreq.aPredivFactorTable)
    HAL_RCC_GetSysClockFreq.aPLLMULFactorTable 0x08004844   Data          16  stm32f1xx_hal_rcc.o(.rodata.cst16)
    [Anonymous Symbol]                       0x08004844   Section        0  stm32f1xx_hal_rcc.o(.rodata.cst16)
    locale$$data                             0x08004914   Section       28  lc_numeric_c.o(locale$$data)
    __lcnum_c_name                           0x08004918   Data           2  lc_numeric_c.o(locale$$data)
    __lcnum_c_start                          0x08004920   Data           0  lc_numeric_c.o(locale$$data)
    __lcnum_c_point                          0x0800492c   Data           0  lc_numeric_c.o(locale$$data)
    __lcnum_c_thousands                      0x0800492e   Data           0  lc_numeric_c.o(locale$$data)
    __lcnum_c_grouping                       0x0800492f   Data           0  lc_numeric_c.o(locale$$data)
    __lcnum_c_end                            0x08004930   Data           0  lc_numeric_c.o(locale$$data)
    .L_MergedGlobals                         0x20000000   Data           8  stm32f1xx_hal.o(.data..L_MergedGlobals)
    [Anonymous Symbol]                       0x20000000   Section        0  stm32f1xx_hal.o(.data..L_MergedGlobals)
    .bss                                     0x20000010   Section       96  libspace.o(.bss)
    OLED_SendCmd.sendBuffer                  0x20000470   Data           2  oled.o(.bss.OLED_SendCmd.sendBuffer)
    [Anonymous Symbol]                       0x20000470   Section        0  oled.o(.bss.OLED_SendCmd.sendBuffer)
    OLED_ShowFrame.sendBuffer                0x20000472   Data         129  oled.o(.bss.OLED_ShowFrame.sendBuffer)
    [Anonymous Symbol]                       0x20000472   Section        0  oled.o(.bss.OLED_ShowFrame.sendBuffer)
    Heap_Mem                                 0x20000598   Data         512  startup_stm32f103xb.o(HEAP)
    HEAP                                     0x20000598   Section      512  startup_stm32f103xb.o(HEAP)
    Stack_Mem                                0x20000798   Data        1024  startup_stm32f103xb.o(STACK)
    STACK                                    0x20000798   Section     1024  startup_stm32f103xb.o(STACK)
    __initial_sp                             0x20000b98   Data           0  startup_stm32f103xb.o(STACK)

    Global Symbols

    Symbol Name                              Value     Ov Type        Size  Object(Section)

    BuildAttributes$$THM_ISAv4$P$D$K$B$S$PE$A:L22UL41UL21$X:L11$S22US41US21$IEEE1$IW$~IW$USESV6$~STKCKD$USESV7$~SHL$OTIME$ROPI$IEEEJ$EBA8$UX$STANDARDLIB$REQ8$PRES8$EABIv2 0x00000000   Number         0  anon$$obj.o ABSOLUTE
    __fp_init_empty                          0x00000000   Number         0  fpinit_empty.o ABSOLUTE
    _printf_flags                            0x00000000   Number         0  printf_stubs.o ABSOLUTE
    _printf_return_value                     0x00000000   Number         0  printf_stubs.o ABSOLUTE
    _printf_sizespec                         0x00000000   Number         0  printf_stubs.o ABSOLUTE
    _printf_widthprec                        0x00000000   Number         0  printf_stubs.o ABSOLUTE
    __ARM_exceptions_init                     - Undefined Weak Reference
    __alloca_initialize                       - Undefined Weak Reference
    __arm_preinit_                            - Undefined Weak Reference
    __arm_relocate_pie_                       - Undefined Weak Reference
    __cpp_initialize__aeabi_                  - Undefined Weak Reference
    __cxa_finalize                            - Undefined Weak Reference
    __sigvec_lookup                           - Undefined Weak Reference
    _atexit_init                              - Undefined Weak Reference
    _call_atexit_fns                          - Undefined Weak Reference
    _clock_init                               - Undefined Weak Reference
    _fp_trap_init                             - Undefined Weak Reference
    _fp_trap_shutdown                         - Undefined Weak Reference
    _get_lc_collate                           - Undefined Weak Reference
    _get_lc_ctype                             - Undefined Weak Reference
    _get_lc_monetary                          - Undefined Weak Reference
    _get_lc_time                              - Undefined Weak Reference
    _getenv_init                              - Undefined Weak Reference
    _handle_redirection                       - Undefined Weak Reference
    _init_alloc                               - Undefined Weak Reference
    _init_user_alloc                          - Undefined Weak Reference
    _initio                                   - Undefined Weak Reference
    _printf_post_padding                      - Undefined Weak Reference
    _printf_pre_padding                       - Undefined Weak Reference
    _rand_init                                - Undefined Weak Reference
    _signal_finish                            - Undefined Weak Reference
    _signal_init                              - Undefined Weak Reference
    _terminate_alloc                          - Undefined Weak Reference
    _terminate_user_alloc                     - Undefined Weak Reference
    _terminateio                              - Undefined Weak Reference
    __Vectors_Size                           0x000000ec   Number         0  startup_stm32f103xb.o ABSOLUTE
    __Vectors                                0x08000000   Data           4  startup_stm32f103xb.o(RESET)
    __Vectors_End                            0x080000ec   Data           0  startup_stm32f103xb.o(RESET)
    __main                                   0x080000ed   Thumb Code     8  __main.o(!!!main)
    __scatterload                            0x080000f5   Thumb Code     0  __scatter.o(!!!scatter)
    __scatterload_rt2                        0x080000f5   Thumb Code    84  __scatter.o(!!!scatter)
    __scatterload_rt2_thumb_only             0x080000f5   Thumb Code     0  __scatter.o(!!!scatter)
    __scatterload_loop                       0x080000ff   Thumb Code     0  __scatter.o(!!!scatter)
    __scatterload_copy                       0x08000151   Thumb Code    26  __scatter_copy.o(!!handler_copy)
    __scatterload_null                       0x0800016d   Thumb Code     2  __scatter.o(!!handler_null)
    __scatterload_zeroinit                   0x08000171   Thumb Code    28  __scatter_zi.o(!!handler_zi)
    _printf_f                                0x0800018d   Thumb Code     0  _printf_f.o(.ARM.Collect$$_printf_percent$$00000003)
    _printf_percent                          0x0800018d   Thumb Code     0  _printf_percent.o(.ARM.Collect$$_printf_percent$$00000000)
    _printf_percent_end                      0x08000193   Thumb Code     0  _printf_percent_end.o(.ARM.Collect$$_printf_percent$$00000017)
    __rt_lib_init                            0x08000197   Thumb Code     0  libinit.o(.ARM.Collect$$libinit$$00000000)
    __rt_lib_init_fp_1                       0x08000199   Thumb Code     0  libinit2.o(.ARM.Collect$$libinit$$00000002)
    __rt_lib_init_heap_1                     0x08000199   Thumb Code     0  libinit2.o(.ARM.Collect$$libinit$$0000000C)
    __rt_lib_init_lc_common                  0x08000199   Thumb Code     0  libinit2.o(.ARM.Collect$$libinit$$00000011)
    __rt_lib_init_preinit_1                  0x08000199   Thumb Code     0  libinit2.o(.ARM.Collect$$libinit$$00000006)
    __rt_lib_init_rand_1                     0x08000199   Thumb Code     0  libinit2.o(.ARM.Collect$$libinit$$00000010)
    __rt_lib_init_relocate_pie_1             0x08000199   Thumb Code     0  libinit2.o(.ARM.Collect$$libinit$$00000004)
    __rt_lib_init_user_alloc_1               0x08000199   Thumb Code     0  libinit2.o(.ARM.Collect$$libinit$$0000000E)
    __rt_lib_init_lc_collate_1               0x0800019f   Thumb Code     0  libinit2.o(.ARM.Collect$$libinit$$00000013)
    __rt_lib_init_lc_ctype_1                 0x0800019f   Thumb Code     0  libinit2.o(.ARM.Collect$$libinit$$00000015)
    __rt_lib_init_lc_monetary_1              0x0800019f   Thumb Code     0  libinit2.o(.ARM.Collect$$libinit$$00000017)
    __rt_lib_init_lc_numeric_2               0x0800019f   Thumb Code     0  libinit2.o(.ARM.Collect$$libinit$$00000018)
    __rt_lib_init_alloca_1                   0x080001a9   Thumb Code     0  libinit2.o(.ARM.Collect$$libinit$$00000030)
    __rt_lib_init_argv_1                     0x080001a9   Thumb Code     0  libinit2.o(.ARM.Collect$$libinit$$0000002E)
    __rt_lib_init_atexit_1                   0x080001a9   Thumb Code     0  libinit2.o(.ARM.Collect$$libinit$$0000001D)
    __rt_lib_init_clock_1                    0x080001a9   Thumb Code     0  libinit2.o(.ARM.Collect$$libinit$$00000023)
    __rt_lib_init_cpp_1                      0x080001a9   Thumb Code     0  libinit2.o(.ARM.Collect$$libinit$$00000034)
    __rt_lib_init_exceptions_1               0x080001a9   Thumb Code     0  libinit2.o(.ARM.Collect$$libinit$$00000032)
    __rt_lib_init_fp_trap_1                  0x080001a9   Thumb Code     0  libinit2.o(.ARM.Collect$$libinit$$00000021)
    __rt_lib_init_getenv_1                   0x080001a9   Thumb Code     0  libinit2.o(.ARM.Collect$$libinit$$00000025)
    __rt_lib_init_lc_numeric_1               0x080001a9   Thumb Code     0  libinit2.o(.ARM.Collect$$libinit$$00000019)
    __rt_lib_init_lc_time_1                  0x080001a9   Thumb Code     0  libinit2.o(.ARM.Collect$$libinit$$0000001B)
    __rt_lib_init_return                     0x080001a9   Thumb Code     0  libinit2.o(.ARM.Collect$$libinit$$00000035)
    __rt_lib_init_signal_1                   0x080001a9   Thumb Code     0  libinit2.o(.ARM.Collect$$libinit$$0000001F)
    __rt_lib_init_stdio_1                    0x080001a9   Thumb Code     0  libinit2.o(.ARM.Collect$$libinit$$00000027)
    __rt_lib_shutdown                        0x080001ab   Thumb Code     0  libshutdown.o(.ARM.Collect$$libshutdown$$00000000)
    __rt_lib_shutdown_cpp_1                  0x080001ad   Thumb Code     0  libshutdown2.o(.ARM.Collect$$libshutdown$$00000002)
    __rt_lib_shutdown_fp_trap_1              0x080001ad   Thumb Code     0  libshutdown2.o(.ARM.Collect$$libshutdown$$00000007)
    __rt_lib_shutdown_heap_1                 0x080001ad   Thumb Code     0  libshutdown2.o(.ARM.Collect$$libshutdown$$0000000F)
    __rt_lib_shutdown_return                 0x080001ad   Thumb Code     0  libshutdown2.o(.ARM.Collect$$libshutdown$$00000010)
    __rt_lib_shutdown_signal_1               0x080001ad   Thumb Code     0  libshutdown2.o(.ARM.Collect$$libshutdown$$0000000A)
    __rt_lib_shutdown_stdio_1                0x080001ad   Thumb Code     0  libshutdown2.o(.ARM.Collect$$libshutdown$$00000004)
    __rt_lib_shutdown_user_alloc_1           0x080001ad   Thumb Code     0  libshutdown2.o(.ARM.Collect$$libshutdown$$0000000C)
    __rt_entry                               0x080001af   Thumb Code     0  __rtentry.o(.ARM.Collect$$rtentry$$00000000)
    __rt_entry_presh_1                       0x080001af   Thumb Code     0  __rtentry2.o(.ARM.Collect$$rtentry$$00000002)
    __rt_entry_sh                            0x080001af   Thumb Code     0  __rtentry4.o(.ARM.Collect$$rtentry$$00000004)
    __rt_entry_li                            0x080001b5   Thumb Code     0  __rtentry2.o(.ARM.Collect$$rtentry$$0000000A)
    __rt_entry_postsh_1                      0x080001b5   Thumb Code     0  __rtentry2.o(.ARM.Collect$$rtentry$$00000009)
    __rt_entry_main                          0x080001b9   Thumb Code     0  __rtentry2.o(.ARM.Collect$$rtentry$$0000000D)
    __rt_entry_postli_1                      0x080001b9   Thumb Code     0  __rtentry2.o(.ARM.Collect$$rtentry$$0000000C)
    __rt_exit                                0x080001c1   Thumb Code     0  rtexit.o(.ARM.Collect$$rtexit$$00000000)
    __rt_exit_ls                             0x080001c3   Thumb Code     0  rtexit2.o(.ARM.Collect$$rtexit$$00000003)
    __rt_exit_prels_1                        0x080001c3   Thumb Code     0  rtexit2.o(.ARM.Collect$$rtexit$$00000002)
    __rt_exit_exit                           0x080001c7   Thumb Code     0  rtexit2.o(.ARM.Collect$$rtexit$$00000004)
    Reset_Handler                            0x080001cd   Thumb Code     8  startup_stm32f103xb.o(.text)
    ADC1_2_IRQHandler                        0x080001e7   Thumb Code     0  startup_stm32f103xb.o(.text)
    CAN1_RX1_IRQHandler                      0x080001e7   Thumb Code     0  startup_stm32f103xb.o(.text)
    CAN1_SCE_IRQHandler                      0x080001e7   Thumb Code     0  startup_stm32f103xb.o(.text)
    DMA1_Channel1_IRQHandler                 0x080001e7   Thumb Code     0  startup_stm32f103xb.o(.text)
    DMA1_Channel2_IRQHandler                 0x080001e7   Thumb Code     0  startup_stm32f103xb.o(.text)
    DMA1_Channel3_IRQHandler                 0x080001e7   Thumb Code     0  startup_stm32f103xb.o(.text)
    DMA1_Channel4_IRQHandler                 0x080001e7   Thumb Code     0  startup_stm32f103xb.o(.text)
    DMA1_Channel5_IRQHandler                 0x080001e7   Thumb Code     0  startup_stm32f103xb.o(.text)
    DMA1_Channel6_IRQHandler                 0x080001e7   Thumb Code     0  startup_stm32f103xb.o(.text)
    DMA1_Channel7_IRQHandler                 0x080001e7   Thumb Code     0  startup_stm32f103xb.o(.text)
    EXTI0_IRQHandler                         0x080001e7   Thumb Code     0  startup_stm32f103xb.o(.text)
    EXTI15_10_IRQHandler                     0x080001e7   Thumb Code     0  startup_stm32f103xb.o(.text)
    EXTI1_IRQHandler                         0x080001e7   Thumb Code     0  startup_stm32f103xb.o(.text)
    EXTI2_IRQHandler                         0x080001e7   Thumb Code     0  startup_stm32f103xb.o(.text)
    EXTI3_IRQHandler                         0x080001e7   Thumb Code     0  startup_stm32f103xb.o(.text)
    EXTI4_IRQHandler                         0x080001e7   Thumb Code     0  startup_stm32f103xb.o(.text)
    EXTI9_5_IRQHandler                       0x080001e7   Thumb Code     0  startup_stm32f103xb.o(.text)
    FLASH_IRQHandler                         0x080001e7   Thumb Code     0  startup_stm32f103xb.o(.text)
    I2C1_ER_IRQHandler                       0x080001e7   Thumb Code     0  startup_stm32f103xb.o(.text)
    I2C1_EV_IRQHandler                       0x080001e7   Thumb Code     0  startup_stm32f103xb.o(.text)
    I2C2_ER_IRQHandler                       0x080001e7   Thumb Code     0  startup_stm32f103xb.o(.text)
    I2C2_EV_IRQHandler                       0x080001e7   Thumb Code     0  startup_stm32f103xb.o(.text)
    PVD_IRQHandler                           0x080001e7   Thumb Code     0  startup_stm32f103xb.o(.text)
    RCC_IRQHandler                           0x080001e7   Thumb Code     0  startup_stm32f103xb.o(.text)
    RTC_Alarm_IRQHandler                     0x080001e7   Thumb Code     0  startup_stm32f103xb.o(.text)
    RTC_IRQHandler                           0x080001e7   Thumb Code     0  startup_stm32f103xb.o(.text)
    SPI1_IRQHandler                          0x080001e7   Thumb Code     0  startup_stm32f103xb.o(.text)
    SPI2_IRQHandler                          0x080001e7   Thumb Code     0  startup_stm32f103xb.o(.text)
    TAMPER_IRQHandler                        0x080001e7   Thumb Code     0  startup_stm32f103xb.o(.text)
    TIM1_BRK_IRQHandler                      0x080001e7   Thumb Code     0  startup_stm32f103xb.o(.text)
    TIM1_CC_IRQHandler                       0x080001e7   Thumb Code     0  startup_stm32f103xb.o(.text)
    TIM1_TRG_COM_IRQHandler                  0x080001e7   Thumb Code     0  startup_stm32f103xb.o(.text)
    TIM1_UP_IRQHandler                       0x080001e7   Thumb Code     0  startup_stm32f103xb.o(.text)
    TIM2_IRQHandler                          0x080001e7   Thumb Code     0  startup_stm32f103xb.o(.text)
    TIM3_IRQHandler                          0x080001e7   Thumb Code     0  startup_stm32f103xb.o(.text)
    TIM4_IRQHandler                          0x080001e7   Thumb Code     0  startup_stm32f103xb.o(.text)
    USART1_IRQHandler                        0x080001e7   Thumb Code     0  startup_stm32f103xb.o(.text)
    USART2_IRQHandler                        0x080001e7   Thumb Code     0  startup_stm32f103xb.o(.text)
    USART3_IRQHandler                        0x080001e7   Thumb Code     0  startup_stm32f103xb.o(.text)
    USBWakeUp_IRQHandler                     0x080001e7   Thumb Code     0  startup_stm32f103xb.o(.text)
    USB_HP_CAN1_TX_IRQHandler                0x080001e7   Thumb Code     0  startup_stm32f103xb.o(.text)
    USB_LP_CAN1_RX0_IRQHandler               0x080001e7   Thumb Code     0  startup_stm32f103xb.o(.text)
    WWDG_IRQHandler                          0x080001e7   Thumb Code     0  startup_stm32f103xb.o(.text)
    __user_initial_stackheap                 0x080001e9   Thumb Code     0  startup_stm32f103xb.o(.text)
    __2sprintf                               0x0800020d   Thumb Code    34  noretval__2sprintf.o(.text)
    __printf                                 0x08000235   Thumb Code   270  __printf_wp.o(.text)
    memcmp                                   0x08000343   Thumb Code    88  memcmp.o(.text)
    strlen                                   0x0800039b   Thumb Code    62  strlen.o(.text)
    __aeabi_memcpy                           0x080003d9   Thumb Code     0  rt_memcpy_v6.o(.text)
    __rt_memcpy                              0x080003d9   Thumb Code   138  rt_memcpy_v6.o(.text)
    _memcpy_lastbytes                        0x0800043f   Thumb Code     0  rt_memcpy_v6.o(.text)
    __aeabi_memclr4                          0x08000463   Thumb Code     0  rt_memclr_w.o(.text)
    __aeabi_memclr8                          0x08000463   Thumb Code     0  rt_memclr_w.o(.text)
    __rt_memclr_w                            0x08000463   Thumb Code     0  rt_memclr_w.o(.text)
    _memset_w                                0x08000467   Thumb Code    74  rt_memclr_w.o(.text)
    __use_two_region_memory                  0x080004b1   Thumb Code     2  heapauxi.o(.text)
    __rt_heap_escrow$2region                 0x080004b3   Thumb Code     2  heapauxi.o(.text)
    __rt_heap_expand$2region                 0x080004b5   Thumb Code     2  heapauxi.o(.text)
    _printf_fp_dec_real                      0x08000667   Thumb Code   620  _printf_fp_dec.o(.text)
    _printf_char_common                      0x080008df   Thumb Code    32  _printf_char_common.o(.text)
    _sputc                                   0x08000905   Thumb Code    10  _sputc.o(.text)
    __aeabi_memcpy4                          0x0800090f   Thumb Code     0  rt_memcpy_w.o(.text)
    __aeabi_memcpy8                          0x0800090f   Thumb Code     0  rt_memcpy_w.o(.text)
    __rt_memcpy_w                            0x0800090f   Thumb Code   100  rt_memcpy_w.o(.text)
    _memcpy_lastbytes_aligned                0x08000957   Thumb Code     0  rt_memcpy_w.o(.text)
    __rt_locale                              0x08000975   Thumb Code     8  rt_locale_intlibspace.o(.text)
    _ll_udiv10                               0x0800097d   Thumb Code   138  lludiv10.o(.text)
    _printf_fp_infnan                        0x08000a09   Thumb Code   112  _printf_fp_infnan.o(.text)
    _btod_etento                             0x08000a89   Thumb Code   224  bigflt0.o(.text)
    __user_libspace                          0x08000b6d   Thumb Code     8  libspace.o(.text)
    __user_perproc_libspace                  0x08000b6d   Thumb Code     0  libspace.o(.text)
    __user_perthread_libspace                0x08000b6d   Thumb Code     0  libspace.o(.text)
    __user_setup_stackheap                   0x08000b75   Thumb Code    74  sys_stackheap_outer.o(.text)
    exit                                     0x08000bbf   Thumb Code    18  exit.o(.text)
    strcmp                                   0x08000bd1   Thumb Code   128  strcmpv7m.o(.text)
    _sys_exit                                0x08000c51   Thumb Code     8  sys_exit.o(.text)
    __I$use$semihosting                      0x08000c5d   Thumb Code     0  use_no_semi.o(.text)
    __use_no_semihosting_swi                 0x08000c5d   Thumb Code     2  use_no_semi.o(.text)
    __semihosting_library_function           0x08000c5f   Thumb Code     0  indicate_semi.o(.text)
    AHT20_Init                               0x08000c61   Thumb Code    74  aht20.o(.text.AHT20_Init)
    AHT20_Read                               0x08000cad   Thumb Code   168  aht20.o(.text.AHT20_Read)
    BusFault_Handler                         0x08000d55   Thumb Code     2  stm32f1xx_it.o(.text.BusFault_Handler)
    DebugMon_Handler                         0x08000d59   Thumb Code     2  stm32f1xx_it.o(.text.DebugMon_Handler)
    Error_Handler                            0x08000d5d   Thumb Code    10  main.o(.text.Error_Handler)
    HAL_Delay                                0x08000d69   Thumb Code    40  stm32f1xx_hal.o(.text.HAL_Delay)
    HAL_GPIO_Init                            0x08000d91   Thumb Code   526  stm32f1xx_hal_gpio.o(.text.HAL_GPIO_Init)
    HAL_GetTick                              0x08000fa1   Thumb Code    12  stm32f1xx_hal.o(.text.HAL_GetTick)
    HAL_I2C_Init                             0x08000fad   Thumb Code   356  stm32f1xx_hal_i2c.o(.text.HAL_I2C_Init)
    HAL_I2C_Master_Receive                   0x08001111   Thumb Code  1024  stm32f1xx_hal_i2c.o(.text.HAL_I2C_Master_Receive)
    HAL_I2C_Master_Transmit                  0x08001511   Thumb Code   476  stm32f1xx_hal_i2c.o(.text.HAL_I2C_Master_Transmit)
    HAL_I2C_MspInit                          0x080016ed   Thumb Code   106  i2c.o(.text.HAL_I2C_MspInit)
    HAL_IncTick                              0x08001759   Thumb Code    26  stm32f1xx_hal.o(.text.HAL_IncTick)
    HAL_Init                                 0x08001775   Thumb Code    38  stm32f1xx_hal.o(.text.HAL_Init)
    HAL_InitTick                             0x0800179d   Thumb Code    72  stm32f1xx_hal.o(.text.HAL_InitTick)
    HAL_MspInit                              0x080017e5   Thumb Code    66  stm32f1xx_hal_msp.o(.text.HAL_MspInit)
    HAL_NVIC_SetPriority                     0x08001829   Thumb Code    86  stm32f1xx_hal_cortex.o(.text.HAL_NVIC_SetPriority)
    HAL_NVIC_SetPriorityGrouping             0x08001881   Thumb Code    32  stm32f1xx_hal_cortex.o(.text.HAL_NVIC_SetPriorityGrouping)
    HAL_RCC_ClockConfig                      0x080018a1   Thumb Code   442  stm32f1xx_hal_rcc.o(.text.HAL_RCC_ClockConfig)
    HAL_RCC_GetPCLK1Freq                     0x08001a5d   Thumb Code    38  stm32f1xx_hal_rcc.o(.text.HAL_RCC_GetPCLK1Freq)
    HAL_RCC_GetPCLK2Freq                     0x08001a85   Thumb Code    38  stm32f1xx_hal_rcc.o(.text.HAL_RCC_GetPCLK2Freq)
    HAL_RCC_OscConfig                        0x08001aad   Thumb Code  1024  stm32f1xx_hal_rcc.o(.text.HAL_RCC_OscConfig)
    HAL_SYSTICK_Config                       0x08001ead   Thumb Code    44  stm32f1xx_hal_cortex.o(.text.HAL_SYSTICK_Config)
    HAL_UART_Init                            0x08001ed9   Thumb Code   226  stm32f1xx_hal_uart.o(.text.HAL_UART_Init)
    HAL_UART_MspInit                         0x08001fbd   Thumb Code   122  usart.o(.text.HAL_UART_MspInit)
    HAL_UART_Transmit                        0x08002039   Thumb Code   402  stm32f1xx_hal_uart.o(.text.HAL_UART_Transmit)
    HardFault_Handler                        0x080021cd   Thumb Code     2  stm32f1xx_it.o(.text.HardFault_Handler)
    MX_GPIO_Init                             0x0800267d   Thumb Code    50  gpio.o(.text.MX_GPIO_Init)
    MX_I2C1_Init                             0x080026b1   Thumb Code    66  i2c.o(.text.MX_I2C1_Init)
    MX_USART2_UART_Init                      0x080026f5   Thumb Code    60  usart.o(.text.MX_USART2_UART_Init)
    MemManage_Handler                        0x08002731   Thumb Code     2  stm32f1xx_it.o(.text.MemManage_Handler)
    NMI_Handler                              0x08002735   Thumb Code     2  stm32f1xx_it.o(.text.NMI_Handler)
    OLED_Init                                0x08002739   Thumb Code   514  oled.o(.text.OLED_Init)
    OLED_NewFrame                            0x0800293d   Thumb Code    20  oled.o(.text.OLED_NewFrame)
    OLED_PrintString                         0x08002951   Thumb Code   330  oled.o(.text.OLED_PrintString)
    OLED_SetBits_Fine                        0x08002a9d   Thumb Code   256  oled.o(.text.OLED_SetBits_Fine)
    OLED_SetBlock                            0x08002b9d   Thumb Code  1526  oled.o(.text.OLED_SetBlock)
    OLED_ShowFrame                           0x08003195   Thumb Code   702  oled.o(.text.OLED_ShowFrame)
    PendSV_Handler                           0x08003455   Thumb Code     2  stm32f1xx_it.o(.text.PendSV_Handler)
    SVC_Handler                              0x08003459   Thumb Code     2  stm32f1xx_it.o(.text.SVC_Handler)
    SysTick_Handler                          0x0800345d   Thumb Code     4  stm32f1xx_it.o(.text.SysTick_Handler)
    SystemInit                               0x08003461   Thumb Code     2  system_stm32f1xx.o(.text.SystemInit)
    UsageFault_Handler                       0x08003465   Thumb Code     2  stm32f1xx_it.o(.text.UsageFault_Handler)
    main                                     0x08003469   Thumb Code   288  main.o(.text.main)
    _btod_d2e                                0x080035d1   Thumb Code    62  btod.o(CL$$btod_d2e)
    _d2e_denorm_low                          0x0800360f   Thumb Code    70  btod.o(CL$$btod_d2e_denorm_low)
    _d2e_norm_op1                            0x08003655   Thumb Code    96  btod.o(CL$$btod_d2e_norm_op1)
    __btod_div_common                        0x080036b5   Thumb Code   696  btod.o(CL$$btod_div_common)
    _e2e                                     0x080039ed   Thumb Code   220  btod.o(CL$$btod_e2e)
    _btod_ediv                               0x08003ac9   Thumb Code    42  btod.o(CL$$btod_ediv)
    _btod_emul                               0x08003af3   Thumb Code    42  btod.o(CL$$btod_emul)
    __btod_mult_common                       0x08003b1d   Thumb Code   580  btod.o(CL$$btod_mult_common)
    __ARM_fpclassify                         0x08003d61   Thumb Code    40  fpclassify.o(i.__ARM_fpclassify)
    _is_digit                                0x08003d89   Thumb Code    14  __printf_wp.o(i._is_digit)
    _get_lc_numeric                          0x08003d99   Thumb Code    44  lc_numeric_c.o(locale$$code)
    __fpl_dretinf                            0x08003dc5   Thumb Code    12  dretinf.o(x$fpl$dretinf)
    __aeabi_f2d                              0x08003dd1   Thumb Code     0  f2d.o(x$fpl$f2d)
    _f2d                                     0x08003dd1   Thumb Code    86  f2d.o(x$fpl$f2d)
    __aeabi_fadd                             0x08003e29   Thumb Code     0  faddsub_clz.o(x$fpl$fadd)
    _fadd                                    0x08003e29   Thumb Code   196  faddsub_clz.o(x$fpl$fadd)
    __aeabi_ui2f                             0x08003eed   Thumb Code     0  fflt_clz.o(x$fpl$ffltu)
    _ffltu                                   0x08003eed   Thumb Code    38  fflt_clz.o(x$fpl$ffltu)
    __aeabi_fmul                             0x08003f15   Thumb Code     0  fmul.o(x$fpl$fmul)
    _fmul                                    0x08003f15   Thumb Code   258  fmul.o(x$fpl$fmul)
    __fpl_fnaninf                            0x08004017   Thumb Code   140  fnaninf.o(x$fpl$fnaninf)
    __fpl_fretinf                            0x080040a3   Thumb Code    10  fretinf.o(x$fpl$fretinf)
    __aeabi_fsub                             0x080040ad   Thumb Code     0  faddsub_clz.o(x$fpl$fsub)
    _fsub                                    0x080040ad   Thumb Code   234  faddsub_clz.o(x$fpl$fsub)
    _printf_fp_dec                           0x08004197   Thumb Code     4  printf1.o(x$fpl$printf1)
    __I$use$fp                               0x0800419a   Number         0  usenofp.o(x$fpl$usenofp)
    AHBPrescTable                            0x08004230   Data          16  system_stm32f1xx.o(.rodata.AHBPrescTable)
    APBPrescTable                            0x08004240   Data           8  system_stm32f1xx.o(.rodata.APBPrescTable)
    afont16x8                                0x0800424c   Data           8  font.o(.rodata.afont16x8)
    ascii_16x8                               0x08004254   Data        1520  font.o(.rodata.ascii_16x8)
    font16x16                                0x08004854   Data          16  font.o(.rodata.font16x16)
    zh16x16                                  0x08004864   Data         144  font.o(.rodata.zh16x16)
    Region$$Table$$Base                      0x080048f4   Number         0  anon$$obj.o(Region$$Table)
    Region$$Table$$Limit                     0x08004914   Number         0  anon$$obj.o(Region$$Table)
    uwTickFreq                               0x20000000   Data           1  stm32f1xx_hal.o(.data..L_MergedGlobals)
    uwTickPrio                               0x20000004   Data           4  stm32f1xx_hal.o(.data..L_MergedGlobals)
    SystemCoreClock                          0x20000008   Data           4  system_stm32f1xx.o(.data.SystemCoreClock)
    __libspace_start                         0x20000010   Data          96  libspace.o(.bss)
    OLED_GRAM                                0x20000070   Data        1024  oled.o(.bss.OLED_GRAM)
    __temporary_stack_top$libspace           0x20000070   Data           0  libspace.o(.bss)
    hi2c1                                    0x200004f4   Data          84  i2c.o(.bss.hi2c1)
    huart2                                   0x20000548   Data          72  usart.o(.bss.huart2)
    uwTick                                   0x20000590   Data           4  stm32f1xx_hal.o(.bss.uwTick)



==============================================================================

Memory Map of the image

  Image Entry point : 0x080000ed

  Load Region LR_IROM1 (Base: 0x08000000, Size: 0x00004940, Max: 0x00010000, ABSOLUTE)

    Execution Region ER_IROM1 (Exec base: 0x08000000, Load base: 0x08000000, Size: 0x00004930, Max: 0x00010000, ABSOLUTE)

    Exec Addr    Load Addr    Size         Type   Attr      Idx    E Section Name        Object

    0x08000000   0x08000000   0x000000ec   Data   RO            3    RESET               startup_stm32f103xb.o
    0x080000ec   0x080000ec   0x00000008   Code   RO          854  * !!!main             c_w.l(__main.o)
    0x080000f4   0x080000f4   0x0000005c   Code   RO         1126    !!!scatter          c_w.l(__scatter.o)
    0x08000150   0x08000150   0x0000001a   Code   RO         1130    !!handler_copy      c_w.l(__scatter_copy.o)
    0x0800016a   0x0800016a   0x00000002   PAD
    0x0800016c   0x0800016c   0x00000002   Code   RO         1127    !!handler_null      c_w.l(__scatter.o)
    0x0800016e   0x0800016e   0x00000002   PAD
    0x08000170   0x08000170   0x0000001c   Code   RO         1132    !!handler_zi        c_w.l(__scatter_zi.o)
    0x0800018c   0x0800018c   0x00000000   Code   RO          843    .ARM.Collect$$_printf_percent$$00000000  c_w.l(_printf_percent.o)
    0x0800018c   0x0800018c   0x00000006   Code   RO          842    .ARM.Collect$$_printf_percent$$00000003  c_w.l(_printf_f.o)
    0x08000192   0x08000192   0x00000004   Code   RO          901    .ARM.Collect$$_printf_percent$$00000017  c_w.l(_printf_percent_end.o)
    0x08000196   0x08000196   0x00000002   Code   RO          989    .ARM.Collect$$libinit$$00000000  c_w.l(libinit.o)
    0x08000198   0x08000198   0x00000000   Code   RO          991    .ARM.Collect$$libinit$$00000002  c_w.l(libinit2.o)
    0x08000198   0x08000198   0x00000000   Code   RO          993    .ARM.Collect$$libinit$$00000004  c_w.l(libinit2.o)
    0x08000198   0x08000198   0x00000000   Code   RO          995    .ARM.Collect$$libinit$$00000006  c_w.l(libinit2.o)
    0x08000198   0x08000198   0x00000000   Code   RO          998    .ARM.Collect$$libinit$$0000000C  c_w.l(libinit2.o)
    0x08000198   0x08000198   0x00000000   Code   RO         1000    .ARM.Collect$$libinit$$0000000E  c_w.l(libinit2.o)
    0x08000198   0x08000198   0x00000000   Code   RO         1002    .ARM.Collect$$libinit$$00000010  c_w.l(libinit2.o)
    0x08000198   0x08000198   0x00000006   Code   RO         1003    .ARM.Collect$$libinit$$00000011  c_w.l(libinit2.o)
    0x0800019e   0x0800019e   0x00000000   Code   RO         1005    .ARM.Collect$$libinit$$00000013  c_w.l(libinit2.o)
    0x0800019e   0x0800019e   0x00000000   Code   RO         1007    .ARM.Collect$$libinit$$00000015  c_w.l(libinit2.o)
    0x0800019e   0x0800019e   0x00000000   Code   RO         1009    .ARM.Collect$$libinit$$00000017  c_w.l(libinit2.o)
    0x0800019e   0x0800019e   0x0000000a   Code   RO         1010    .ARM.Collect$$libinit$$00000018  c_w.l(libinit2.o)
    0x080001a8   0x080001a8   0x00000000   Code   RO         1011    .ARM.Collect$$libinit$$00000019  c_w.l(libinit2.o)
    0x080001a8   0x080001a8   0x00000000   Code   RO         1013    .ARM.Collect$$libinit$$0000001B  c_w.l(libinit2.o)
    0x080001a8   0x080001a8   0x00000000   Code   RO         1015    .ARM.Collect$$libinit$$0000001D  c_w.l(libinit2.o)
    0x080001a8   0x080001a8   0x00000000   Code   RO         1017    .ARM.Collect$$libinit$$0000001F  c_w.l(libinit2.o)
    0x080001a8   0x080001a8   0x00000000   Code   RO         1019    .ARM.Collect$$libinit$$00000021  c_w.l(libinit2.o)
    0x080001a8   0x080001a8   0x00000000   Code   RO         1021    .ARM.Collect$$libinit$$00000023  c_w.l(libinit2.o)
    0x080001a8   0x080001a8   0x00000000   Code   RO         1023    .ARM.Collect$$libinit$$00000025  c_w.l(libinit2.o)
    0x080001a8   0x080001a8   0x00000000   Code   RO         1025    .ARM.Collect$$libinit$$00000027  c_w.l(libinit2.o)
    0x080001a8   0x080001a8   0x00000000   Code   RO         1029    .ARM.Collect$$libinit$$0000002E  c_w.l(libinit2.o)
    0x080001a8   0x080001a8   0x00000000   Code   RO         1031    .ARM.Collect$$libinit$$00000030  c_w.l(libinit2.o)
    0x080001a8   0x080001a8   0x00000000   Code   RO         1033    .ARM.Collect$$libinit$$00000032  c_w.l(libinit2.o)
    0x080001a8   0x080001a8   0x00000000   Code   RO         1035    .ARM.Collect$$libinit$$00000034  c_w.l(libinit2.o)
    0x080001a8   0x080001a8   0x00000002   Code   RO         1036    .ARM.Collect$$libinit$$00000035  c_w.l(libinit2.o)
    0x080001aa   0x080001aa   0x00000002   Code   RO         1072    .ARM.Collect$$libshutdown$$00000000  c_w.l(libshutdown.o)
    0x080001ac   0x080001ac   0x00000000   Code   RO         1083    .ARM.Collect$$libshutdown$$00000002  c_w.l(libshutdown2.o)
    0x080001ac   0x080001ac   0x00000000   Code   RO         1085    .ARM.Collect$$libshutdown$$00000004  c_w.l(libshutdown2.o)
    0x080001ac   0x080001ac   0x00000000   Code   RO         1088    .ARM.Collect$$libshutdown$$00000007  c_w.l(libshutdown2.o)
    0x080001ac   0x080001ac   0x00000000   Code   RO         1091    .ARM.Collect$$libshutdown$$0000000A  c_w.l(libshutdown2.o)
    0x080001ac   0x080001ac   0x00000000   Code   RO         1093    .ARM.Collect$$libshutdown$$0000000C  c_w.l(libshutdown2.o)
    0x080001ac   0x080001ac   0x00000000   Code   RO         1096    .ARM.Collect$$libshutdown$$0000000F  c_w.l(libshutdown2.o)
    0x080001ac   0x080001ac   0x00000002   Code   RO         1097    .ARM.Collect$$libshutdown$$00000010  c_w.l(libshutdown2.o)
    0x080001ae   0x080001ae   0x00000000   Code   RO          892    .ARM.Collect$$rtentry$$00000000  c_w.l(__rtentry.o)
    0x080001ae   0x080001ae   0x00000000   Code   RO          914    .ARM.Collect$$rtentry$$00000002  c_w.l(__rtentry2.o)
    0x080001ae   0x080001ae   0x00000006   Code   RO          926    .ARM.Collect$$rtentry$$00000004  c_w.l(__rtentry4.o)
    0x080001b4   0x080001b4   0x00000000   Code   RO          916    .ARM.Collect$$rtentry$$00000009  c_w.l(__rtentry2.o)
    0x080001b4   0x080001b4   0x00000004   Code   RO          917    .ARM.Collect$$rtentry$$0000000A  c_w.l(__rtentry2.o)
    0x080001b8   0x080001b8   0x00000000   Code   RO          919    .ARM.Collect$$rtentry$$0000000C  c_w.l(__rtentry2.o)
    0x080001b8   0x080001b8   0x00000008   Code   RO          920    .ARM.Collect$$rtentry$$0000000D  c_w.l(__rtentry2.o)
    0x080001c0   0x080001c0   0x00000002   Code   RO         1037    .ARM.Collect$$rtexit$$00000000  c_w.l(rtexit.o)
    0x080001c2   0x080001c2   0x00000000   Code   RO         1046    .ARM.Collect$$rtexit$$00000002  c_w.l(rtexit2.o)
    0x080001c2   0x080001c2   0x00000004   Code   RO         1047    .ARM.Collect$$rtexit$$00000003  c_w.l(rtexit2.o)
    0x080001c6   0x080001c6   0x00000006   Code   RO         1048    .ARM.Collect$$rtexit$$00000004  c_w.l(rtexit2.o)
    0x080001cc   0x080001cc   0x00000040   Code   RO            4    .text               startup_stm32f103xb.o
    0x0800020c   0x0800020c   0x00000028   Code   RO          818    .text               c_w.l(noretval__2sprintf.o)
    0x08000234   0x08000234   0x0000010e   Code   RO          830    .text               c_w.l(__printf_wp.o)
    0x08000342   0x08000342   0x00000058   Code   RO          844    .text               c_w.l(memcmp.o)
    0x0800039a   0x0800039a   0x0000003e   Code   RO          846    .text               c_w.l(strlen.o)
    0x080003d8   0x080003d8   0x0000008a   Code   RO          848    .text               c_w.l(rt_memcpy_v6.o)
    0x08000462   0x08000462   0x0000004e   Code   RO          850    .text               c_w.l(rt_memclr_w.o)
    0x080004b0   0x080004b0   0x00000006   Code   RO          852    .text               c_w.l(heapauxi.o)
    0x080004b6   0x080004b6   0x0000041c   Code   RO          893    .text               c_w.l(_printf_fp_dec.o)
    0x080008d2   0x080008d2   0x00000002   PAD
    0x080008d4   0x080008d4   0x00000030   Code   RO          897    .text               c_w.l(_printf_char_common.o)
    0x08000904   0x08000904   0x0000000a   Code   RO          899    .text               c_w.l(_sputc.o)
    0x0800090e   0x0800090e   0x00000064   Code   RO          902    .text               c_w.l(rt_memcpy_w.o)
    0x08000972   0x08000972   0x00000002   PAD
    0x08000974   0x08000974   0x00000008   Code   RO          931    .text               c_w.l(rt_locale_intlibspace.o)
    0x0800097c   0x0800097c   0x0000008a   Code   RO          933    .text               c_w.l(lludiv10.o)
    0x08000a06   0x08000a06   0x00000002   PAD
    0x08000a08   0x08000a08   0x00000080   Code   RO          935    .text               c_w.l(_printf_fp_infnan.o)
    0x08000a88   0x08000a88   0x000000e4   Code   RO          939    .text               c_w.l(bigflt0.o)
    0x08000b6c   0x08000b6c   0x00000008   Code   RO          973    .text               c_w.l(libspace.o)
    0x08000b74   0x08000b74   0x0000004a   Code   RO          976    .text               c_w.l(sys_stackheap_outer.o)
    0x08000bbe   0x08000bbe   0x00000012   Code   RO          980    .text               c_w.l(exit.o)
    0x08000bd0   0x08000bd0   0x00000080   Code   RO          982    .text               c_w.l(strcmpv7m.o)
    0x08000c50   0x08000c50   0x0000000c   Code   RO         1058    .text               c_w.l(sys_exit.o)
    0x08000c5c   0x08000c5c   0x00000002   Code   RO         1073    .text               c_w.l(use_no_semi.o)
    0x08000c5e   0x08000c5e   0x00000000   Code   RO         1075    .text               c_w.l(indicate_semi.o)
    0x08000c5e   0x08000c5e   0x00000002   PAD
    0x08000c60   0x08000c60   0x0000004a   Code   RO          718    .text.AHT20_Init    aht20.o
    0x08000caa   0x08000caa   0x00000002   PAD
    0x08000cac   0x08000cac   0x000000a8   Code   RO          720    .text.AHT20_Read    aht20.o
    0x08000d54   0x08000d54   0x00000002   Code   RO           70    .text.BusFault_Handler  stm32f1xx_it.o
    0x08000d56   0x08000d56   0x00000002   PAD
    0x08000d58   0x08000d58   0x00000002   Code   RO           76    .text.DebugMon_Handler  stm32f1xx_it.o
    0x08000d5a   0x08000d5a   0x00000002   PAD
    0x08000d5c   0x08000d5c   0x0000000a   Code   RO           15    .text.Error_Handler  main.o
    0x08000d66   0x08000d66   0x00000002   PAD
    0x08000d68   0x08000d68   0x00000028   Code   RO          270    .text.HAL_Delay     stm32f1xx_hal.o
    0x08000d90   0x08000d90   0x0000020e   Code   RO          362    .text.HAL_GPIO_Init  stm32f1xx_hal_gpio.o
    0x08000f9e   0x08000f9e   0x00000002   PAD
    0x08000fa0   0x08000fa0   0x0000000c   Code   RO          262    .text.HAL_GetTick   stm32f1xx_hal.o
    0x08000fac   0x08000fac   0x00000164   Code   RO          112    .text.HAL_I2C_Init  stm32f1xx_hal_i2c.o
    0x08001110   0x08001110   0x00000400   Code   RO          128    .text.HAL_I2C_Master_Receive  stm32f1xx_hal_i2c.o
    0x08001510   0x08001510   0x000001dc   Code   RO          120    .text.HAL_I2C_Master_Transmit  stm32f1xx_hal_i2c.o
    0x080016ec   0x080016ec   0x0000006a   Code   RO           36    .text.HAL_I2C_MspInit  i2c.o
    0x08001756   0x08001756   0x00000002   PAD
    0x08001758   0x08001758   0x0000001a   Code   RO          260    .text.HAL_IncTick   stm32f1xx_hal.o
    0x08001772   0x08001772   0x00000002   PAD
    0x08001774   0x08001774   0x00000026   Code   RO          250    .text.HAL_Init      stm32f1xx_hal.o
    0x0800179a   0x0800179a   0x00000002   PAD
    0x0800179c   0x0800179c   0x00000048   Code   RO          252    .text.HAL_InitTick  stm32f1xx_hal.o
    0x080017e4   0x080017e4   0x00000042   Code   RO           89    .text.HAL_MspInit   stm32f1xx_hal_msp.o
    0x08001826   0x08001826   0x00000002   PAD
    0x08001828   0x08001828   0x00000056   Code   RO          420    .text.HAL_NVIC_SetPriority  stm32f1xx_hal_cortex.o
    0x0800187e   0x0800187e   0x00000002   PAD
    0x08001880   0x08001880   0x00000020   Code   RO          418    .text.HAL_NVIC_SetPriorityGrouping  stm32f1xx_hal_cortex.o
    0x080018a0   0x080018a0   0x000001ba   Code   RO          314    .text.HAL_RCC_ClockConfig  stm32f1xx_hal_rcc.o
    0x08001a5a   0x08001a5a   0x00000002   PAD
    0x08001a5c   0x08001a5c   0x00000026   Code   RO          326    .text.HAL_RCC_GetPCLK1Freq  stm32f1xx_hal_rcc.o
    0x08001a82   0x08001a82   0x00000002   PAD
    0x08001a84   0x08001a84   0x00000026   Code   RO          328    .text.HAL_RCC_GetPCLK2Freq  stm32f1xx_hal_rcc.o
    0x08001aaa   0x08001aaa   0x00000002   PAD
    0x08001aac   0x08001aac   0x00000400   Code   RO          312    .text.HAL_RCC_OscConfig  stm32f1xx_hal_rcc.o
    0x08001eac   0x08001eac   0x0000002c   Code   RO          430    .text.HAL_SYSTICK_Config  stm32f1xx_hal_cortex.o
    0x08001ed8   0x08001ed8   0x000000e2   Code   RO          583    .text.HAL_UART_Init  stm32f1xx_hal_uart.o
    0x08001fba   0x08001fba   0x00000002   PAD
    0x08001fbc   0x08001fbc   0x0000007a   Code   RO           51    .text.HAL_UART_MspInit  usart.o
    0x08002036   0x08002036   0x00000002   PAD
    0x08002038   0x08002038   0x00000192   Code   RO          597    .text.HAL_UART_Transmit  stm32f1xx_hal_uart.o
    0x080021ca   0x080021ca   0x00000002   PAD
    0x080021cc   0x080021cc   0x00000002   Code   RO           66    .text.HardFault_Handler  stm32f1xx_it.o
    0x080021ce   0x080021ce   0x00000002   PAD
    0x080021d0   0x080021d0   0x000000ba   Code   RO          126    .text.I2C_WaitOnBTFFlagUntilTimeout  stm32f1xx_hal_i2c.o
    0x0800228a   0x0800228a   0x00000002   PAD
    0x0800228c   0x0800228c   0x000001ca   Code   RO          122    .text.I2C_WaitOnFlagUntilTimeout  stm32f1xx_hal_i2c.o
    0x08002456   0x08002456   0x00000002   PAD
    0x08002458   0x08002458   0x000000d6   Code   RO          240    .text.I2C_WaitOnMasterAddressFlagUntilTimeout  stm32f1xx_hal_i2c.o
    0x0800252e   0x0800252e   0x00000002   PAD
    0x08002530   0x08002530   0x00000090   Code   RO          130    .text.I2C_WaitOnRXNEFlagUntilTimeout  stm32f1xx_hal_i2c.o
    0x080025c0   0x080025c0   0x000000ba   Code   RO          124    .text.I2C_WaitOnTXEFlagUntilTimeout  stm32f1xx_hal_i2c.o
    0x0800267a   0x0800267a   0x00000002   PAD
    0x0800267c   0x0800267c   0x00000032   Code   RO           26    .text.MX_GPIO_Init  gpio.o
    0x080026ae   0x080026ae   0x00000002   PAD
    0x080026b0   0x080026b0   0x00000042   Code   RO           34    .text.MX_I2C1_Init  i2c.o
    0x080026f2   0x080026f2   0x00000002   PAD
    0x080026f4   0x080026f4   0x0000003c   Code   RO           49    .text.MX_USART2_UART_Init  usart.o
    0x08002730   0x08002730   0x00000002   Code   RO           68    .text.MemManage_Handler  stm32f1xx_it.o
    0x08002732   0x08002732   0x00000002   PAD
    0x08002734   0x08002734   0x00000002   Code   RO           64    .text.NMI_Handler   stm32f1xx_it.o
    0x08002736   0x08002736   0x00000002   PAD
    0x08002738   0x08002738   0x00000202   Code   RO          754    .text.OLED_Init     oled.o
    0x0800293a   0x0800293a   0x00000002   PAD
    0x0800293c   0x0800293c   0x00000014   Code   RO          762    .text.OLED_NewFrame  oled.o
    0x08002950   0x08002950   0x0000014a   Code   RO          802    .text.OLED_PrintString  oled.o
    0x08002a9a   0x08002a9a   0x00000002   PAD
    0x08002a9c   0x08002a9c   0x00000100   Code   RO          772    .text.OLED_SetBits_Fine  oled.o
    0x08002b9c   0x08002b9c   0x000005f6   Code   RO          776    .text.OLED_SetBlock  oled.o
    0x08003192   0x08003192   0x00000002   PAD
    0x08003194   0x08003194   0x000002be   Code   RO          764    .text.OLED_ShowFrame  oled.o
    0x08003452   0x08003452   0x00000002   PAD
    0x08003454   0x08003454   0x00000002   Code   RO           78    .text.PendSV_Handler  stm32f1xx_it.o
    0x08003456   0x08003456   0x00000002   PAD
    0x08003458   0x08003458   0x00000002   Code   RO           74    .text.SVC_Handler   stm32f1xx_it.o
    0x0800345a   0x0800345a   0x00000002   PAD
    0x0800345c   0x0800345c   0x00000004   Code   RO           80    .text.SysTick_Handler  stm32f1xx_it.o
    0x08003460   0x08003460   0x00000002   Code   RO          703    .text.SystemInit    system_stm32f1xx.o
    0x08003462   0x08003462   0x00000002   PAD
    0x08003464   0x08003464   0x00000002   Code   RO           72    .text.UsageFault_Handler  stm32f1xx_it.o
    0x08003466   0x08003466   0x00000002   PAD
    0x08003468   0x08003468   0x00000168   Code   RO           11    .text.main          main.o
    0x080035d0   0x080035d0   0x0000003e   Code   RO          942    CL$$btod_d2e        c_w.l(btod.o)
    0x0800360e   0x0800360e   0x00000046   Code   RO          944    CL$$btod_d2e_denorm_low  c_w.l(btod.o)
    0x08003654   0x08003654   0x00000060   Code   RO          943    CL$$btod_d2e_norm_op1  c_w.l(btod.o)
    0x080036b4   0x080036b4   0x00000338   Code   RO          952    CL$$btod_div_common  c_w.l(btod.o)
    0x080039ec   0x080039ec   0x000000dc   Code   RO          949    CL$$btod_e2e        c_w.l(btod.o)
    0x08003ac8   0x08003ac8   0x0000002a   Code   RO          946    CL$$btod_ediv       c_w.l(btod.o)
    0x08003af2   0x08003af2   0x0000002a   Code   RO          945    CL$$btod_emul       c_w.l(btod.o)
    0x08003b1c   0x08003b1c   0x00000244   Code   RO          951    CL$$btod_mult_common  c_w.l(btod.o)
    0x08003d60   0x08003d60   0x00000028   Code   RO          971    i.__ARM_fpclassify  m_ws.l(fpclassify.o)
    0x08003d88   0x08003d88   0x0000000e   Code   RO          832    i._is_digit         c_w.l(__printf_wp.o)
    0x08003d96   0x08003d96   0x00000002   PAD
    0x08003d98   0x08003d98   0x0000002c   Code   RO          967    locale$$code        c_w.l(lc_numeric_c.o)
    0x08003dc4   0x08003dc4   0x0000000c   Code   RO          906    x$fpl$dretinf       fz_ws.l(dretinf.o)
    0x08003dd0   0x08003dd0   0x00000056   Code   RO          874    x$fpl$f2d           fz_ws.l(f2d.o)
    0x08003e26   0x08003e26   0x00000002   PAD
    0x08003e28   0x08003e28   0x000000c4   Code   RO          876    x$fpl$fadd          fz_ws.l(faddsub_clz.o)
    0x08003eec   0x08003eec   0x00000026   Code   RO          882    x$fpl$ffltu         fz_ws.l(fflt_clz.o)
    0x08003f12   0x08003f12   0x00000002   PAD
    0x08003f14   0x08003f14   0x00000102   Code   RO          888    x$fpl$fmul          fz_ws.l(fmul.o)
    0x08004016   0x08004016   0x0000008c   Code   RO          908    x$fpl$fnaninf       fz_ws.l(fnaninf.o)
    0x080040a2   0x080040a2   0x0000000a   Code   RO          910    x$fpl$fretinf       fz_ws.l(fretinf.o)
    0x080040ac   0x080040ac   0x000000ea   Code   RO          878    x$fpl$fsub          fz_ws.l(faddsub_clz.o)
    0x08004196   0x08004196   0x00000004   Code   RO          890    x$fpl$printf1       fz_ws.l(printf1.o)
    0x0800419a   0x0800419a   0x00000000   Code   RO          912    x$fpl$usenofp       fz_ws.l(usenofp.o)
    0x0800419a   0x0800419a   0x00000002   PAD
    0x0800419c   0x0800419c   0x00000094   Data   RO          940    .constdata          c_w.l(bigflt0.o)
    0x08004230   0x08004230   0x00000010   Data   RO          708    .rodata.AHBPrescTable  system_stm32f1xx.o
    0x08004240   0x08004240   0x00000008   Data   RO          709    .rodata.APBPrescTable  system_stm32f1xx.o
    0x08004248   0x08004248   0x00000002   Data   RO          339    .rodata.HAL_RCC_GetSysClockFreq.aPredivFactorTable  stm32f1xx_hal_rcc.o
    0x0800424a   0x0800424a   0x00000002   PAD
    0x0800424c   0x0800424c   0x00000008   Data   RO          736    .rodata.afont16x8   font.o
    0x08004254   0x08004254   0x000005f0   Data   RO          735    .rodata.ascii_16x8  font.o
    0x08004844   0x08004844   0x00000010   Data   RO          338    .rodata.cst16       stm32f1xx_hal_rcc.o
    0x08004854   0x08004854   0x00000010   Data   RO          740    .rodata.font16x16   font.o
    0x08004864   0x08004864   0x00000090   Data   RO          739    .rodata.zh16x16     font.o
    0x080048f4   0x080048f4   0x00000020   Data   RO         1125    Region$$Table       anon$$obj.o
    0x08004914   0x08004914   0x0000001c   Data   RO          966    locale$$data        c_w.l(lc_numeric_c.o)


    Execution Region RW_IRAM1 (Exec base: 0x20000000, Load base: 0x08004930, Size: 0x00000b98, Max: 0x00005000, ABSOLUTE)

    Exec Addr    Load Addr    Size         Type   Attr      Idx    E Section Name        Object

    0x20000000   0x08004930   0x00000008   Data   RW          301    .data..L_MergedGlobals  stm32f1xx_hal.o
    0x20000008   0x08004938   0x00000004   Data   RW          707    .data.SystemCoreClock  system_stm32f1xx.o
    0x2000000c   0x0800493c   0x00000004   PAD
    0x20000010        -       0x00000060   Zero   RW          974    .bss                c_w.l(libspace.o)
    0x20000070        -       0x00000400   Zero   RW          805    .bss.OLED_GRAM      oled.o
    0x20000470        -       0x00000002   Zero   RW          804    .bss.OLED_SendCmd.sendBuffer  oled.o
    0x20000472        -       0x00000081   Zero   RW          806    .bss.OLED_ShowFrame.sendBuffer  oled.o
    0x200004f3   0x0800493c   0x00000001   PAD
    0x200004f4        -       0x00000054   Zero   RW           40    .bss.hi2c1          i2c.o
    0x20000548        -       0x00000048   Zero   RW           55    .bss.huart2         usart.o
    0x20000590        -       0x00000004   Zero   RW          300    .bss.uwTick         stm32f1xx_hal.o
    0x20000594   0x0800493c   0x00000004   PAD
    0x20000598        -       0x00000200   Zero   RW            2    HEAP                startup_stm32f103xb.o
    0x20000798        -       0x00000400   Zero   RW            1    STACK               startup_stm32f103xb.o


==============================================================================

Image component sizes


      Code (inc. data)   RO Data    RW Data    ZI Data      Debug   Object Name

       242          0          0          0          0       2175   aht20.o
         0          0       1688          0          0       1347   font.o
        50          0          0          0          0        957   gpio.o
       172          0          0          0         84       4515   i2c.o
       370         72          0          0          0       3483   main.o
      3348          0          0          0       1155      33617   oled.o
        64         26        236          0       1536        812   startup_stm32f103xb.o
       188          0          0          8          4       5801   stm32f1xx_hal.o
       162          0          0          0          0       8456   stm32f1xx_hal_cortex.o
       526         22          0          0          0       4798   stm32f1xx_hal_gpio.o
      3044          0          0          0          0      45150   stm32f1xx_hal_i2c.o
        66          0          0          0          0       1242   stm32f1xx_hal_msp.o
      1542          0         18          0          0       8109   stm32f1xx_hal_rcc.o
       628          0          0          0          0      33194   stm32f1xx_hal_uart.o
        20          0          0          0          0       1173   stm32f1xx_it.o
         2          0         24          4          0       1620   system_stm32f1xx.o
       182          0          0          0         72       4359   usart.o

    ----------------------------------------------------------------------
     10672        120       2000         12       2860     160808   Object Totals
         0          0         32          0          0          0   (incl. Generated)
        66          0          2          0          9          0   (incl. Padding)

    ----------------------------------------------------------------------

      Code (inc. data)   RO Data    RW Data    ZI Data      Debug   Library Member Name

         8          0          0          0          0         68   __main.o
       284          0          0          0          0        156   __printf_wp.o
         0          0          0          0          0          0   __rtentry.o
        12          0          0          0          0          0   __rtentry2.o
         6          0          0          0          0          0   __rtentry4.o
        94          8          0          0          0          0   __scatter.o
        26          0          0          0          0          0   __scatter_copy.o
        28          0          0          0          0          0   __scatter_zi.o
        48          6          0          0          0         96   _printf_char_common.o
         6          0          0          0          0          0   _printf_f.o
      1052          0          0          0          0        148   _printf_fp_dec.o
       128         16          0          0          0         84   _printf_fp_infnan.o
         0          0          0          0          0          0   _printf_percent.o
         4          0          0          0          0          0   _printf_percent_end.o
        10          0          0          0          0         68   _sputc.o
       228          4        148          0          0         96   bigflt0.o
      1936        128          0          0          0        668   btod.o
        18          0          0          0          0         80   exit.o
         6          0          0          0          0        152   heapauxi.o
         0          0          0          0          0          0   indicate_semi.o
        44         10         28          0          0         76   lc_numeric_c.o
         2          0          0          0          0          0   libinit.o
        18          0          0          0          0          0   libinit2.o
         2          0          0          0          0          0   libshutdown.o
         2          0          0          0          0          0   libshutdown2.o
         8          4          0          0         96         68   libspace.o
       138          0          0          0          0         80   lludiv10.o
        88          0          0          0          0         76   memcmp.o
        40          6          0          0          0         84   noretval__2sprintf.o
         8          4          0          0          0         68   rt_locale_intlibspace.o
        78          0          0          0          0         80   rt_memclr_w.o
       138          0          0          0          0         68   rt_memcpy_v6.o
       100          0          0          0          0         80   rt_memcpy_w.o
         2          0          0          0          0          0   rtexit.o
        10          0          0          0          0          0   rtexit2.o
       128          0          0          0          0         68   strcmpv7m.o
        62          0          0          0          0         76   strlen.o
        12          4          0          0          0         68   sys_exit.o
        74          0          0          0          0         80   sys_stackheap_outer.o
         2          0          0          0          0         68   use_no_semi.o
        12          0          0          0          0         68   dretinf.o
        86          4          0          0          0         84   f2d.o
       430          8          0          0          0        168   faddsub_clz.o
        38          0          0          0          0         68   fflt_clz.o
       258          4          0          0          0         84   fmul.o
       140          4          0          0          0         84   fnaninf.o
        10          0          0          0          0         68   fretinf.o
         4          0          0          0          0         68   printf1.o
         0          0          0          0          0          0   usenofp.o
        40          0          0          0          0         68   fpclassify.o

    ----------------------------------------------------------------------
      5888        210        176          0         96       3416   Library Totals
        20          0          0          0          0          0   (incl. Padding)

    ----------------------------------------------------------------------

      Code (inc. data)   RO Data    RW Data    ZI Data      Debug   Library Name

      4850        190        176          0         96       2656   c_w.l
       978         20          0          0          0        692   fz_ws.l
        40          0          0          0          0         68   m_ws.l

    ----------------------------------------------------------------------
      5888        210        176          0         96       3416   Library Totals

    ----------------------------------------------------------------------

==============================================================================


      Code (inc. data)   RO Data    RW Data    ZI Data      Debug   

     16560        330       2176         12       2956     162084   Grand Totals
     16560        330       2176         12       2956     162084   ELF Image Totals
     16560        330       2176         12          0          0   ROM Totals

==============================================================================

    Total RO  Size (Code + RO Data)                18736 (  18.30kB)
    Total RW  Size (RW Data + ZI Data)              2968 (   2.90kB)
    Total ROM Size (Code + RO Data + RW Data)      18748 (  18.31kB)

==============================================================================

